Archive member included to satisfy reference by file (symbol)

/Applications/STM32CubeIDE.app/Contents/Eclipse/plugins/com.st.stm32cube.ide.mcu.externaltools.gnu-tools-for-stm32.13.3.rel1.macos64_1.0.0.202411102158/tools/bin/../lib/gcc/arm-none-eabi/13.3.1/../../../../arm-none-eabi/lib/thumb/v7e-m+fp/hard/libc_nano.a(libc_a-exit.o)
                              /Applications/STM32CubeIDE.app/Contents/Eclipse/plugins/com.st.stm32cube.ide.mcu.externaltools.gnu-tools-for-stm32.13.3.rel1.macos64_1.0.0.202411102158/tools/bin/../lib/gcc/arm-none-eabi/13.3.1/../../../../arm-none-eabi/lib/thumb/v7e-m+fp/hard/crt0.o (exit)
/Applications/STM32CubeIDE.app/Contents/Eclipse/plugins/com.st.stm32cube.ide.mcu.externaltools.gnu-tools-for-stm32.13.3.rel1.macos64_1.0.0.202411102158/tools/bin/../lib/gcc/arm-none-eabi/13.3.1/../../../../arm-none-eabi/lib/thumb/v7e-m+fp/hard/libc_nano.a(libc_a-findfp.o)
                              /Applications/STM32CubeIDE.app/Contents/Eclipse/plugins/com.st.stm32cube.ide.mcu.externaltools.gnu-tools-for-stm32.13.3.rel1.macos64_1.0.0.202411102158/tools/bin/../lib/gcc/arm-none-eabi/13.3.1/../../../../arm-none-eabi/lib/thumb/v7e-m+fp/hard/libc_nano.a(libc_a-exit.o) (__stdio_exit_handler)
/Applications/STM32CubeIDE.app/Contents/Eclipse/plugins/com.st.stm32cube.ide.mcu.externaltools.gnu-tools-for-stm32.13.3.rel1.macos64_1.0.0.202411102158/tools/bin/../lib/gcc/arm-none-eabi/13.3.1/../../../../arm-none-eabi/lib/thumb/v7e-m+fp/hard/libc_nano.a(libc_a-fwalk.o)
                              /Applications/STM32CubeIDE.app/Contents/Eclipse/plugins/com.st.stm32cube.ide.mcu.externaltools.gnu-tools-for-stm32.13.3.rel1.macos64_1.0.0.202411102158/tools/bin/../lib/gcc/arm-none-eabi/13.3.1/../../../../arm-none-eabi/lib/thumb/v7e-m+fp/hard/libc_nano.a(libc_a-findfp.o) (_fwalk_sglue)
/Applications/STM32CubeIDE.app/Contents/Eclipse/plugins/com.st.stm32cube.ide.mcu.externaltools.gnu-tools-for-stm32.13.3.rel1.macos64_1.0.0.202411102158/tools/bin/../lib/gcc/arm-none-eabi/13.3.1/../../../../arm-none-eabi/lib/thumb/v7e-m+fp/hard/libc_nano.a(libc_a-memset.o)
                              /Applications/STM32CubeIDE.app/Contents/Eclipse/plugins/com.st.stm32cube.ide.mcu.externaltools.gnu-tools-for-stm32.13.3.rel1.macos64_1.0.0.202411102158/tools/bin/../lib/gcc/arm-none-eabi/13.3.1/../../../../arm-none-eabi/lib/thumb/v7e-m+fp/hard/crt0.o (memset)
/Applications/STM32CubeIDE.app/Contents/Eclipse/plugins/com.st.stm32cube.ide.mcu.externaltools.gnu-tools-for-stm32.13.3.rel1.macos64_1.0.0.202411102158/tools/bin/../lib/gcc/arm-none-eabi/13.3.1/../../../../arm-none-eabi/lib/thumb/v7e-m+fp/hard/libc_nano.a(libc_a-errno.o)
                              ./Core/Src/syscalls.o (__errno)
/Applications/STM32CubeIDE.app/Contents/Eclipse/plugins/com.st.stm32cube.ide.mcu.externaltools.gnu-tools-for-stm32.13.3.rel1.macos64_1.0.0.202411102158/tools/bin/../lib/gcc/arm-none-eabi/13.3.1/../../../../arm-none-eabi/lib/thumb/v7e-m+fp/hard/libc_nano.a(libc_a-init.o)
                              /Applications/STM32CubeIDE.app/Contents/Eclipse/plugins/com.st.stm32cube.ide.mcu.externaltools.gnu-tools-for-stm32.13.3.rel1.macos64_1.0.0.202411102158/tools/bin/../lib/gcc/arm-none-eabi/13.3.1/../../../../arm-none-eabi/lib/thumb/v7e-m+fp/hard/crt0.o (__libc_init_array)
/Applications/STM32CubeIDE.app/Contents/Eclipse/plugins/com.st.stm32cube.ide.mcu.externaltools.gnu-tools-for-stm32.13.3.rel1.macos64_1.0.0.202411102158/tools/bin/../lib/gcc/arm-none-eabi/13.3.1/../../../../arm-none-eabi/lib/thumb/v7e-m+fp/hard/libc_nano.a(libc_a-lock.o)
                              /Applications/STM32CubeIDE.app/Contents/Eclipse/plugins/com.st.stm32cube.ide.mcu.externaltools.gnu-tools-for-stm32.13.3.rel1.macos64_1.0.0.202411102158/tools/bin/../lib/gcc/arm-none-eabi/13.3.1/../../../../arm-none-eabi/lib/thumb/v7e-m+fp/hard/libc_nano.a(libc_a-findfp.o) (__retarget_lock_init_recursive)
/Applications/STM32CubeIDE.app/Contents/Eclipse/plugins/com.st.stm32cube.ide.mcu.externaltools.gnu-tools-for-stm32.13.3.rel1.macos64_1.0.0.202411102158/tools/bin/../lib/gcc/arm-none-eabi/13.3.1/../../../../arm-none-eabi/lib/thumb/v7e-m+fp/hard/libc_nano.a(libc_a-impure.o)
                              /Applications/STM32CubeIDE.app/Contents/Eclipse/plugins/com.st.stm32cube.ide.mcu.externaltools.gnu-tools-for-stm32.13.3.rel1.macos64_1.0.0.202411102158/tools/bin/../lib/gcc/arm-none-eabi/13.3.1/../../../../arm-none-eabi/lib/thumb/v7e-m+fp/hard/libc_nano.a(libc_a-errno.o) (_impure_ptr)
/Applications/STM32CubeIDE.app/Contents/Eclipse/plugins/com.st.stm32cube.ide.mcu.externaltools.gnu-tools-for-stm32.13.3.rel1.macos64_1.0.0.202411102158/tools/bin/../lib/gcc/arm-none-eabi/13.3.1/../../../../arm-none-eabi/lib/thumb/v7e-m+fp/hard/libc_nano.a(libc_a-memcpy-stub.o)
                              ./Core/Src/serial.o (memcpy)
[...]
Memory Configuration

Name             Origin             Length             Attributes
CCMRAM           0x10000000         0x00002000         xrw
RAM              0x20000000         0x0000a000         xrw
FLASH            0x08000000         0x00040000         xr
*default*        0x00000000         0xffffffff

Linker script and memory map

LOAD /Applications/STM32CubeIDE.app/Contents/Eclipse/plugins/com.st.stm32cube.ide.mcu.externaltools.gnu-tools-for-stm32.13.3.rel1.macos64_1.0.0.202411102158/tools/bin/../lib/gcc/arm-none-eabi/13.3.1/thumb/v7e-m+fp/hard/crti.o
LOAD /Applications/STM32CubeIDE.app/Contents/Eclipse/plugins/com.st.stm32cube.ide.mcu.externaltools.gnu-tools-for-stm32.13.3.rel1.macos64_1.0.0.202411102158/tools/bin/../lib/gcc/arm-none-eabi/13.3.1/thumb/v7e-m+fp/hard/crtbegin.o
LOAD /Applications/STM32CubeIDE.app/Contents/Eclipse/plugins/com.st.stm32cube.ide.mcu.externaltools.gnu-tools-for-stm32.13.3.rel1.macos64_1.0.0.202411102158/tools/bin/../lib/gcc/arm-none-eabi/13.3.1/../../../../arm-none-eabi/lib/thumb/v7e-m+fp/hard/crt0.o
LOAD ./Core/Src/gpio.o
LOAD ./Core/Src/main.o
LOAD ./Core/Src/serial.o
LOAD ./Core/Src/serialise.o
LOAD ./Core/Src/servo.o
LOAD ./Core/Src/stm32f3xx_hal_msp.o
LOAD ./Core/Src/stm32f3xx_it.o
LOAD ./Core/Src/syscalls.o
LOAD ./Core/Src/sysmem.o
LOAD ./Core/Src/system_stm32f3xx.o
LOAD ./Core/Startup/startup_stm32f303vctx.o
LOAD ./Drivers/STM32F3xx_HAL_Driver/Src/stm32f3xx_hal.o
LOAD ./Drivers/STM32F3xx_HAL_Driver/Src/stm32f3xx_hal_cortex.o
LOAD ./Drivers/STM32F3xx_HAL_Driver/Src/stm32f3xx_hal_dma.o
LOAD ./Drivers/STM32F3xx_HAL_Driver/Src/stm32f3xx_hal_exti.o
LOAD ./Drivers/STM32F3xx_HAL_Driver/Src/stm32f3xx_hal_flash.o
LOAD ./Drivers/STM32F3xx_HAL_Driver/Src/stm32f3xx_hal_flash_ex.o
LOAD ./Drivers/STM32F3xx_HAL_Driver/Src/stm32f3xx_hal_gpio.o
LOAD ./Drivers/STM32F3xx_HAL_Driver/Src/stm32f3xx_hal_i2c.o
LOAD ./Drivers/STM32F3xx_HAL_Driver/Src/stm32f3xx_hal_i2c_ex.o
LOAD ./Drivers/STM32F3xx_HAL_Driver/Src/stm32f3xx_hal_pcd.o
LOAD ./Drivers/STM32F3xx_HAL_Driver/Src/stm32f3xx_hal_pcd_ex.o
LOAD ./Drivers/STM32F3xx_HAL_Driver/Src/stm32f3xx_hal_pwr.o
LOAD ./Drivers/STM32F3xx_HAL_Driver/Src/stm32f3xx_hal_pwr_ex.o
LOAD ./Drivers/STM32F3xx_HAL_Driver/Src/stm32f3xx_hal_rcc.o
LOAD ./Drivers/STM32F3xx_HAL_Driver/Src/stm32f3xx_hal_rcc_ex.o
LOAD ./Drivers/STM32F3xx_HAL_Driver/Src/stm32f3xx_hal_spi.o
LOAD ./Drivers/STM32F3xx_HAL_Driver/Src/stm32f3xx_hal_spi_ex.o
LOAD ./Drivers/STM32F3xx_HAL_Driver/Src/stm32f3xx_ll_usb.o
START GROUP
LOAD /Applications/STM32CubeIDE.app/Contents/Eclipse/plugins/com.st.stm32cube.ide.mcu.externaltools.gnu-tools-for-stm32.13.3.rel1.macos64_1.0.0.202411102158/tools/bin/../lib/gcc/arm-none-eabi/13.3.1/../../../../arm-none-eabi/lib/thumb/v7e-m+fp/hard/libc_nano.a
LOAD /Applications/STM32CubeIDE.app/Contents/Eclipse/plugins/com.st.stm32cube.ide.mcu.externaltools.gnu-tools-for-stm32.13.3.rel1.macos64_1.0.0.202411102158/tools/bin/../lib/gcc/arm-none-eabi/13.3.1/../../../../arm-none-eabi/lib/thumb/v7e-m+fp/hard/libm.a
END GROUP
START GROUP
LOAD /Applications/STM32CubeIDE.app/Contents/Eclipse/plugins/com.st.stm32cube.ide.mcu.externaltools.gnu-tools-for-stm32.13.3.rel1.macos64_1.0.0.202411102158/tools/bin/../lib/gcc/arm-none-eabi/13.3.1/thumb/v7e-m+fp/hard/libgcc.a
LOAD /Applications/STM32CubeIDE.app/Contents/Eclipse/plugins/com.st.stm32cube.ide.mcu.externaltools.gnu-tools-for-stm32.13.3.rel1.macos64_1.0.0.202411102158/tools/bin/../lib/gcc/arm-none-eabi/13.3.1/../../../../arm-none-eabi/lib/thumb/v7e-m+fp/hard/libc_nano.a
END GROUP
START GROUP
LOAD /Applications/STM32CubeIDE.app/Contents/Eclipse/plugins/com.st.stm32cube.ide.mcu.externaltools.gnu-tools-for-stm32.13.3.rel1.macos64_1.0.0.202411102158/tools/bin/../lib/gcc/arm-none-eabi/13.3.1/thumb/v7e-m+fp/hard/libgcc.a
LOAD /Applications/STM32CubeIDE.app/Contents/Eclipse/plugins/com.st.stm32cube.ide.mcu.externaltools.gnu-tools-for-stm32.13.3.rel1.macos64_1.0.0.202411102158/tools/bin/../lib/gcc/arm-none-eabi/13.3.1/../../../../arm-none-eabi/lib/thumb/v7e-m+fp/hard/libc_nano.a
LOAD /Applications/STM32CubeIDE.app/Contents/Eclipse/plugins/com.st.stm32cube.ide.mcu.externaltools.gnu-tools-for-stm32.13.3.rel1.macos64_1.0.0.202411102158/tools/bin/../lib/gcc/arm-none-eabi/13.3.1/../../../../arm-none-eabi/lib/thumb/v7e-m+fp/hard/libnosys.a
END GROUP
START GROUP
LOAD /Applications/STM32CubeIDE.app/Contents/Eclipse/plugins/com.st.stm32cube.ide.mcu.externaltools.gnu-tools-for-stm32.13.3.rel1.macos64_1.0.0.202411102158/tools/bin/../lib/gcc/arm-none-eabi/13.3.1/thumb/v7e-m+fp/hard/libgcc.a
LOAD /Applications/STM32CubeIDE.app/Contents/Eclipse/plugins/com.st.stm32cube.ide.mcu.externaltools.gnu-tools-for-stm32.13.3.rel1.macos64_1.0.0.202411102158/tools/bin/../lib/gcc/arm-none-eabi/13.3.1/../../../../arm-none-eabi/lib/thumb/v7e-m+fp/hard/libc_nano.a
LOAD /Applications/STM32CubeIDE.app/Contents/Eclipse/plugins/com.st.stm32cube.ide.mcu.externaltools.gnu-tools-for-stm32.13.3.rel1.macos64_1.0.0.202411102158/tools/bin/../lib/gcc/arm-none-eabi/13.3.1/../../../../arm-none-eabi/lib/thumb/v7e-m+fp/hard/libnosys.a
END GROUP
LOAD /Applications/STM32CubeIDE.app/Contents/Eclipse/plugins/com.st.stm32cube.ide.mcu.externaltools.gnu-tools-for-stm32.13.3.rel1.macos64_1.0.0.202411102158/tools/bin/../lib/gcc/arm-none-eabi/13.3.1/thumb/v7e-m+fp/hard/crtend.o
LOAD /Applications/STM32CubeIDE.app/Contents/Eclipse/plugins/com.st.stm32cube.ide.mcu.externaltools.gnu-tools-for-stm32.13.3.rel1.macos64_1.0.0.202411102158/tools/bin/../lib/gcc/arm-none-eabi/13.3.1/thumb/v7e-m+fp/hard/crtn.o
                0x2000a000                        _estack = (ORIGIN (RAM) + LENGTH (RAM))
                0x00000200                        _Min_Heap_Size = 0x200
                0x00000400                        _Min_Stack_Size = 0x400

.isr_vector     0x08000000      0x188
                0x08000000                        . = ALIGN (0x4)
 *(.isr_vector)
 .isr_vector    0x08000000      0x188 ./Core/Startup/startup_stm32f303vctx.o
                0x08000000                g_pfnVectors
                0x08000188                        . = ALIGN (0x4)

.text           0x08000188     0x3410
                0x08000188                        . = ALIGN (0x4)
 *(.text)
 .text          0x08000188       0x40 /Applications/STM32CubeIDE.app/Contents/Eclipse/plugins/com.st.stm32cube.ide.mcu.externaltools.gnu-tools-for-stm32.13.3.rel1.macos64_1.0.0.202411102158/tools/bin/../lib/gcc/arm-none-eabi/13.3.1/thumb/v7e-m+fp/hard/crtbegin.o
 *(.text*)
 .text.__NVIC_EnableIRQ
                0x080001c8       0x3c ./Core/Src/gpio.o
 .text.enable_clk
                0x08000204       0x94 ./Core/Src/gpio.o
 .text.GPIO_Init
                0x08000298       0x6e ./Core/Src/gpio.o
                0x08000298                GPIO_Init
 .text.GPIO_Write
                0x08000306       0x30 ./Core/Src/gpio.o
                0x08000306                GPIO_Write
 *fill*         0x08000336        0x2 
 .text.GPIO_EXTI_SetCallback
                0x08000338       0x20 ./Core/Src/gpio.o
                0x08000338                GPIO_EXTI_SetCallback
 .text.GPIO_EXTI_Init
                0x08000358      0x10c ./Core/Src/gpio.o
                0x08000358                GPIO_EXTI_Init
 .text.GPIO_EXTI_IRQHandler
                0x08000464       0x5c ./Core/Src/gpio.o
                0x08000464                GPIO_EXTI_IRQHandler
 .text.main     0x080004c0       0xc8 ./Core/Src/main.o
                0x080004c0                main
 .text.SystemClock_Config
                0x08000588       0xc4 ./Core/Src/main.o
                0x08000588                SystemClock_Config
 .text.MX_I2C1_Init
                0x0800064c       0x80 ./Core/Src/main.o
 .text.MX_SPI1_Init
                0x080006cc       0x7c ./Core/Src/main.o
 .text.MX_USB_PCD_Init
                0x08000748       0x44 ./Core/Src/main.o
 .text.updateLeds
                0x0800078c       0x60 ./Core/Src/main.o
 .text.my_exti_cb
                0x080007ec      0x18c ./Core/Src/main.o
 .text.Error_Handler
                0x08000978        0xc ./Core/Src/main.o
                0x08000978                Error_Handler
 .text.__NVIC_EnableIRQ
                0x08000984       0x3c ./Core/Src/serial.o
 .text.__NVIC_SetPriority
                0x080009c0       0x54 ./Core/Src/serial.o
 .text.SerialOutputBuffer
                0x08000a14       0x60 ./Core/Src/serial.o
                0x08000a14                SerialOutputBuffer
 .text.isRxQueueFull
                0x08000a74       0x3c ./Core/Src/serial.o
 .text.EnqueueRxMessage
                0x08000ab0       0x98 ./Core/Src/serial.o
 .text.SerialInitialise
                0x08000b48      0x104 ./Core/Src/serial.o
                0x08000b48                SerialInitialise
 .text.USART1_IRQHandler
                0x08000c4c      0x124 ./Core/Src/serial.o
                0x08000c4c                USART1_IRQHandler
 .text.pack_buffer
                0x08000d70       0xf0 ./Core/Src/serialise.o
                0x08000d70                pack_buffer
 .text.enableClocks
                0x08000e60       0x20 ./Core/Src/servo.o
                0x08000e60                enableClocks
 .text.setupGPIOPinsTim2
                0x08000e80       0x46 ./Core/Src/servo.o
                0x08000e80                setupGPIOPinsTim2
 *fill*         0x08000ec6        0x2 
 .text.setupTim2Pwm
                0x08000ec8       0xac ./Core/Src/servo.o
                0x08000ec8                setupTim2Pwm
 .text.servoAngle
                0x08000f74       0x88 ./Core/Src/servo.o
                0x08000f74                servoAngle
 .text.HAL_MspInit
                0x08000ffc       0x48 ./Core/Src/stm32f3xx_hal_msp.o
                0x08000ffc                HAL_MspInit
 .text.HAL_I2C_MspInit
                0x08001044       0x88 ./Core/Src/stm32f3xx_hal_msp.o
                0x08001044                HAL_I2C_MspInit
 .text.HAL_SPI_MspInit
                0x080010cc       0x84 ./Core/Src/stm32f3xx_hal_msp.o
                0x080010cc                HAL_SPI_MspInit
 .text.HAL_PCD_MspInit
                0x08001150       0x88 ./Core/Src/stm32f3xx_hal_msp.o
                0x08001150                HAL_PCD_MspInit
 .text.NMI_Handler
                0x080011d8        0x8 ./Core/Src/stm32f3xx_it.o
                0x080011d8                NMI_Handler
 .text.HardFault_Handler
                0x080011e0        0x8 ./Core/Src/stm32f3xx_it.o
                0x080011e0                HardFault_Handler
 .text.MemManage_Handler
                0x080011e8        0x8 ./Core/Src/stm32f3xx_it.o
                0x080011e8                MemManage_Handler
 .text.BusFault_Handler
                0x080011f0        0x8 ./Core/Src/stm32f3xx_it.o
                0x080011f0                BusFault_Handler
 .text.UsageFault_Handler
                0x080011f8        0x8 ./Core/Src/stm32f3xx_it.o
                0x080011f8                UsageFault_Handler
 .text.SVC_Handler
                0x08001200        0xe ./Core/Src/stm32f3xx_it.o
                0x08001200                SVC_Handler
 .text.DebugMon_Handler
                0x0800120e        0xe ./Core/Src/stm32f3xx_it.o
                0x0800120e                DebugMon_Handler
 .text.PendSV_Handler
                0x0800121c        0xe ./Core/Src/stm32f3xx_it.o
                0x0800121c                PendSV_Handler
 .text.SysTick_Handler
                0x0800122a        0xc ./Core/Src/stm32f3xx_it.o
                0x0800122a                SysTick_Handler
 .text.EXTI0_IRQHandler
                0x08001236        0xc ./Core/Src/stm32f3xx_it.o
                0x08001236                EXTI0_IRQHandler
 .text.EXTI2_TSC_IRQHandler
                0x08001242        0xc ./Core/Src/stm32f3xx_it.o
                0x08001242                EXTI2_TSC_IRQHandler
 *fill*         0x0800124e        0x2 
 .text.SystemInit
                0x08001250       0x24 ./Core/Src/system_stm32f3xx.o
                0x08001250                SystemInit
 .text.Reset_Handler
                0x08001274       0x50 ./Core/Startup/startup_stm32f303vctx.o
                0x08001274                Reset_Handler
 .text.Default_Handler
                0x080012c4        0x2 ./Core/Startup/startup_stm32f303vctx.o
                0x080012c4                TIM1_BRK_TIM15_IRQHandler
                0x080012c4                TIM8_TRG_COM_IRQHandler
                0x080012c4                TIM8_CC_IRQHandler
                0x080012c4                TIM1_CC_IRQHandler
                0x080012c4                USB_HP_IRQHandler
                0x080012c4                PVD_IRQHandler
                0x080012c4                TAMP_STAMP_IRQHandler
                0x080012c4                EXTI3_IRQHandler
                0x080012c4                USB_HP_CAN_TX_IRQHandler
                0x080012c4                I2C2_EV_IRQHandler
                0x080012c4                FPU_IRQHandler
                0x080012c4                TIM1_UP_TIM16_IRQHandler
                0x080012c4                ADC1_2_IRQHandler
                0x080012c4                SPI1_IRQHandler
                0x080012c4                CAN_SCE_IRQHandler
                0x080012c4                TIM6_DAC_IRQHandler
                0x080012c4                TIM8_UP_IRQHandler
                0x080012c4                DMA2_Channel2_IRQHandler
                0x080012c4                DMA1_Channel4_IRQHandler
                0x080012c4                USART3_IRQHandler
                0x080012c4                DMA1_Channel7_IRQHandler
                0x080012c4                UART5_IRQHandler
                0x080012c4                ADC3_IRQHandler
                0x080012c4                TIM4_IRQHandler
                0x080012c4                CAN_RX1_IRQHandler
                0x080012c4                DMA2_Channel1_IRQHandler
                0x080012c4                I2C1_EV_IRQHandler
                0x080012c4                DMA1_Channel6_IRQHandler
                0x080012c4                UART4_IRQHandler
                0x080012c4                DMA2_Channel4_IRQHandler
                0x080012c4                TIM3_IRQHandler
                0x080012c4                RCC_IRQHandler
                0x080012c4                DMA1_Channel1_IRQHandler
                0x080012c4                Default_Handler
                0x080012c4                USBWakeUp_RMP_IRQHandler
                0x080012c4                EXTI15_10_IRQHandler
                0x080012c4                TIM7_IRQHandler
                0x080012c4                EXTI9_5_IRQHandler
                0x080012c4                RTC_WKUP_IRQHandler
                0x080012c4                SPI2_IRQHandler
                0x080012c4                USB_LP_CAN_RX0_IRQHandler
                0x080012c4                DMA2_Channel5_IRQHandler
                0x080012c4                DMA1_Channel5_IRQHandler
                0x080012c4                USB_LP_IRQHandler
                0x080012c4                EXTI4_IRQHandler
                0x080012c4                TIM1_TRG_COM_TIM17_IRQHandler
                0x080012c4                DMA1_Channel3_IRQHandler
                0x080012c4                ADC4_IRQHandler
                0x080012c4                WWDG_IRQHandler
                0x080012c4                TIM2_IRQHandler
                0x080012c4                COMP7_IRQHandler
                0x080012c4                COMP1_2_3_IRQHandler
                0x080012c4                EXTI1_IRQHandler
                0x080012c4                USART2_IRQHandler
                0x080012c4                COMP4_5_6_IRQHandler
                0x080012c4                I2C2_ER_IRQHandler
                0x080012c4                DMA1_Channel2_IRQHandler
                0x080012c4                TIM8_BRK_IRQHandler
                0x080012c4                FLASH_IRQHandler
                0x080012c4                SPI3_IRQHandler
                0x080012c4                I2C1_ER_IRQHandler
                0x080012c4                USBWakeUp_IRQHandler
                0x080012c4                DMA2_Channel3_IRQHandler
                0x080012c4                RTC_Alarm_IRQHandler
 *fill*         0x080012c6        0x2 
 .text.HAL_Init
                0x080012c8       0x2c ./Drivers/STM32F3xx_HAL_Driver/Src/stm32f3xx_hal.o
                0x080012c8                HAL_Init
 .text.HAL_InitTick
                0x080012f4       0x60 ./Drivers/STM32F3xx_HAL_Driver/Src/stm32f3xx_hal.o
                0x080012f4                HAL_InitTick
 .text.HAL_IncTick
                0x08001354       0x28 ./Drivers/STM32F3xx_HAL_Driver/Src/stm32f3xx_hal.o
                0x08001354                HAL_IncTick
 .text.HAL_GetTick
                0x0800137c       0x18 ./Drivers/STM32F3xx_HAL_Driver/Src/stm32f3xx_hal.o
                0x0800137c                HAL_GetTick
 .text.__NVIC_SetPriorityGrouping
                0x08001394       0x48 ./Drivers/STM32F3xx_HAL_Driver/Src/stm32f3xx_hal_cortex.o
 .text.__NVIC_GetPriorityGrouping
                0x080013dc       0x1c ./Drivers/STM32F3xx_HAL_Driver/Src/stm32f3xx_hal_cortex.o
 .text.__NVIC_SetPriority
                0x080013f8       0x54 ./Drivers/STM32F3xx_HAL_Driver/Src/stm32f3xx_hal_cortex.o
 .text.NVIC_EncodePriority
                0x0800144c       0x66 ./Drivers/STM32F3xx_HAL_Driver/Src/stm32f3xx_hal_cortex.o
 *fill*         0x080014b2        0x2 
 .text.SysTick_Config
                0x080014b4       0x44 ./Drivers/STM32F3xx_HAL_Driver/Src/stm32f3xx_hal_cortex.o
 .text.HAL_NVIC_SetPriorityGrouping
                0x080014f8       0x16 ./Drivers/STM32F3xx_HAL_Driver/Src/stm32f3xx_hal_cortex.o
                0x080014f8                HAL_NVIC_SetPriorityGrouping
 .text.HAL_NVIC_SetPriority
                0x0800150e       0x38 ./Drivers/STM32F3xx_HAL_Driver/Src/stm32f3xx_hal_cortex.o
                0x0800150e                HAL_NVIC_SetPriority
 .text.HAL_SYSTICK_Config
                0x08001546       0x18 ./Drivers/STM32F3xx_HAL_Driver/Src/stm32f3xx_hal_cortex.o
                0x08001546                HAL_SYSTICK_Config
 *fill*         0x0800155e        0x2 
 .text.HAL_GPIO_Init
                0x08001560      0x2f4 ./Drivers/STM32F3xx_HAL_Driver/Src/stm32f3xx_hal_gpio.o
                0x08001560                HAL_GPIO_Init
 .text.HAL_I2C_Init
                0x08001854      0x136 ./Drivers/STM32F3xx_HAL_Driver/Src/stm32f3xx_hal_i2c.o
                0x08001854                HAL_I2C_Init
 .text.HAL_I2CEx_ConfigAnalogFilter
                0x0800198a       0x96 ./Drivers/STM32F3xx_HAL_Driver/Src/stm32f3xx_hal_i2c_ex.o
                0x0800198a                HAL_I2CEx_ConfigAnalogFilter
 .text.HAL_I2CEx_ConfigDigitalFilter
                0x08001a20       0x98 ./Drivers/STM32F3xx_HAL_Driver/Src/stm32f3xx_hal_i2c_ex.o
                0x08001a20                HAL_I2CEx_ConfigDigitalFilter
 .text.HAL_PCD_Init
                0x08001ab8      0x18e ./Drivers/STM32F3xx_HAL_Driver/Src/stm32f3xx_hal_pcd.o
                0x08001ab8                HAL_PCD_Init
 *fill*         0x08001c46        0x2 
 .text.HAL_RCC_OscConfig
                0x08001c48     0x101c ./Drivers/STM32F3xx_HAL_Driver/Src/stm32f3xx_hal_rcc.o
                0x08001c48                HAL_RCC_OscConfig
 .text.HAL_RCC_ClockConfig
                0x08002c64      0x2dc ./Drivers/STM32F3xx_HAL_Driver/Src/stm32f3xx_hal_rcc.o
                0x08002c64                HAL_RCC_ClockConfig
 .text.HAL_RCC_GetSysClockFreq
                0x08002f40       0xa8 ./Drivers/STM32F3xx_HAL_Driver/Src/stm32f3xx_hal_rcc.o
                0x08002f40                HAL_RCC_GetSysClockFreq
 .text.HAL_RCCEx_PeriphCLKConfig
                0x08002fe8      0x35c ./Drivers/STM32F3xx_HAL_Driver/Src/stm32f3xx_hal_rcc_ex.o
                0x08002fe8                HAL_RCCEx_PeriphCLKConfig
 .text.HAL_SPI_Init
                0x08003344      0x156 ./Drivers/STM32F3xx_HAL_Driver/Src/stm32f3xx_hal_spi.o
                0x08003344                HAL_SPI_Init
 .text.USB_DisableGlobalInt
                0x0800349a       0x36 ./Drivers/STM32F3xx_HAL_Driver/Src/stm32f3xx_ll_usb.o
                0x0800349a                USB_DisableGlobalInt
 .text.USB_DevInit
                0x080034d0       0x3c ./Drivers/STM32F3xx_HAL_Driver/Src/stm32f3xx_ll_usb.o
                0x080034d0                USB_DevInit
 .text.memset   0x0800350c       0x10 /Applications/STM32CubeIDE.app/Contents/Eclipse/plugins/com.st.stm32cube.ide.mcu.externaltools.gnu-tools-for-stm32.13.3.rel1.macos64_1.0.0.202411102158/tools/bin/../lib/gcc/arm-none-eabi/13.3.1/../../../../arm-none-eabi/lib/thumb/v7e-m+fp/hard/libc_nano.a(libc_a-memset.o)
                0x0800350c                memset
 .text.__libc_init_array
                0x0800351c       0x48 /Applications/STM32CubeIDE.app/Contents/Eclipse/plugins/com.st.stm32cube.ide.mcu.externaltools.gnu-tools-for-stm32.13.3.rel1.macos64_1.0.0.202411102158/tools/bin/../lib/gcc/arm-none-eabi/13.3.1/../../../../arm-none-eabi/lib/thumb/v7e-m+fp/hard/libc_nano.a(libc_a-init.o)
                0x0800351c                __libc_init_array
 .text.memcpy   0x08003564       0x1c /Applications/STM32CubeIDE.app/Contents/Eclipse/plugins/com.st.stm32cube.ide.mcu.externaltools.gnu-tools-for-stm32.13.3.rel1.macos64_1.0.0.202411102158/tools/bin/../lib/gcc/arm-none-eabi/13.3.1/../../../../arm-none-eabi/lib/thumb/v7e-m+fp/hard/libc_nano.a(libc_a-memcpy-stub.o)
                0x08003564                memcpy
 *(.glue_7)
 .glue_7        0x08003580        0x0 linker stubs
 *(.glue_7t)
 .glue_7t       0x08003580        0x0 linker stubs
 *(.eh_frame)
 .eh_frame      0x08003580        0x0 /Applications/STM32CubeIDE.app/Contents/Eclipse/plugins/com.st.stm32cube.ide.mcu.externaltools.gnu-tools-for-stm32.13.3.rel1.macos64_1.0.0.202411102158/tools/bin/../lib/gcc/arm-none-eabi/13.3.1/thumb/v7e-m+fp/hard/crtbegin.o
 *(.init)
 .init          0x08003580        0x4 /Applications/STM32CubeIDE.app/Contents/Eclipse/plugins/com.st.stm32cube.ide.mcu.externaltools.gnu-tools-for-stm32.13.3.rel1.macos64_1.0.0.202411102158/tools/bin/../lib/gcc/arm-none-eabi/13.3.1/thumb/v7e-m+fp/hard/crti.o
                0x08003580                _init
 .init          0x08003584        0x8 /Applications/STM32CubeIDE.app/Contents/Eclipse/plugins/com.st.stm32cube.ide.mcu.externaltools.gnu-tools-for-stm32.13.3.rel1.macos64_1.0.0.202411102158/tools/bin/../lib/gcc/arm-none-eabi/13.3.1/thumb/v7e-m+fp/hard/crtn.o
 *(.fini)
 .fini          0x0800358c        0x4 /Applications/STM32CubeIDE.app/Contents/Eclipse/plugins/com.st.stm32cube.ide.mcu.externaltools.gnu-tools-for-stm32.13.3.rel1.macos64_1.0.0.202411102158/tools/bin/../lib/gcc/arm-none-eabi/13.3.1/thumb/v7e-m+fp/hard/crti.o
                0x0800358c                _fini
 .fini          0x08003590        0x8 /Applications/STM32CubeIDE.app/Contents/Eclipse/plugins/com.st.stm32cube.ide.mcu.externaltools.gnu-tools-for-stm32.13.3.rel1.macos64_1.0.0.202411102158/tools/bin/../lib/gcc/arm-none-eabi/13.3.1/thumb/v7e-m+fp/hard/crtn.o
                0x08003598                        . = ALIGN (0x4)
                0x08003598                        _etext = .

.vfp11_veneer   0x08003598        0x0
 .vfp11_veneer  0x08003598        0x0 linker stubs

.v4_bx          0x08003598        0x0
 .v4_bx         0x08003598        0x0 linker stubs

.iplt           0x08003598        0x0
 .iplt          0x08003598        0x0 /Applications/STM32CubeIDE.app/Contents/Eclipse/plugins/com.st.stm32cube.ide.mcu.externaltools.gnu-tools-for-stm32.13.3.rel1.macos64_1.0.0.202411102158/tools/bin/../lib/gcc/arm-none-eabi/13.3.1/thumb/v7e-m+fp/hard/crtbegin.o

.rodata         0x08003598       0x40
                0x08003598                        . = ALIGN (0x4)
 *(.rodata)
 *(.rodata*)
 .rodata.LED_PINS
                0x08003598       0x10 ./Core/Src/main.o
 .rodata.AHBPrescTable
                0x080035a8       0x10 ./Core/Src/system_stm32f3xx.o
                0x080035a8                AHBPrescTable
 .rodata.aPLLMULFactorTable
                0x080035b8       0x10 ./Drivers/STM32F3xx_HAL_Driver/Src/stm32f3xx_hal_rcc.o
 .rodata.aPredivFactorTable
                0x080035c8       0x10 ./Drivers/STM32F3xx_HAL_Driver/Src/stm32f3xx_hal_rcc.o
                0x080035d8                        . = ALIGN (0x4)

.ARM.extab      0x080035d8        0x0
                0x080035d8                        . = ALIGN (0x4)
 *(.ARM.extab* .gnu.linkonce.armextab.*)
                0x080035d8                        . = ALIGN (0x4)

.ARM            0x080035d8        0x0
                0x080035d8                        . = ALIGN (0x4)
                0x080035d8                        __exidx_start = .
 *(.ARM.exidx*)
                0x080035d8                        __exidx_end = .
                0x080035d8                        . = ALIGN (0x4)

.preinit_array  0x080035d8        0x0
                0x080035d8                        . = ALIGN (0x4)
                0x080035d8                        PROVIDE (__preinit_array_start = .)
 *(.preinit_array*)
                0x080035d8                        PROVIDE (__preinit_array_end = .)
                0x080035d8                        . = ALIGN (0x4)

.init_array     0x080035d8        0x4
                0x080035d8                        . = ALIGN (0x4)
                0x080035d8                        PROVIDE (__init_array_start = .)
 *(SORT_BY_NAME(.init_array.*))
 *(.init_array*)
 .init_array    0x080035d8        0x4 /Applications/STM32CubeIDE.app/Contents/Eclipse/plugins/com.st.stm32cube.ide.mcu.externaltools.gnu-tools-for-stm32.13.3.rel1.macos64_1.0.0.202411102158/tools/bin/../lib/gcc/arm-none-eabi/13.3.1/thumb/v7e-m+fp/hard/crtbegin.o
                0x080035dc                        PROVIDE (__init_array_end = .)
                0x080035dc                        . = ALIGN (0x4)

.fini_array     0x080035dc        0x4
                0x080035dc                        . = ALIGN (0x4)
                [!provide]                        PROVIDE (__fini_array_start = .)
 *(SORT_BY_NAME(.fini_array.*))
 *(.fini_array*)
 .fini_array    0x080035dc        0x4 /Applications/STM32CubeIDE.app/Contents/Eclipse/plugins/com.st.stm32cube.ide.mcu.externaltools.gnu-tools-for-stm32.13.3.rel1.macos64_1.0.0.202411102158/tools/bin/../lib/gcc/arm-none-eabi/13.3.1/thumb/v7e-m+fp/hard/crtbegin.o
                [!provide]                        PROVIDE (__fini_array_end = .)
                0x080035e0                        . = ALIGN (0x4)
                0x080035e0                        _sidata = LOADADDR (.data)

.rel.dyn        0x080035e0        0x0
 .rel.iplt      0x080035e0        0x0 /Applications/STM32CubeIDE.app/Contents/Eclipse/plugins/com.st.stm32cube.ide.mcu.externaltools.gnu-tools-for-stm32.13.3.rel1.macos64_1.0.0.202411102158/tools/bin/../lib/gcc/arm-none-eabi/13.3.1/thumb/v7e-m+fp/hard/crtbegin.o

.data           0x20000000       0x3c load address 0x080035e0
                0x20000000                        . = ALIGN (0x4)
                0x20000000                        _sdata = .
 *(.data)
 *(.data*)
 .data.USART1_PORT
                0x20000000       0x2c ./Core/Src/serial.o
                0x20000000                USART1_PORT
 .data.activeRxBuffer
                0x2000002c        0x4 ./Core/Src/serial.o
 .data.SystemCoreClock
                0x20000030        0x4 ./Core/Src/system_stm32f3xx.o
                0x20000030                SystemCoreClock
 .data.uwTickPrio
                0x20000034        0x4 ./Drivers/STM32F3xx_HAL_Driver/Src/stm32f3xx_hal.o
                0x20000034                uwTickPrio
 .data.uwTickFreq
                0x20000038        0x1 ./Drivers/STM32F3xx_HAL_Driver/Src/stm32f3xx_hal.o
                0x20000038                uwTickFreq
 *(.RamFunc)
 *(.RamFunc*)
                0x2000003c                        . = ALIGN (0x4)
 *fill*         0x20000039        0x3 
                0x2000003c                        _edata = .
                0x0800361c                        _siccmram = LOADADDR (.ccmram)

.igot.plt       0x2000003c        0x0 load address 0x0800361c
 .igot.plt      0x2000003c        0x0 /Applications/STM32CubeIDE.app/Contents/Eclipse/plugins/com.st.stm32cube.ide.mcu.externaltools.gnu-tools-for-stm32.13.3.rel1.macos64_1.0.0.202411102158/tools/bin/../lib/gcc/arm-none-eabi/13.3.1/thumb/v7e-m+fp/hard/crtbegin.o

.ccmram         0x10000000        0x0 load address 0x0800361c
                0x10000000                        . = ALIGN (0x4)
                0x10000000                        _sccmram = .
 *(.ccmram)
 *(.ccmram*)
                0x10000000                        . = ALIGN (0x4)
                0x10000000                        _eccmram = .
                0x10000000                        . = ALIGN (0x4)

.bss            0x2000003c      0x9f8
                0x2000003c                        _sbss = .
                0x2000003c                        __bss_start__ = _sbss
 *(.bss)
 .bss           0x2000003c       0x1c /Applications/STM32CubeIDE.app/Contents/Eclipse/plugins/com.st.stm32cube.ide.mcu.externaltools.gnu-tools-for-stm32.13.3.rel1.macos64_1.0.0.202411102158/tools/bin/../lib/gcc/arm-none-eabi/13.3.1/thumb/v7e-m+fp/hard/crtbegin.o
 *(.bss*)
 .bss.exti_cb   0x20000058        0x4 ./Core/Src/gpio.o
 .bss.hi2c1     0x2000005c       0x54 ./Core/Src/main.o
                0x2000005c                hi2c1
 .bss.hspi1     0x200000b0       0x64 ./Core/Src/main.o
                0x200000b0                hspi1
 .bss.hpcd_USB_FS
                0x20000114      0x2d4 ./Core/Src/main.o
                0x20000114                hpcd_USB_FS
 .bss.btn       0x200003e8        0x4 ./Core/Src/main.o
                0x200003e8                btn
 .bss.sound     0x200003ec        0x4 ./Core/Src/main.o
                0x200003ec                sound
 .bss.streak    0x200003f0        0x4 ./Core/Src/main.o
                0x200003f0                streak
 .bss.goal_reached
                0x200003f4        0x1 ./Core/Src/main.o
                0x200003f4                goal_reached
 *fill*         0x200003f5        0x3 
 .bss.last_beep_time.0
                0x200003f8        0x4 ./Core/Src/main.o
 .bss.txIndex   0x200003fc        0x4 ./Core/Src/serial.o
 .bss.txLength  0x20000400        0x4 ./Core/Src/serial.o
 .bss.txBuffer  0x20000404      0x100 ./Core/Src/serial.o
 .bss.txInProgress
                0x20000504        0x1 ./Core/Src/serial.o
 *fill*         0x20000505        0x3 
 .bss.rxBuffer1
                0x20000508       0x80 ./Core/Src/serial.o
 .bss.rxBuffer2
                0x20000588       0x80 ./Core/Src/serial.o
 .bss.rxIndex   0x20000608        0x4 ./Core/Src/serial.o
 .bss.rxQueue   0x2000060c      0x420 ./Core/Src/serial.o
 .bss.rxQueueHead
                0x20000a2c        0x1 ./Core/Src/serial.o
 .bss.rxQueueTail
                0x20000a2d        0x1 ./Core/Src/serial.o
 *fill*         0x20000a2e        0x2 
 .bss.uwTick    0x20000a30        0x4 ./Drivers/STM32F3xx_HAL_Driver/Src/stm32f3xx_hal.o
                0x20000a30                uwTick
 *(COMMON)
                0x20000a34                        . = ALIGN (0x4)
                0x20000a34                        _ebss = .
                0x20000a34                        __bss_end__ = _ebss

._user_heap_stack
                0x20000a34      0x604
                0x20000a38                        . = ALIGN (0x8)
 *fill*         0x20000a34        0x4 
                [!provide]                        PROVIDE (end = .)
                0x20000a38                        PROVIDE (_end = .)
                0x20000c38                        . = (. + _Min_Heap_Size)
 *fill*         0x20000a38      0x200 
                0x20001038                        . = (. + _Min_Stack_Size)
 *fill*         0x20000c38      0x400 
                0x20001038                        . = ALIGN (0x8)

/DISCARD/
 libc.a(*)
 libm.a(*)
 libgcc.a(*)

.ARM.attributes
                0x00000000       0x30
 *(.ARM.attributes)
 .ARM.attributes
                0x00000000       0x22 /Applications/STM32CubeIDE.app/Contents/Eclipse/plugins/com.st.stm32cube.ide.mcu.externaltools.gnu-tools-for-stm32.13.3.rel1.macos64_1.0.0.202411102158/tools/bin/../lib/gcc/arm-none-eabi/13.3.1/thumb/v7e-m+fp/hard/crti.o
 .ARM.attributes
                0x00000022       0x34 /Applications/STM32CubeIDE.app/Contents/Eclipse/plugins/com.st.stm32cube.ide.mcu.externaltools.gnu-tools-for-stm32.13.3.rel1.macos64_1.0.0.202411102158/tools/bin/../lib/gcc/arm-none-eabi/13.3.1/thumb/v7e-m+fp/hard/crtbegin.o
 .ARM.attributes
                0x00000056       0x34 ./Core/Src/gpio.o
 .ARM.attributes
                0x0000008a       0x34 ./Core/Src/main.o
 .ARM.attributes
                0x000000be       0x34 ./Core/Src/serial.o
 .ARM.attributes
                0x000000f2       0x34 ./Core/Src/serialise.o
 .ARM.attributes
                0x00000126       0x34 ./Core/Src/servo.o
 .ARM.attributes
                0x0000015a       0x34 ./Core/Src/stm32f3xx_hal_msp.o
 .ARM.attributes
                0x0000018e       0x34 ./Core/Src/stm32f3xx_it.o
 .ARM.attributes
                0x000001c2       0x34 ./Core/Src/system_stm32f3xx.o
 .ARM.attributes
                0x000001f6       0x21 ./Core/Startup/startup_stm32f303vctx.o
 .ARM.attributes
                0x00000217       0x34 ./Drivers/STM32F3xx_HAL_Driver/Src/stm32f3xx_hal.o
 .ARM.attributes
                0x0000024b       0x34 ./Drivers/STM32F3xx_HAL_Driver/Src/stm32f3xx_hal_cortex.o
 .ARM.attributes
                0x0000027f       0x34 ./Drivers/STM32F3xx_HAL_Driver/Src/stm32f3xx_hal_gpio.o
 .ARM.attributes
                0x000002b3       0x34 ./Drivers/STM32F3xx_HAL_Driver/Src/stm32f3xx_hal_i2c.o
 .ARM.attributes
                0x000002e7       0x34 ./Drivers/STM32F3xx_HAL_Driver/Src/stm32f3xx_hal_i2c_ex.o
 .ARM.attributes
                0x0000031b       0x34 ./Drivers/STM32F3xx_HAL_Driver/Src/stm32f3xx_hal_pcd.o
 .ARM.attributes
                0x0000034f       0x34 ./Drivers/STM32F3xx_HAL_Driver/Src/stm32f3xx_hal_rcc.o
 .ARM.attributes
                0x00000383       0x34 ./Drivers/STM32F3xx_HAL_Driver/Src/stm32f3xx_hal_rcc_ex.o
 .ARM.attributes
                0x000003b7       0x34 ./Drivers/STM32F3xx_HAL_Driver/Src/stm32f3xx_hal_spi.o
 .ARM.attributes
                0x000003eb       0x34 ./Drivers/STM32F3xx_HAL_Driver/Src/stm32f3xx_ll_usb.o
 .ARM.attributes
                0x0000041f       0x34 /Applications/STM32CubeIDE.app/Contents/Eclipse/plugins/com.st.stm32cube.ide.mcu.externaltools.gnu-tools-for-stm32.13.3.rel1.macos64_1.0.0.202411102158/tools/bin/../lib/gcc/arm-none-eabi/13.3.1/../../../../arm-none-eabi/lib/thumb/v7e-m+fp/hard/libc_nano.a(libc_a-memset.o)
 .ARM.attributes
                0x00000453       0x34 /Applications/STM32CubeIDE.app/Contents/Eclipse/plugins/com.st.stm32cube.ide.mcu.externaltools.gnu-tools-for-stm32.13.3.rel1.macos64_1.0.0.202411102158/tools/bin/../lib/gcc/arm-none-eabi/13.3.1/../../../../arm-none-eabi/lib/thumb/v7e-m+fp/hard/libc_nano.a(libc_a-init.o)
 .ARM.attributes
                0x00000487       0x34 /Applications/STM32CubeIDE.app/Contents/Eclipse/plugins/com.st.stm32cube.ide.mcu.externaltools.gnu-tools-for-stm32.13.3.rel1.macos64_1.0.0.202411102158/tools/bin/../lib/gcc/arm-none-eabi/13.3.1/../../../../arm-none-eabi/lib/thumb/v7e-m+fp/hard/libc_nano.a(libc_a-memcpy-stub.o)
 .ARM.attributes
                0x000004bb       0x22 /Applications/STM32CubeIDE.app/Contents/Eclipse/plugins/com.st.stm32cube.ide.mcu.externaltools.gnu-tools-for-stm32.13.3.rel1.macos64_1.0.0.202411102158/tools/bin/../lib/gcc/arm-none-eabi/13.3.1/thumb/v7e-m+fp/hard/crtn.o
OUTPUT(soundtest.elf elf32-littlearm)
LOAD linker stubs
LOAD /Applications/STM32CubeIDE.app/Contents/Eclipse/plugins/com.st.stm32cube.ide.mcu.externaltools.gnu-tools-for-stm32.13.3.rel1.macos64_1.0.0.202411102158/tools/bin/../lib/gcc/arm-none-eabi/13.3.1/../../../../arm-none-eabi/lib/thumb/v7e-m+fp/hard/libc.a
LOAD /Applications/STM32CubeIDE.app/Contents/Eclipse/plugins/com.st.stm32cube.ide.mcu.externaltools.gnu-tools-for-stm32.13.3.rel1.macos64_1.0.0.202411102158/tools/bin/../lib/gcc/arm-none-eabi/13.3.1/../../../../arm-none-eabi/lib/thumb/v7e-m+fp/hard/libm.a
LOAD /Applications/STM32CubeIDE.app/Contents/Eclipse/plugins/com.st.stm32cube.ide.mcu.externaltools.gnu-tools-for-stm32.13.3.rel1.macos64_1.0.0.202411102158/tools/bin/../lib/gcc/arm-none-eabi/13.3.1/thumb/v7e-m+fp/hard/libgcc.a

.debug_info     0x00000000     0xeaff
 .debug_info    0x00000000      0x8be ./Core/Src/gpio.o
 .debug_info    0x000008be     0x17c9 ./Core/Src/main.o
 .debug_info    0x00002087      0xd04 ./Core/Src/serial.o
 .debug_info    0x00002d8b      0x346 ./Core/Src/serialise.o
 .debug_info    0x000030d1      0x3ba ./Core/Src/servo.o
 .debug_info    0x0000348b     0x1064 ./Core/Src/stm32f3xx_hal_msp.o
 .debug_info    0x000044ef      0x139 ./Core/Src/stm32f3xx_it.o
 .debug_info    0x00004628      0x407 ./Core/Src/system_stm32f3xx.o
 .debug_info    0x00004a2f       0x30 ./Core/Startup/startup_stm32f303vctx.o
 .debug_info    0x00004a5f      0x7d4 ./Drivers/STM32F3xx_HAL_Driver/Src/stm32f3xx_hal.o
 .debug_info    0x00005233      0xce4 ./Drivers/STM32F3xx_HAL_Driver/Src/stm32f3xx_hal_cortex.o
 .debug_info    0x00005f17      0x5fe ./Drivers/STM32F3xx_HAL_Driver/Src/stm32f3xx_hal_gpio.o
 .debug_info    0x00006515     0x20c3 ./Drivers/STM32F3xx_HAL_Driver/Src/stm32f3xx_hal_i2c.o
 .debug_info    0x000085d8      0x818 ./Drivers/STM32F3xx_HAL_Driver/Src/stm32f3xx_hal_i2c_ex.o
 .debug_info    0x00008df0     0x166f ./Drivers/STM32F3xx_HAL_Driver/Src/stm32f3xx_hal_pcd.o
 .debug_info    0x0000a45f     0x148a ./Drivers/STM32F3xx_HAL_Driver/Src/stm32f3xx_hal_rcc.o
 .debug_info    0x0000b8e9      0x5b9 ./Drivers/STM32F3xx_HAL_Driver/Src/stm32f3xx_hal_rcc_ex.o
 .debug_info    0x0000bea2     0x1622 ./Drivers/STM32F3xx_HAL_Driver/Src/stm32f3xx_hal_spi.o
 .debug_info    0x0000d4c4     0x163b ./Drivers/STM32F3xx_HAL_Driver/Src/stm32f3xx_ll_usb.o

.debug_abbrev   0x00000000     0x2585
 .debug_abbrev  0x00000000      0x1e1 ./Core/Src/gpio.o
 .debug_abbrev  0x000001e1      0x349 ./Core/Src/main.o
 .debug_abbrev  0x0000052a      0x2c7 ./Core/Src/serial.o
 .debug_abbrev  0x000007f1      0x116 ./Core/Src/serialise.o
 .debug_abbrev  0x00000907       0xf5 ./Core/Src/servo.o
 .debug_abbrev  0x000009fc      0x1fa ./Core/Src/stm32f3xx_hal_msp.o
 .debug_abbrev  0x00000bf6       0x88 ./Core/Src/stm32f3xx_it.o
 .debug_abbrev  0x00000c7e      0x11a ./Core/Src/system_stm32f3xx.o
 .debug_abbrev  0x00000d98       0x24 ./Core/Startup/startup_stm32f303vctx.o
 .debug_abbrev  0x00000dbc      0x215 ./Drivers/STM32F3xx_HAL_Driver/Src/stm32f3xx_hal.o
 .debug_abbrev  0x00000fd1      0x31e ./Drivers/STM32F3xx_HAL_Driver/Src/stm32f3xx_hal_cortex.o
 .debug_abbrev  0x000012ef      0x1ca ./Drivers/STM32F3xx_HAL_Driver/Src/stm32f3xx_hal_gpio.o
 .debug_abbrev  0x000014b9      0x260 ./Drivers/STM32F3xx_HAL_Driver/Src/stm32f3xx_hal_i2c.o
 .debug_abbrev  0x00001719      0x1c2 ./Drivers/STM32F3xx_HAL_Driver/Src/stm32f3xx_hal_i2c_ex.o
 .debug_abbrev  0x000018db      0x2d9 ./Drivers/STM32F3xx_HAL_Driver/Src/stm32f3xx_hal_pcd.o
 .debug_abbrev  0x00001bb4      0x300 ./Drivers/STM32F3xx_HAL_Driver/Src/stm32f3xx_hal_rcc.o
 .debug_abbrev  0x00001eb4      0x221 ./Drivers/STM32F3xx_HAL_Driver/Src/stm32f3xx_hal_rcc_ex.o
 .debug_abbrev  0x000020d5      0x269 ./Drivers/STM32F3xx_HAL_Driver/Src/stm32f3xx_hal_spi.o
 .debug_abbrev  0x0000233e      0x247 ./Drivers/STM32F3xx_HAL_Driver/Src/stm32f3xx_ll_usb.o

.debug_aranges  0x00000000      0xc88
 .debug_aranges
                0x00000000       0x58 ./Core/Src/gpio.o
 .debug_aranges
                0x00000058       0x58 ./Core/Src/main.o
 .debug_aranges
                0x000000b0       0x80 ./Core/Src/serial.o
 .debug_aranges
                0x00000130       0x28 ./Core/Src/serialise.o
 .debug_aranges
                0x00000158       0x38 ./Core/Src/servo.o
 .debug_aranges
                0x00000190       0x50 ./Core/Src/stm32f3xx_hal_msp.o
 .debug_aranges
                0x000001e0       0x70 ./Core/Src/stm32f3xx_it.o
 .debug_aranges
                0x00000250       0x28 ./Core/Src/system_stm32f3xx.o
 .debug_aranges
                0x00000278       0x28 ./Core/Startup/startup_stm32f303vctx.o
 .debug_aranges
                0x000002a0       0xe0 ./Drivers/STM32F3xx_HAL_Driver/Src/stm32f3xx_hal.o
 .debug_aranges
                0x00000380      0x128 ./Drivers/STM32F3xx_HAL_Driver/Src/stm32f3xx_hal_cortex.o
 .debug_aranges
                0x000004a8       0x58 ./Drivers/STM32F3xx_HAL_Driver/Src/stm32f3xx_hal_gpio.o
 .debug_aranges
                0x00000500      0x2a0 ./Drivers/STM32F3xx_HAL_Driver/Src/stm32f3xx_hal_i2c.o
 .debug_aranges
                0x000007a0       0x48 ./Drivers/STM32F3xx_HAL_Driver/Src/stm32f3xx_hal_i2c_ex.o
 .debug_aranges
                0x000007e8      0x140 ./Drivers/STM32F3xx_HAL_Driver/Src/stm32f3xx_hal_pcd.o
 .debug_aranges
                0x00000928       0x88 ./Drivers/STM32F3xx_HAL_Driver/Src/stm32f3xx_hal_rcc.o
 .debug_aranges
                0x000009b0       0x38 ./Drivers/STM32F3xx_HAL_Driver/Src/stm32f3xx_hal_rcc_ex.o
 .debug_aranges
                0x000009e8      0x1d8 ./Drivers/STM32F3xx_HAL_Driver/Src/stm32f3xx_hal_spi.o
 .debug_aranges
                0x00000bc0       0xc8 ./Drivers/STM32F3xx_HAL_Driver/Src/stm32f3xx_ll_usb.o

.debug_rnglists
                0x00000000      0x9b3
 .debug_rnglists
                0x00000000       0x3f ./Core/Src/gpio.o
 .debug_rnglists
                0x0000003f       0x4f ./Core/Src/main.o
 .debug_rnglists
                0x0000008e       0x7b ./Core/Src/serial.o
 .debug_rnglists
                0x00000109       0x1b ./Core/Src/serialise.o
 .debug_rnglists
                0x00000124       0x27 ./Core/Src/servo.o
 .debug_rnglists
                0x0000014b       0x3a ./Core/Src/stm32f3xx_hal_msp.o
 .debug_rnglists
                0x00000185       0x4f ./Core/Src/stm32f3xx_it.o
 .debug_rnglists
                0x000001d4       0x1a ./Core/Src/system_stm32f3xx.o
 .debug_rnglists
                0x000001ee       0x19 ./Core/Startup/startup_stm32f303vctx.o
 .debug_rnglists
                0x00000207       0xa3 ./Drivers/STM32F3xx_HAL_Driver/Src/stm32f3xx_hal.o
 .debug_rnglists
                0x000002aa       0xda ./Drivers/STM32F3xx_HAL_Driver/Src/stm32f3xx_hal_cortex.o
 .debug_rnglists
                0x00000384       0x3f ./Drivers/STM32F3xx_HAL_Driver/Src/stm32f3xx_hal_gpio.o
 .debug_rnglists
                0x000003c3      0x228 ./Drivers/STM32F3xx_HAL_Driver/Src/stm32f3xx_hal_i2c.o
 .debug_rnglists
                0x000005eb       0x35 ./Drivers/STM32F3xx_HAL_Driver/Src/stm32f3xx_hal_i2c_ex.o
 .debug_rnglists
                0x00000620       0xf4 ./Drivers/STM32F3xx_HAL_Driver/Src/stm32f3xx_hal_pcd.o
 .debug_rnglists
                0x00000714       0x66 ./Drivers/STM32F3xx_HAL_Driver/Src/stm32f3xx_hal_rcc.o
 .debug_rnglists
                0x0000077a       0x28 ./Drivers/STM32F3xx_HAL_Driver/Src/stm32f3xx_hal_rcc_ex.o
 .debug_rnglists
                0x000007a2      0x178 ./Drivers/STM32F3xx_HAL_Driver/Src/stm32f3xx_hal_spi.o
 .debug_rnglists
                0x0000091a       0x99 ./Drivers/STM32F3xx_HAL_Driver/Src/stm32f3xx_ll_usb.o

.debug_macro    0x00000000    0x1dda6
 .debug_macro   0x00000000      0x1f7 ./Core/Src/gpio.o
 .debug_macro   0x000001f7      0xad8 ./Core/Src/gpio.o
 .debug_macro   0x00000ccf       0x2e ./Core/Src/gpio.o
 .debug_macro   0x00000cfd       0x28 ./Core/Src/gpio.o
 .debug_macro   0x00000d25       0x22 ./Core/Src/gpio.o
 .debug_macro   0x00000d47       0x8e ./Core/Src/gpio.o
 .debug_macro   0x00000dd5       0x51 ./Core/Src/gpio.o
 .debug_macro   0x00000e26      0x103 ./Core/Src/gpio.o
 .debug_macro   0x00000f29       0x6a ./Core/Src/gpio.o
 .debug_macro   0x00000f93      0x1df ./Core/Src/gpio.o
 .debug_macro   0x00001172       0x1c ./Core/Src/gpio.o
 .debug_macro   0x0000118e       0x22 ./Core/Src/gpio.o
 .debug_macro   0x000011b0       0xd9 ./Core/Src/gpio.o
 .debug_macro   0x00001289     0x102d ./Core/Src/gpio.o
 .debug_macro   0x000022b6      0x11f ./Core/Src/gpio.o
 .debug_macro   0x000023d5    0x12a3a ./Core/Src/gpio.o
 .debug_macro   0x00014e0f       0x6d ./Core/Src/gpio.o
 .debug_macro   0x00014e7c      0x15e ./Core/Src/gpio.o
 .debug_macro   0x00014fda     0x3574 ./Core/Src/gpio.o
 .debug_macro   0x0001854e      0x190 ./Core/Src/gpio.o
 .debug_macro   0x000186de       0x55 ./Core/Src/gpio.o
 .debug_macro   0x00018733      0x961 ./Core/Src/gpio.o
 .debug_macro   0x00019094      0x5fe ./Core/Src/gpio.o
 .debug_macro   0x00019692      0x1b5 ./Core/Src/gpio.o
 .debug_macro   0x00019847      0x1fb ./Core/Src/gpio.o
 .debug_macro   0x00019a42      0x1dc ./Core/Src/gpio.o
 .debug_macro   0x00019c1e      0x1bc ./Core/Src/gpio.o
 .debug_macro   0x00019dda       0x30 ./Core/Src/gpio.o
 .debug_macro   0x00019e0a       0x3c ./Core/Src/gpio.o
 .debug_macro   0x00019e46      0x235 ./Core/Src/gpio.o
 .debug_macro   0x0001a07b       0xc5 ./Core/Src/gpio.o
 .debug_macro   0x0001a140      0x21d ./Core/Src/gpio.o
 .debug_macro   0x0001a35d      0x22c ./Core/Src/gpio.o
 .debug_macro   0x0001a589       0x5b ./Core/Src/gpio.o
 .debug_macro   0x0001a5e4       0xa5 ./Core/Src/gpio.o
 .debug_macro   0x0001a689       0x73 ./Core/Src/gpio.o
 .debug_macro   0x0001a6fc      0x242 ./Core/Src/gpio.o
 .debug_macro   0x0001a93e       0x81 ./Core/Src/gpio.o
 .debug_macro   0x0001a9bf       0xd3 ./Core/Src/gpio.o
 .debug_macro   0x0001aa92      0x2fe ./Core/Src/gpio.o
 .debug_macro   0x0001ad90      0x275 ./Core/Src/gpio.o
 .debug_macro   0x0001b005       0x16 ./Core/Src/gpio.o
 .debug_macro   0x0001b01b      0x35b ./Core/Src/main.o
 .debug_macro   0x0001b376       0xdc ./Core/Src/main.o
 .debug_macro   0x0001b452       0x22 ./Core/Src/main.o
 .debug_macro   0x0001b474       0x34 ./Core/Src/main.o
 .debug_macro   0x0001b4a8       0x61 ./Core/Src/main.o
 .debug_macro   0x0001b509       0x2a ./Core/Src/main.o
 .debug_macro   0x0001b533       0x43 ./Core/Src/main.o
 .debug_macro   0x0001b576       0x34 ./Core/Src/main.o
 .debug_macro   0x0001b5aa       0x16 ./Core/Src/main.o
 .debug_macro   0x0001b5c0       0x3c ./Core/Src/main.o
 .debug_macro   0x0001b5fc      0x370 ./Core/Src/main.o
 .debug_macro   0x0001b96c       0x10 ./Core/Src/main.o
 .debug_macro   0x0001b97c       0x16 ./Core/Src/main.o
 .debug_macro   0x0001b992       0x4a ./Core/Src/main.o
 .debug_macro   0x0001b9dc       0x34 ./Core/Src/main.o
 .debug_macro   0x0001ba10       0x10 ./Core/Src/main.o
 .debug_macro   0x0001ba20       0x58 ./Core/Src/main.o
 .debug_macro   0x0001ba78       0x8e ./Core/Src/main.o
 .debug_macro   0x0001bb06       0x1c ./Core/Src/main.o
 .debug_macro   0x0001bb22      0x185 ./Core/Src/main.o
 .debug_macro   0x0001bca7       0x16 ./Core/Src/main.o
 .debug_macro   0x0001bcbd       0x16 ./Core/Src/main.o
 .debug_macro   0x0001bcd3      0x146 ./Core/Src/main.o
 .debug_macro   0x0001be19       0x16 ./Core/Src/main.o
 .debug_macro   0x0001be2f       0x20 ./Core/Src/main.o
 .debug_macro   0x0001be4f       0x10 ./Core/Src/main.o
 .debug_macro   0x0001be5f       0x1c ./Core/Src/main.o
 .debug_macro   0x0001be7b      0x1ae ./Core/Src/serial.o
 .debug_macro   0x0001c029       0x10 ./Core/Src/serial.o
 .debug_macro   0x0001c039      0x14e ./Core/Src/serialise.o
 .debug_macro   0x0001c187      0x1f7 ./Core/Src/servo.o
 .debug_macro   0x0001c37e      0x1f7 ./Core/Src/stm32f3xx_hal_msp.o
 .debug_macro   0x0001c575      0x20a ./Core/Src/stm32f3xx_it.o
 .debug_macro   0x0001c77f      0x1e8 ./Core/Src/system_stm32f3xx.o
 .debug_macro   0x0001c967      0x20c ./Drivers/STM32F3xx_HAL_Driver/Src/stm32f3xx_hal.o
 .debug_macro   0x0001cb73      0x1e8 ./Drivers/STM32F3xx_HAL_Driver/Src/stm32f3xx_hal_cortex.o
 .debug_macro   0x0001cd5b      0x1ef ./Drivers/STM32F3xx_HAL_Driver/Src/stm32f3xx_hal_gpio.o
 .debug_macro   0x0001cf4a      0x2b4 ./Drivers/STM32F3xx_HAL_Driver/Src/stm32f3xx_hal_i2c.o
 .debug_macro   0x0001d1fe      0x1e8 ./Drivers/STM32F3xx_HAL_Driver/Src/stm32f3xx_hal_i2c_ex.o
 .debug_macro   0x0001d3e6      0x1f4 ./Drivers/STM32F3xx_HAL_Driver/Src/stm32f3xx_hal_pcd.o
 .debug_macro   0x0001d5da      0x20c ./Drivers/STM32F3xx_HAL_Driver/Src/stm32f3xx_hal_rcc.o
 .debug_macro   0x0001d7e6      0x1e8 ./Drivers/STM32F3xx_HAL_Driver/Src/stm32f3xx_hal_rcc_ex.o
 .debug_macro   0x0001d9ce      0x1f0 ./Drivers/STM32F3xx_HAL_Driver/Src/stm32f3xx_hal_spi.o
 .debug_macro   0x0001dbbe      0x1e8 ./Drivers/STM32F3xx_HAL_Driver/Src/stm32f3xx_ll_usb.o

.debug_line     0x00000000    0x10bdb
 .debug_line    0x00000000      0x960 ./Core/Src/gpio.o
 .debug_line    0x00000960      0xb61 ./Core/Src/main.o
 .debug_line    0x000014c1      0x965 ./Core/Src/serial.o
 .debug_line    0x00001e26      0x61c ./Core/Src/serialise.o
 .debug_line    0x00002442      0x7df ./Core/Src/servo.o
 .debug_line    0x00002c21      0x803 ./Core/Src/stm32f3xx_hal_msp.o
 .debug_line    0x00003424      0x803 ./Core/Src/stm32f3xx_it.o
 .debug_line    0x00003c27      0x794 ./Core/Src/system_stm32f3xx.o
 .debug_line    0x000043bb       0x7a ./Core/Startup/startup_stm32f303vctx.o
 .debug_line    0x00004435      0x9d0 ./Drivers/STM32F3xx_HAL_Driver/Src/stm32f3xx_hal.o
 .debug_line    0x00004e05      0xc9b ./Drivers/STM32F3xx_HAL_Driver/Src/stm32f3xx_hal_cortex.o
 .debug_line    0x00005aa0      0xb1b ./Drivers/STM32F3xx_HAL_Driver/Src/stm32f3xx_hal_gpio.o
 .debug_line    0x000065bb     0x3721 ./Drivers/STM32F3xx_HAL_Driver/Src/stm32f3xx_hal_i2c.o
 .debug_line    0x00009cdc      0x880 ./Drivers/STM32F3xx_HAL_Driver/Src/stm32f3xx_hal_i2c_ex.o
 .debug_line    0x0000a55c     0x1290 ./Drivers/STM32F3xx_HAL_Driver/Src/stm32f3xx_hal_pcd.o
 .debug_line    0x0000b7ec     0x152f ./Drivers/STM32F3xx_HAL_Driver/Src/stm32f3xx_hal_rcc.o
 .debug_line    0x0000cd1b      0xd6c ./Drivers/STM32F3xx_HAL_Driver/Src/stm32f3xx_hal_rcc_ex.o
 .debug_line    0x0000da87     0x20a3 ./Drivers/STM32F3xx_HAL_Driver/Src/stm32f3xx_hal_spi.o
 .debug_line    0x0000fb2a     0x10b1 ./Drivers/STM32F3xx_HAL_Driver/Src/stm32f3xx_ll_usb.o

.debug_str      0x00000000    0xaf0db
 .debug_str     0x00000000    0xaf0db ./Core/Src/gpio.o
                              0xa82a7 (size before relaxing)
 .debug_str     0x000af0db    0xac944 ./Core/Src/main.o
 .debug_str     0x000af0db    0x7625c ./Core/Src/serial.o
 .debug_str     0x000af0db     0x752f ./Core/Src/serialise.o
 .debug_str     0x000af0db    0xa8082 ./Core/Src/servo.o
 .debug_str     0x000af0db    0xa8a59 ./Core/Src/stm32f3xx_hal_msp.o
 .debug_str     0x000af0db    0xa8052 ./Core/Src/stm32f3xx_it.o
 .debug_str     0x000af0db    0xa7d0e ./Core/Src/system_stm32f3xx.o
 .debug_str     0x000af0db       0x75 ./Core/Startup/startup_stm32f303vctx.o
 .debug_str     0x000af0db    0xa854c ./Drivers/STM32F3xx_HAL_Driver/Src/stm32f3xx_hal.o
 .debug_str     0x000af0db    0xa85d0 ./Drivers/STM32F3xx_HAL_Driver/Src/stm32f3xx_hal_cortex.o
 .debug_str     0x000af0db    0xa7e7b ./Drivers/STM32F3xx_HAL_Driver/Src/stm32f3xx_hal_gpio.o
 .debug_str     0x000af0db    0xa900e ./Drivers/STM32F3xx_HAL_Driver/Src/stm32f3xx_hal_i2c.o
 .debug_str     0x000af0db    0xa8205 ./Drivers/STM32F3xx_HAL_Driver/Src/stm32f3xx_hal_i2c_ex.o
 .debug_str     0x000af0db    0xa8543 ./Drivers/STM32F3xx_HAL_Driver/Src/stm32f3xx_hal_pcd.o
 .debug_str     0x000af0db    0xa81ae ./Drivers/STM32F3xx_HAL_Driver/Src/stm32f3xx_hal_rcc.o
 .debug_str     0x000af0db    0xa7f72 ./Drivers/STM32F3xx_HAL_Driver/Src/stm32f3xx_hal_rcc_ex.o
 .debug_str     0x000af0db    0xa8634 ./Drivers/STM32F3xx_HAL_Driver/Src/stm32f3xx_hal_spi.o
 .debug_str     0x000af0db    0xa8098 ./Drivers/STM32F3xx_HAL_Driver/Src/stm32f3xx_ll_usb.o

.comment        0x00000000       0x43
 .comment       0x00000000       0x43 ./Core/Src/gpio.o
                                 0x44 (size before relaxing)
 .comment       0x00000043       0x44 ./Core/Src/main.o
 .comment       0x00000043       0x44 ./Core/Src/serial.o
 .comment       0x00000043       0x44 ./Core/Src/serialise.o
 .comment       0x00000043       0x44 ./Core/Src/servo.o
 .comment       0x00000043       0x44 ./Core/Src/stm32f3xx_hal_msp.o
 .comment       0x00000043       0x44 ./Core/Src/stm32f3xx_it.o
 .comment       0x00000043       0x44 ./Core/Src/system_stm32f3xx.o
 .comment       0x00000043       0x44 ./Drivers/STM32F3xx_HAL_Driver/Src/stm32f3xx_hal.o
 .comment       0x00000043       0x44 ./Drivers/STM32F3xx_HAL_Driver/Src/stm32f3xx_hal_cortex.o
 .comment       0x00000043       0x44 ./Drivers/STM32F3xx_HAL_Driver/Src/stm32f3xx_hal_gpio.o
 .comment       0x00000043       0x44 ./Drivers/STM32F3xx_HAL_Driver/Src/stm32f3xx_hal_i2c.o
 .comment       0x00000043       0x44 ./Drivers/STM32F3xx_HAL_Driver/Src/stm32f3xx_hal_i2c_ex.o
 .comment       0x00000043       0x44 ./Drivers/STM32F3xx_HAL_Driver/Src/stm32f3xx_hal_pcd.o
 .comment       0x00000043       0x44 ./Drivers/STM32F3xx_HAL_Driver/Src/stm32f3xx_hal_rcc.o
 .comment       0x00000043       0x44 ./Drivers/STM32F3xx_HAL_Driver/Src/stm32f3xx_hal_rcc_ex.o
 .comment       0x00000043       0x44 ./Drivers/STM32F3xx_HAL_Driver/Src/stm32f3xx_hal_spi.o
 .comment       0x00000043       0x44 ./Drivers/STM32F3xx_HAL_Driver/Src/stm32f3xx_ll_usb.o

.debug_frame    0x00000000     0x3300
 .debug_frame   0x00000000      0x144 ./Core/Src/gpio.o
 .debug_frame   0x00000144      0x10c ./Core/Src/main.o
 .debug_frame   0x00000250      0x1d8 ./Core/Src/serial.o
 .debug_frame   0x00000428       0x58 ./Core/Src/serialise.o
 .debug_frame   0x00000480       0x98 ./Core/Src/servo.o
 .debug_frame   0x00000518      0x10c ./Core/Src/stm32f3xx_hal_msp.o
 .debug_frame   0x00000624      0x13c ./Core/Src/stm32f3xx_it.o
 .debug_frame   0x00000760       0x58 ./Core/Src/system_stm32f3xx.o
 .debug_frame   0x000007b8      0x334 ./Drivers/STM32F3xx_HAL_Driver/Src/stm32f3xx_hal.o
 .debug_frame   0x00000aec      0x4e8 ./Drivers/STM32F3xx_HAL_Driver/Src/stm32f3xx_hal_cortex.o
 .debug_frame   0x00000fd4      0x14c ./Drivers/STM32F3xx_HAL_Driver/Src/stm32f3xx_hal_gpio.o
 .debug_frame   0x00001120      0xc38 ./Drivers/STM32F3xx_HAL_Driver/Src/stm32f3xx_hal_i2c.o
 .debug_frame   0x00001d58      0x100 ./Drivers/STM32F3xx_HAL_Driver/Src/stm32f3xx_hal_i2c_ex.o
 .debug_frame   0x00001e58      0x590 ./Drivers/STM32F3xx_HAL_Driver/Src/stm32f3xx_hal_pcd.o
 .debug_frame   0x000023e8      0x214 ./Drivers/STM32F3xx_HAL_Driver/Src/stm32f3xx_hal_rcc.o
 .debug_frame   0x000025fc       0xb0 ./Drivers/STM32F3xx_HAL_Driver/Src/stm32f3xx_hal_rcc_ex.o
 .debug_frame   0x000026ac      0x860 ./Drivers/STM32F3xx_HAL_Driver/Src/stm32f3xx_hal_spi.o
 .debug_frame   0x00002f0c      0x380 ./Drivers/STM32F3xx_HAL_Driver/Src/stm32f3xx_ll_usb.o
 .debug_frame   0x0000328c       0x20 /Applications/STM32CubeIDE.app/Contents/Eclipse/plugins/com.st.stm32cube.ide.mcu.externaltools.gnu-tools-for-stm32.13.3.rel1.macos64_1.0.0.202411102158/tools/bin/../lib/gcc/arm-none-eabi/13.3.1/../../../../arm-none-eabi/lib/thumb/v7e-m+fp/hard/libc_nano.a(libc_a-memset.o)
 .debug_frame   0x000032ac       0x2c /Applications/STM32CubeIDE.app/Contents/Eclipse/plugins/com.st.stm32cube.ide.mcu.externaltools.gnu-tools-for-stm32.13.3.rel1.macos64_1.0.0.202411102158/tools/bin/../lib/gcc/arm-none-eabi/13.3.1/../../../../arm-none-eabi/lib/thumb/v7e-m+fp/hard/libc_nano.a(libc_a-init.o)
 .debug_frame   0x000032d8       0x28 /Applications/STM32CubeIDE.app/Contents/Eclipse/plugins/com.st.stm32cube.ide.mcu.externaltools.gnu-tools-for-stm32.13.3.rel1.macos64_1.0.0.202411102158/tools/bin/../lib/gcc/arm-none-eabi/13.3.1/../../../../arm-none-eabi/lib/thumb/v7e-m+fp/hard/libc_nano.a(libc_a-memcpy-stub.o)

.debug_line_str
                0x00000000       0x59
 .debug_line_str
                0x00000000       0x59 ./Core/Startup/startup_stm32f303vctx.o
