../Core/Src/morse.c:41:6:outputMorseData	88	dynamic
../Core/Src/morse.c:64:6:initialiseMorse	32	static
../Core/Src/morse.c:178:6:initialiseFlags	4	static
../Core/Src/morse.c:183:6:assignMorse	56	static
../Core/Src/morse.c:344:6:delayMiliSec	24	static
../Core/Src/morse.c:359:9:getLedState	16	static
../Core/Src/morse.c:368:6:setLedState	24	static
../Core/Src/morse.c:376:9:getLevelCompleteFlag	4	static
../Core/Src/morse.c:381:6:setLevelCompleteFlag	4	static
../Core/Src/morse.c:386:6:levelCompleteProcedure	8	static
