../Core/Inc/core_cm4.h:1688:22:__NVIC_EnableIRQ	16	static
../Core/Inc/core_cm4.h:1816:22:__NVIC_SetPriority	16	static
../Core/Src/serial.c:27:6:SerialOutputString	24	static
../Core/Src/serial.c:50:6:SerialOutputBuffer	24	static
../Core/Src/serial.c:78:13:isRxQueueFull	4	static
../Core/Src/serial.c:85:13:isRxQueueEmpty	4	static
../Core/Src/serial.c:92:6:Serial_IsQueueEmpty	8	static
../Core/Src/serial.c:102:13:EnqueueRxMessage	24	static
../Core/Src/serial.c:123:6:Serial_DequeueMessage	16	static
../Core/Src/serial.c:139:6:Serial_GetNextMessage	24	static
../Core/Src/serial.c:163:6:SerialInitialise	32	static,ignoring_inline_asm
../Core/Src/serial.c:213:6:Serial_WaitUntilTXComplete	4	static
../Core/Src/serial.c:219:6:USART1_IRQHandler	24	static
