Archive member included to satisfy reference by file (symbol)

C:/ST/STM32CubeIDE_1.17.0/STM32CubeIDE/plugins/com.st.stm32cube.ide.mcu.externaltools.gnu-tools-for-stm32.13.3.rel1.win32_1.0.0.202411081344/tools/bin/../lib/gcc/arm-none-eabi/13.3.1/../../../../arm-none-eabi/lib/thumb/v7e-m+fp/hard\libc_nano.a(libc_a-calloc.o)
                              ./Core/Src/memory.o (calloc)
C:/ST/STM32CubeIDE_1.17.0/STM32CubeIDE/plugins/com.st.stm32cube.ide.mcu.externaltools.gnu-tools-for-stm32.13.3.rel1.win32_1.0.0.202411081344/tools/bin/../lib/gcc/arm-none-eabi/13.3.1/../../../../arm-none-eabi/lib/thumb/v7e-m+fp/hard\libc_nano.a(libc_a-callocr.o)
                              C:/ST/STM32CubeIDE_1.17.0/STM32CubeIDE/plugins/com.st.stm32cube.ide.mcu.externaltools.gnu-tools-for-stm32.13.3.rel1.win32_1.0.0.202411081344/tools/bin/../lib/gcc/arm-none-eabi/13.3.1/../../../../arm-none-eabi/lib/thumb/v7e-m+fp/hard\libc_nano.a(libc_a-calloc.o) (_calloc_r)
C:/ST/STM32CubeIDE_1.17.0/STM32CubeIDE/plugins/com.st.stm32cube.ide.mcu.externaltools.gnu-tools-for-stm32.13.3.rel1.win32_1.0.0.202411081344/tools/bin/../lib/gcc/arm-none-eabi/13.3.1/../../../../arm-none-eabi/lib/thumb/v7e-m+fp/hard\libc_nano.a(libc_a-exit.o)
                              C:/ST/STM32CubeIDE_1.17.0/STM32CubeIDE/plugins/com.st.stm32cube.ide.mcu.externaltools.gnu-tools-for-stm32.13.3.rel1.win32_1.0.0.202411081344/tools/bin/../lib/gcc/arm-none-eabi/13.3.1/../../../../arm-none-eabi/lib/thumb/v7e-m+fp/hard/crt0.o (exit)
C:/ST/STM32CubeIDE_1.17.0/STM32CubeIDE/plugins/com.st.stm32cube.ide.mcu.externaltools.gnu-tools-for-stm32.13.3.rel1.win32_1.0.0.202411081344/tools/bin/../lib/gcc/arm-none-eabi/13.3.1/../../../../arm-none-eabi/lib/thumb/v7e-m+fp/hard\libc_nano.a(libc_a-malloc.o)
                              ./Core/Src/memory.o (free)
C:/ST/STM32CubeIDE_1.17.0/STM32CubeIDE/plugins/com.st.stm32cube.ide.mcu.externaltools.gnu-tools-for-stm32.13.3.rel1.win32_1.0.0.202411081344/tools/bin/../lib/gcc/arm-none-eabi/13.3.1/../../../../arm-none-eabi/lib/thumb/v7e-m+fp/hard\libc_nano.a(libc_a-mallocr.o)
                              C:/ST/STM32CubeIDE_1.17.0/STM32CubeIDE/plugins/com.st.stm32cube.ide.mcu.externaltools.gnu-tools-for-stm32.13.3.rel1.win32_1.0.0.202411081344/tools/bin/../lib/gcc/arm-none-eabi/13.3.1/../../../../arm-none-eabi/lib/thumb/v7e-m+fp/hard\libc_nano.a(libc_a-callocr.o) (_malloc_r)
C:/ST/STM32CubeIDE_1.17.0/STM32CubeIDE/plugins/com.st.stm32cube.ide.mcu.externaltools.gnu-tools-for-stm32.13.3.rel1.win32_1.0.0.202411081344/tools/bin/../lib/gcc/arm-none-eabi/13.3.1/../../../../arm-none-eabi/lib/thumb/v7e-m+fp/hard\libc_nano.a(libc_a-mlock.o)
                              C:/ST/STM32CubeIDE_1.17.0/STM32CubeIDE/plugins/com.st.stm32cube.ide.mcu.externaltools.gnu-tools-for-stm32.13.3.rel1.win32_1.0.0.202411081344/tools/bin/../lib/gcc/arm-none-eabi/13.3.1/../../../../arm-none-eabi/lib/thumb/v7e-m+fp/hard\libc_nano.a(libc_a-mallocr.o) (__malloc_lock)
C:/ST/STM32CubeIDE_1.17.0/STM32CubeIDE/plugins/com.st.stm32cube.ide.mcu.externaltools.gnu-tools-for-stm32.13.3.rel1.win32_1.0.0.202411081344/tools/bin/../lib/gcc/arm-none-eabi/13.3.1/../../../../arm-none-eabi/lib/thumb/v7e-m+fp/hard\libc_nano.a(libc_a-realloc.o)
                              ./Core/Src/memory.o (realloc)
C:/ST/STM32CubeIDE_1.17.0/STM32CubeIDE/plugins/com.st.stm32cube.ide.mcu.externaltools.gnu-tools-for-stm32.13.3.rel1.win32_1.0.0.202411081344/tools/bin/../lib/gcc/arm-none-eabi/13.3.1/../../../../arm-none-eabi/lib/thumb/v7e-m+fp/hard\libc_nano.a(libc_a-reallocr.o)
                              C:/ST/STM32CubeIDE_1.17.0/STM32CubeIDE/plugins/com.st.stm32cube.ide.mcu.externaltools.gnu-tools-for-stm32.13.3.rel1.win32_1.0.0.202411081344/tools/bin/../lib/gcc/arm-none-eabi/13.3.1/../../../../arm-none-eabi/lib/thumb/v7e-m+fp/hard\libc_nano.a(libc_a-realloc.o) (_realloc_r)
C:/ST/STM32CubeIDE_1.17.0/STM32CubeIDE/plugins/com.st.stm32cube.ide.mcu.externaltools.gnu-tools-for-stm32.13.3.rel1.win32_1.0.0.202411081344/tools/bin/../lib/gcc/arm-none-eabi/13.3.1/../../../../arm-none-eabi/lib/thumb/v7e-m+fp/hard\libc_nano.a(libc_a-findfp.o)
                              C:/ST/STM32CubeIDE_1.17.0/STM32CubeIDE/plugins/com.st.stm32cube.ide.mcu.externaltools.gnu-tools-for-stm32.13.3.rel1.win32_1.0.0.202411081344/tools/bin/../lib/gcc/arm-none-eabi/13.3.1/../../../../arm-none-eabi/lib/thumb/v7e-m+fp/hard\libc_nano.a(libc_a-exit.o) (__stdio_exit_handler)
C:/ST/STM32CubeIDE_1.17.0/STM32CubeIDE/plugins/com.st.stm32cube.ide.mcu.externaltools.gnu-tools-for-stm32.13.3.rel1.win32_1.0.0.202411081344/tools/bin/../lib/gcc/arm-none-eabi/13.3.1/../../../../arm-none-eabi/lib/thumb/v7e-m+fp/hard\libc_nano.a(libc_a-fwalk.o)
                              C:/ST/STM32CubeIDE_1.17.0/STM32CubeIDE/plugins/com.st.stm32cube.ide.mcu.externaltools.gnu-tools-for-stm32.13.3.rel1.win32_1.0.0.202411081344/tools/bin/../lib/gcc/arm-none-eabi/13.3.1/../../../../arm-none-eabi/lib/thumb/v7e-m+fp/hard\libc_nano.a(libc_a-findfp.o) (_fwalk_sglue)
[...]
Memory Configuration

Name             Origin             Length             Attributes
CCMRAM           0x10000000         0x00002000         xrw
RAM              0x20000000         0x0000a000         xrw
FLASH            0x08000000         0x00040000         xr
*default*        0x00000000         0xffffffff

Linker script and memory map

LOAD C:/ST/STM32CubeIDE_1.17.0/STM32CubeIDE/plugins/com.st.stm32cube.ide.mcu.externaltools.gnu-tools-for-stm32.13.3.rel1.win32_1.0.0.202411081344/tools/bin/../lib/gcc/arm-none-eabi/13.3.1/thumb/v7e-m+fp/hard/crti.o
LOAD C:/ST/STM32CubeIDE_1.17.0/STM32CubeIDE/plugins/com.st.stm32cube.ide.mcu.externaltools.gnu-tools-for-stm32.13.3.rel1.win32_1.0.0.202411081344/tools/bin/../lib/gcc/arm-none-eabi/13.3.1/thumb/v7e-m+fp/hard/crtbegin.o
LOAD C:/ST/STM32CubeIDE_1.17.0/STM32CubeIDE/plugins/com.st.stm32cube.ide.mcu.externaltools.gnu-tools-for-stm32.13.3.rel1.win32_1.0.0.202411081344/tools/bin/../lib/gcc/arm-none-eabi/13.3.1/../../../../arm-none-eabi/lib/thumb/v7e-m+fp/hard/crt0.o
LOAD ./Core/Src/callbacks.o
LOAD ./Core/Src/main.o
LOAD ./Core/Src/memory.o
LOAD ./Core/Src/morse.o
LOAD ./Core/Src/serial.o
LOAD ./Core/Src/serialise.o
LOAD ./Core/Src/servo.o
LOAD ./Core/Src/stm32f3xx_hal_msp.o
LOAD ./Core/Src/stm32f3xx_it.o
LOAD ./Core/Src/syscalls.o
LOAD ./Core/Src/sysmem.o
LOAD ./Core/Src/system_stm32f3xx.o
LOAD ./Core/Startup/startup_stm32f303vctx.o
LOAD ./Drivers/STM32F3xx_HAL_Driver/Src/stm32f3xx_hal.o
LOAD ./Drivers/STM32F3xx_HAL_Driver/Src/stm32f3xx_hal_cortex.o
LOAD ./Drivers/STM32F3xx_HAL_Driver/Src/stm32f3xx_hal_dma.o
LOAD ./Drivers/STM32F3xx_HAL_Driver/Src/stm32f3xx_hal_exti.o
LOAD ./Drivers/STM32F3xx_HAL_Driver/Src/stm32f3xx_hal_flash.o
LOAD ./Drivers/STM32F3xx_HAL_Driver/Src/stm32f3xx_hal_flash_ex.o
LOAD ./Drivers/STM32F3xx_HAL_Driver/Src/stm32f3xx_hal_gpio.o
LOAD ./Drivers/STM32F3xx_HAL_Driver/Src/stm32f3xx_hal_i2c.o
LOAD ./Drivers/STM32F3xx_HAL_Driver/Src/stm32f3xx_hal_i2c_ex.o
LOAD ./Drivers/STM32F3xx_HAL_Driver/Src/stm32f3xx_hal_pcd.o
LOAD ./Drivers/STM32F3xx_HAL_Driver/Src/stm32f3xx_hal_pcd_ex.o
LOAD ./Drivers/STM32F3xx_HAL_Driver/Src/stm32f3xx_hal_pwr.o
LOAD ./Drivers/STM32F3xx_HAL_Driver/Src/stm32f3xx_hal_pwr_ex.o
LOAD ./Drivers/STM32F3xx_HAL_Driver/Src/stm32f3xx_hal_rcc.o
LOAD ./Drivers/STM32F3xx_HAL_Driver/Src/stm32f3xx_hal_rcc_ex.o
LOAD ./Drivers/STM32F3xx_HAL_Driver/Src/stm32f3xx_hal_spi.o
LOAD ./Drivers/STM32F3xx_HAL_Driver/Src/stm32f3xx_hal_spi_ex.o
LOAD ./Drivers/STM32F3xx_HAL_Driver/Src/stm32f3xx_hal_tim.o
LOAD ./Drivers/STM32F3xx_HAL_Driver/Src/stm32f3xx_hal_tim_ex.o
LOAD ./Drivers/STM32F3xx_HAL_Driver/Src/stm32f3xx_ll_usb.o
START GROUP
LOAD C:/ST/STM32CubeIDE_1.17.0/STM32CubeIDE/plugins/com.st.stm32cube.ide.mcu.externaltools.gnu-tools-for-stm32.13.3.rel1.win32_1.0.0.202411081344/tools/bin/../lib/gcc/arm-none-eabi/13.3.1/../../../../arm-none-eabi/lib/thumb/v7e-m+fp/hard\libc_nano.a
LOAD C:/ST/STM32CubeIDE_1.17.0/STM32CubeIDE/plugins/com.st.stm32cube.ide.mcu.externaltools.gnu-tools-for-stm32.13.3.rel1.win32_1.0.0.202411081344/tools/bin/../lib/gcc/arm-none-eabi/13.3.1/../../../../arm-none-eabi/lib/thumb/v7e-m+fp/hard\libm.a
END GROUP
START GROUP
LOAD C:/ST/STM32CubeIDE_1.17.0/STM32CubeIDE/plugins/com.st.stm32cube.ide.mcu.externaltools.gnu-tools-for-stm32.13.3.rel1.win32_1.0.0.202411081344/tools/bin/../lib/gcc/arm-none-eabi/13.3.1/thumb/v7e-m+fp/hard\libgcc.a
LOAD C:/ST/STM32CubeIDE_1.17.0/STM32CubeIDE/plugins/com.st.stm32cube.ide.mcu.externaltools.gnu-tools-for-stm32.13.3.rel1.win32_1.0.0.202411081344/tools/bin/../lib/gcc/arm-none-eabi/13.3.1/../../../../arm-none-eabi/lib/thumb/v7e-m+fp/hard\libc_nano.a
END GROUP
START GROUP
LOAD C:/ST/STM32CubeIDE_1.17.0/STM32CubeIDE/plugins/com.st.stm32cube.ide.mcu.externaltools.gnu-tools-for-stm32.13.3.rel1.win32_1.0.0.202411081344/tools/bin/../lib/gcc/arm-none-eabi/13.3.1/thumb/v7e-m+fp/hard\libgcc.a
LOAD C:/ST/STM32CubeIDE_1.17.0/STM32CubeIDE/plugins/com.st.stm32cube.ide.mcu.externaltools.gnu-tools-for-stm32.13.3.rel1.win32_1.0.0.202411081344/tools/bin/../lib/gcc/arm-none-eabi/13.3.1/../../../../arm-none-eabi/lib/thumb/v7e-m+fp/hard\libc_nano.a
LOAD C:/ST/STM32CubeIDE_1.17.0/STM32CubeIDE/plugins/com.st.stm32cube.ide.mcu.externaltools.gnu-tools-for-stm32.13.3.rel1.win32_1.0.0.202411081344/tools/bin/../lib/gcc/arm-none-eabi/13.3.1/../../../../arm-none-eabi/lib/thumb/v7e-m+fp/hard\libnosys.a
END GROUP
START GROUP
LOAD C:/ST/STM32CubeIDE_1.17.0/STM32CubeIDE/plugins/com.st.stm32cube.ide.mcu.externaltools.gnu-tools-for-stm32.13.3.rel1.win32_1.0.0.202411081344/tools/bin/../lib/gcc/arm-none-eabi/13.3.1/thumb/v7e-m+fp/hard\libgcc.a
LOAD C:/ST/STM32CubeIDE_1.17.0/STM32CubeIDE/plugins/com.st.stm32cube.ide.mcu.externaltools.gnu-tools-for-stm32.13.3.rel1.win32_1.0.0.202411081344/tools/bin/../lib/gcc/arm-none-eabi/13.3.1/../../../../arm-none-eabi/lib/thumb/v7e-m+fp/hard\libc_nano.a
LOAD C:/ST/STM32CubeIDE_1.17.0/STM32CubeIDE/plugins/com.st.stm32cube.ide.mcu.externaltools.gnu-tools-for-stm32.13.3.rel1.win32_1.0.0.202411081344/tools/bin/../lib/gcc/arm-none-eabi/13.3.1/../../../../arm-none-eabi/lib/thumb/v7e-m+fp/hard\libnosys.a
END GROUP
LOAD C:/ST/STM32CubeIDE_1.17.0/STM32CubeIDE/plugins/com.st.stm32cube.ide.mcu.externaltools.gnu-tools-for-stm32.13.3.rel1.win32_1.0.0.202411081344/tools/bin/../lib/gcc/arm-none-eabi/13.3.1/thumb/v7e-m+fp/hard/crtend.o
LOAD C:/ST/STM32CubeIDE_1.17.0/STM32CubeIDE/plugins/com.st.stm32cube.ide.mcu.externaltools.gnu-tools-for-stm32.13.3.rel1.win32_1.0.0.202411081344/tools/bin/../lib/gcc/arm-none-eabi/13.3.1/thumb/v7e-m+fp/hard/crtn.o
                0x2000a000                        _estack = (ORIGIN (RAM) + LENGTH (RAM))
                0x00000200                        _Min_Heap_Size = 0x200
                0x00000400                        _Min_Stack_Size = 0x400

.isr_vector     0x08000000      0x188
                0x08000000                        . = ALIGN (0x4)
 *(.isr_vector)
 .isr_vector    0x08000000      0x188 ./Core/Startup/startup_stm32f303vctx.o
                0x08000000                g_pfnVectors
                0x08000188                        . = ALIGN (0x4)

.text           0x08000190     0x59fc
                0x08000190                        . = ALIGN (0x4)
 *(.text)
 .text          0x08000190       0x40 C:/ST/STM32CubeIDE_1.17.0/STM32CubeIDE/plugins/com.st.stm32cube.ide.mcu.externaltools.gnu-tools-for-stm32.13.3.rel1.win32_1.0.0.202411081344/tools/bin/../lib/gcc/arm-none-eabi/13.3.1/thumb/v7e-m+fp/hard/crtbegin.o
 .text          0x080001d0       0x10 C:/ST/STM32CubeIDE_1.17.0/STM32CubeIDE/plugins/com.st.stm32cube.ide.mcu.externaltools.gnu-tools-for-stm32.13.3.rel1.win32_1.0.0.202411081344/tools/bin/../lib/gcc/arm-none-eabi/13.3.1/../../../../arm-none-eabi/lib/thumb/v7e-m+fp/hard\libc_nano.a(libc_a-strlen.o)
                0x080001d0                strlen
 .text          0x080001e0       0xa0 C:/ST/STM32CubeIDE_1.17.0/STM32CubeIDE/plugins/com.st.stm32cube.ide.mcu.externaltools.gnu-tools-for-stm32.13.3.rel1.win32_1.0.0.202411081344/tools/bin/../lib/gcc/arm-none-eabi/13.3.1/../../../../arm-none-eabi/lib/thumb/v7e-m+fp/hard\libc_nano.a(libc_a-memchr.o)
                0x080001e0                memchr
 *(.text*)
 .text.finishedTransmissionCallback
                0x08000280       0x1e ./Core/Src/callbacks.o
                0x08000280                finishedTransmissionCallback
 *fill*         0x0800029e        0x2 
 .text.morseEXTI0Callback
                0x080002a0       0xd0 ./Core/Src/callbacks.o
                0x080002a0                morseEXTI0Callback
 .text.morseEXTI1Callback
                0x08000370       0x34 ./Core/Src/callbacks.o
                0x08000370                morseEXTI1Callback
 .text.morseEXTI4Callback
                0x080003a4       0x20 ./Core/Src/callbacks.o
                0x080003a4                morseEXTI4Callback
 .text.TIM3Callback
                0x080003c4       0x40 ./Core/Src/callbacks.o
                0x080003c4                TIM3Callback
 .text.__NVIC_EnableIRQ
                0x08000404       0x3c ./Core/Src/main.o
 .text.__NVIC_SetPriority
                0x08000440       0x54 ./Core/Src/main.o
 .text.main     0x08000494       0x98 ./Core/Src/main.o
                0x08000494                main
 .text.SystemClock_Config
                0x0800052c       0xc4 ./Core/Src/main.o
                0x0800052c                SystemClock_Config
 .text.MX_I2C1_Init
                0x080005f0       0x80 ./Core/Src/main.o
 .text.MX_SPI1_Init
                0x08000670       0x7c ./Core/Src/main.o
 .text.MX_TIM2_Init
                0x080006ec       0xc8 ./Core/Src/main.o
 .text.MX_USB_PCD_Init
                0x080007b4       0x44 ./Core/Src/main.o
 .text.MX_GPIO_Init
                0x080007f8       0xfc ./Core/Src/main.o
 .text.PERIPHERAL_CLOCKS_Init
                0x080008f4       0x20 ./Core/Src/main.o
                0x080008f4                PERIPHERAL_CLOCKS_Init
 .text.EXTI4_Init
                0x08000914       0x9c ./Core/Src/main.o
                0x08000914                EXTI4_Init
 .text.EXTI1_Init
                0x080009b0       0x9c ./Core/Src/main.o
                0x080009b0                EXTI1_Init
 .text.EXTI0_Init
                0x08000a4c       0x8c ./Core/Src/main.o
                0x08000a4c                EXTI0_Init
 .text.TIM3_Init
                0x08000ad8       0x54 ./Core/Src/main.o
                0x08000ad8                TIM3_Init
 .text.TIM4_Init
                0x08000b2c       0x40 ./Core/Src/main.o
                0x08000b2c                TIM4_Init
 .text.LED_Init
                0x08000b6c       0x24 ./Core/Src/main.o
                0x08000b6c                LED_Init
 .text.Error_Handler
                0x08000b90        0xc ./Core/Src/main.o
                0x08000b90                Error_Handler
 .text.arrAlloc
                0x08000b9c       0x30 ./Core/Src/memory.o
                0x08000b9c                arrAlloc
 .text.matrixAlloc
                0x08000bcc       0x5e ./Core/Src/memory.o
                0x08000bcc                matrixAlloc
 .text.freeMatrix
                0x08000c2a       0x46 ./Core/Src/memory.o
                0x08000c2a                freeMatrix
 .text.outputMorseData
                0x08000c70      0x130 ./Core/Src/morse.o
                0x08000c70                outputMorseData
 .text.initialiseMorse
                0x08000da0      0x464 ./Core/Src/morse.o
                0x08000da0                initialiseMorse
 .text.initialiseFlags
                0x08001204       0x18 ./Core/Src/morse.o
                0x08001204                initialiseFlags
 .text.assignMorse
                0x0800121c      0x428 ./Core/Src/morse.o
                0x0800121c                assignMorse
 .text.delayMiliSec
                0x08001644       0x4c ./Core/Src/morse.o
                0x08001644                delayMiliSec
 .text.setLedState
                0x08001690       0x28 ./Core/Src/morse.o
                0x08001690                setLedState
 .text.getLevelCompleteFlag
                0x080016b8       0x18 ./Core/Src/morse.o
                0x080016b8                getLevelCompleteFlag
 .text.setLevelCompleteFlag
                0x080016d0       0x18 ./Core/Src/morse.o
                0x080016d0                setLevelCompleteFlag
 .text.levelCompleteProcedure
                0x080016e8       0xb0 ./Core/Src/morse.o
                0x080016e8                levelCompleteProcedure
 .text.__NVIC_EnableIRQ
                0x08001798       0x3c ./Core/Src/serial.o
 .text.__NVIC_SetPriority
                0x080017d4       0x54 ./Core/Src/serial.o
 .text.SerialOutputBuffer
                0x08001828       0x60 ./Core/Src/serial.o
                0x08001828                SerialOutputBuffer
 .text.isRxQueueFull
                0x08001888       0x3c ./Core/Src/serial.o
 .text.EnqueueRxMessage
                0x080018c4       0x98 ./Core/Src/serial.o
 .text.SerialInitialise
                0x0800195c      0x10c ./Core/Src/serial.o
                0x0800195c                SerialInitialise
 .text.USART1_IRQHandler
                0x08001a68      0x12c ./Core/Src/serial.o
                0x08001a68                USART1_IRQHandler
 .text.setupGPIOPinsTim8
                0x08001b94       0x44 ./Core/Src/servo.o
                0x08001b94                setupGPIOPinsTim8
 .text.setupTim8Pwm
                0x08001bd8       0xa0 ./Core/Src/servo.o
                0x08001bd8                setupTim8Pwm
 .text.servoAngle
                0x08001c78       0x84 ./Core/Src/servo.o
                0x08001c78                servoAngle
 .text.HAL_MspInit
                0x08001cfc       0x48 ./Core/Src/stm32f3xx_hal_msp.o
                0x08001cfc                HAL_MspInit
 .text.HAL_I2C_MspInit
                0x08001d44       0x88 ./Core/Src/stm32f3xx_hal_msp.o
                0x08001d44                HAL_I2C_MspInit
 .text.HAL_SPI_MspInit
                0x08001dcc       0x84 ./Core/Src/stm32f3xx_hal_msp.o
                0x08001dcc                HAL_SPI_MspInit
 .text.HAL_TIM_PWM_MspInit
                0x08001e50       0x3c ./Core/Src/stm32f3xx_hal_msp.o
                0x08001e50                HAL_TIM_PWM_MspInit
 .text.HAL_TIM_MspPostInit
                0x08001e8c       0x6c ./Core/Src/stm32f3xx_hal_msp.o
                0x08001e8c                HAL_TIM_MspPostInit
 .text.HAL_PCD_MspInit
                0x08001ef8       0x88 ./Core/Src/stm32f3xx_hal_msp.o
                0x08001ef8                HAL_PCD_MspInit
 .text.NMI_Handler
                0x08001f80        0x8 ./Core/Src/stm32f3xx_it.o
                0x08001f80                NMI_Handler
 .text.HardFault_Handler
                0x08001f88        0x8 ./Core/Src/stm32f3xx_it.o
                0x08001f88                HardFault_Handler
 .text.MemManage_Handler
                0x08001f90        0x8 ./Core/Src/stm32f3xx_it.o
                0x08001f90                MemManage_Handler
 .text.BusFault_Handler
                0x08001f98        0x8 ./Core/Src/stm32f3xx_it.o
                0x08001f98                BusFault_Handler
 .text.UsageFault_Handler
                0x08001fa0        0x8 ./Core/Src/stm32f3xx_it.o
                0x08001fa0                UsageFault_Handler
 .text.SVC_Handler
                0x08001fa8        0xe ./Core/Src/stm32f3xx_it.o
                0x08001fa8                SVC_Handler
 .text.DebugMon_Handler
                0x08001fb6        0xe ./Core/Src/stm32f3xx_it.o
                0x08001fb6                DebugMon_Handler
 .text.PendSV_Handler
                0x08001fc4        0xe ./Core/Src/stm32f3xx_it.o
                0x08001fc4                PendSV_Handler
 .text.SysTick_Handler
                0x08001fd2        0xc ./Core/Src/stm32f3xx_it.o
                0x08001fd2                SysTick_Handler
 *fill*         0x08001fde        0x2 
 .text.EXTI0_IRQHandler
                0x08001fe0       0x4c ./Core/Src/stm32f3xx_it.o
                0x08001fe0                EXTI0_IRQHandler
 .text.EXTI1_IRQHandler
                0x0800202c       0x38 ./Core/Src/stm32f3xx_it.o
                0x0800202c                EXTI1_IRQHandler
 .text.EXTI4_IRQHandler
                0x08002064       0x38 ./Core/Src/stm32f3xx_it.o
                0x08002064                EXTI4_IRQHandler
 .text.TIM3_IRQHandler
                0x0800209c       0x64 ./Core/Src/stm32f3xx_it.o
                0x0800209c                TIM3_IRQHandler
 .text._kill    0x08002100       0x20 ./Core/Src/syscalls.o
                0x08002100                _kill
 .text._exit    0x08002120       0x16 ./Core/Src/syscalls.o
                0x08002120                _exit
 *fill*         0x08002136        0x2 
 .text._sbrk    0x08002138       0x6c ./Core/Src/sysmem.o
                0x08002138                _sbrk
 .text.SystemInit
                0x080021a4       0x24 ./Core/Src/system_stm32f3xx.o
                0x080021a4                SystemInit
 .text.Reset_Handler
                0x080021c8       0x50 ./Core/Startup/startup_stm32f303vctx.o
                0x080021c8                Reset_Handler
 .text.Default_Handler
                0x08002218        0x2 ./Core/Startup/startup_stm32f303vctx.o
                0x08002218                RTC_Alarm_IRQHandler
                0x08002218                TIM8_TRG_COM_IRQHandler
                0x08002218                TIM8_CC_IRQHandler
                0x08002218                TIM1_CC_IRQHandler
                0x08002218                USB_HP_IRQHandler
                0x08002218                PVD_IRQHandler
                0x08002218                TAMP_STAMP_IRQHandler
                0x08002218                EXTI3_IRQHandler
                0x08002218                USB_HP_CAN_TX_IRQHandler
                0x08002218                I2C2_EV_IRQHandler
                0x08002218                FPU_IRQHandler
                0x08002218                TIM1_UP_TIM16_IRQHandler
                0x08002218                ADC1_2_IRQHandler
                0x08002218                SPI1_IRQHandler
                0x08002218                CAN_SCE_IRQHandler
                0x08002218                TIM6_DAC_IRQHandler
                0x08002218                TIM8_UP_IRQHandler
                0x08002218                DMA2_Channel2_IRQHandler
                0x08002218                DMA1_Channel4_IRQHandler
                0x08002218                USART3_IRQHandler
                0x08002218                DMA1_Channel7_IRQHandler
                0x08002218                UART5_IRQHandler
                0x08002218                ADC3_IRQHandler
                0x08002218                TIM4_IRQHandler
                0x08002218                CAN_RX1_IRQHandler
                0x08002218                DMA2_Channel1_IRQHandler
                0x08002218                I2C1_EV_IRQHandler
                0x08002218                DMA1_Channel6_IRQHandler
                0x08002218                UART4_IRQHandler
                0x08002218                DMA2_Channel4_IRQHandler
                0x08002218                RCC_IRQHandler
                0x08002218                DMA1_Channel1_IRQHandler
                0x08002218                Default_Handler
                0x08002218                USBWakeUp_RMP_IRQHandler
                0x08002218                EXTI15_10_IRQHandler
                0x08002218                TIM7_IRQHandler
                0x08002218                EXTI9_5_IRQHandler
                0x08002218                RTC_WKUP_IRQHandler
                0x08002218                SPI2_IRQHandler
                0x08002218                USB_LP_CAN_RX0_IRQHandler
                0x08002218                DMA2_Channel5_IRQHandler
                0x08002218                DMA1_Channel5_IRQHandler
                0x08002218                USB_LP_IRQHandler
                0x08002218                TIM1_TRG_COM_TIM17_IRQHandler
                0x08002218                DMA1_Channel3_IRQHandler
                0x08002218                ADC4_IRQHandler
                0x08002218                WWDG_IRQHandler
                0x08002218                TIM2_IRQHandler
                0x08002218                COMP7_IRQHandler
                0x08002218                COMP1_2_3_IRQHandler
                0x08002218                USART2_IRQHandler
                0x08002218                COMP4_5_6_IRQHandler
                0x08002218                I2C2_ER_IRQHandler
                0x08002218                DMA1_Channel2_IRQHandler
                0x08002218                TIM8_BRK_IRQHandler
                0x08002218                FLASH_IRQHandler
                0x08002218                SPI3_IRQHandler
                0x08002218                I2C1_ER_IRQHandler
                0x08002218                USBWakeUp_IRQHandler
                0x08002218                DMA2_Channel3_IRQHandler
                0x08002218                EXTI2_TSC_IRQHandler
                0x08002218                TIM1_BRK_TIM15_IRQHandler
 *fill*         0x0800221a        0x2 
 .text.HAL_Init
                0x0800221c       0x2c ./Drivers/STM32F3xx_HAL_Driver/Src/stm32f3xx_hal.o
                0x0800221c                HAL_Init
 .text.HAL_InitTick
                0x08002248       0x60 ./Drivers/STM32F3xx_HAL_Driver/Src/stm32f3xx_hal.o
                0x08002248                HAL_InitTick
 .text.HAL_IncTick
                0x080022a8       0x28 ./Drivers/STM32F3xx_HAL_Driver/Src/stm32f3xx_hal.o
                0x080022a8                HAL_IncTick
 .text.HAL_GetTick
                0x080022d0       0x18 ./Drivers/STM32F3xx_HAL_Driver/Src/stm32f3xx_hal.o
                0x080022d0                HAL_GetTick
 .text.__NVIC_SetPriorityGrouping
                0x080022e8       0x48 ./Drivers/STM32F3xx_HAL_Driver/Src/stm32f3xx_hal_cortex.o
 .text.__NVIC_GetPriorityGrouping
                0x08002330       0x1c ./Drivers/STM32F3xx_HAL_Driver/Src/stm32f3xx_hal_cortex.o
 .text.__NVIC_SetPriority
                0x0800234c       0x54 ./Drivers/STM32F3xx_HAL_Driver/Src/stm32f3xx_hal_cortex.o
 .text.NVIC_EncodePriority
                0x080023a0       0x66 ./Drivers/STM32F3xx_HAL_Driver/Src/stm32f3xx_hal_cortex.o
 *fill*         0x08002406        0x2 
 .text.SysTick_Config
                0x08002408       0x44 ./Drivers/STM32F3xx_HAL_Driver/Src/stm32f3xx_hal_cortex.o
 .text.HAL_NVIC_SetPriorityGrouping
                0x0800244c       0x16 ./Drivers/STM32F3xx_HAL_Driver/Src/stm32f3xx_hal_cortex.o
                0x0800244c                HAL_NVIC_SetPriorityGrouping
 .text.HAL_NVIC_SetPriority
                0x08002462       0x38 ./Drivers/STM32F3xx_HAL_Driver/Src/stm32f3xx_hal_cortex.o
                0x08002462                HAL_NVIC_SetPriority
 .text.HAL_SYSTICK_Config
                0x0800249a       0x18 ./Drivers/STM32F3xx_HAL_Driver/Src/stm32f3xx_hal_cortex.o
                0x0800249a                HAL_SYSTICK_Config
 *fill*         0x080024b2        0x2 
 .text.HAL_GPIO_Init
                0x080024b4      0x2f4 ./Drivers/STM32F3xx_HAL_Driver/Src/stm32f3xx_hal_gpio.o
                0x080024b4                HAL_GPIO_Init
 .text.HAL_GPIO_WritePin
                0x080027a8       0x30 ./Drivers/STM32F3xx_HAL_Driver/Src/stm32f3xx_hal_gpio.o
                0x080027a8                HAL_GPIO_WritePin
 .text.HAL_I2C_Init
                0x080027d8      0x136 ./Drivers/STM32F3xx_HAL_Driver/Src/stm32f3xx_hal_i2c.o
                0x080027d8                HAL_I2C_Init
 .text.HAL_I2CEx_ConfigAnalogFilter
                0x0800290e       0x96 ./Drivers/STM32F3xx_HAL_Driver/Src/stm32f3xx_hal_i2c_ex.o
                0x0800290e                HAL_I2CEx_ConfigAnalogFilter
 .text.HAL_I2CEx_ConfigDigitalFilter
                0x080029a4       0x98 ./Drivers/STM32F3xx_HAL_Driver/Src/stm32f3xx_hal_i2c_ex.o
                0x080029a4                HAL_I2CEx_ConfigDigitalFilter
 .text.HAL_PCD_Init
                0x08002a3c      0x18e ./Drivers/STM32F3xx_HAL_Driver/Src/stm32f3xx_hal_pcd.o
                0x08002a3c                HAL_PCD_Init
 *fill*         0x08002bca        0x2 
 .text.HAL_RCC_OscConfig
                0x08002bcc     0x101c ./Drivers/STM32F3xx_HAL_Driver/Src/stm32f3xx_hal_rcc.o
                0x08002bcc                HAL_RCC_OscConfig
 .text.HAL_RCC_ClockConfig
                0x08003be8      0x2dc ./Drivers/STM32F3xx_HAL_Driver/Src/stm32f3xx_hal_rcc.o
                0x08003be8                HAL_RCC_ClockConfig
 .text.HAL_RCC_GetSysClockFreq
                0x08003ec4       0xa8 ./Drivers/STM32F3xx_HAL_Driver/Src/stm32f3xx_hal_rcc.o
                0x08003ec4                HAL_RCC_GetSysClockFreq
 .text.HAL_RCCEx_PeriphCLKConfig
                0x08003f6c      0x35c ./Drivers/STM32F3xx_HAL_Driver/Src/stm32f3xx_hal_rcc_ex.o
                0x08003f6c                HAL_RCCEx_PeriphCLKConfig
 .text.HAL_SPI_Init
                0x080042c8      0x156 ./Drivers/STM32F3xx_HAL_Driver/Src/stm32f3xx_hal_spi.o
                0x080042c8                HAL_SPI_Init
 .text.HAL_TIM_PWM_Init
                0x0800441e       0xae ./Drivers/STM32F3xx_HAL_Driver/Src/stm32f3xx_hal_tim.o
                0x0800441e                HAL_TIM_PWM_Init
 .text.HAL_TIM_PWM_Start
                0x080044cc      0x200 ./Drivers/STM32F3xx_HAL_Driver/Src/stm32f3xx_hal_tim.o
                0x080044cc                HAL_TIM_PWM_Start
 .text.HAL_TIM_PWM_ConfigChannel
                0x080046cc      0x228 ./Drivers/STM32F3xx_HAL_Driver/Src/stm32f3xx_hal_tim.o
                0x080046cc                HAL_TIM_PWM_ConfigChannel
 .text.TIM_Base_SetConfig
                0x080048f4      0x138 ./Drivers/STM32F3xx_HAL_Driver/Src/stm32f3xx_hal_tim.o
                0x080048f4                TIM_Base_SetConfig
 .text.TIM_OC1_SetConfig
                0x08004a2c      0x120 ./Drivers/STM32F3xx_HAL_Driver/Src/stm32f3xx_hal_tim.o
 .text.TIM_OC2_SetConfig
                0x08004b4c      0x114 ./Drivers/STM32F3xx_HAL_Driver/Src/stm32f3xx_hal_tim.o
                0x08004b4c                TIM_OC2_SetConfig
 .text.TIM_OC3_SetConfig
                0x08004c60      0x110 ./Drivers/STM32F3xx_HAL_Driver/Src/stm32f3xx_hal_tim.o
 .text.TIM_OC4_SetConfig
                0x08004d70       0xd4 ./Drivers/STM32F3xx_HAL_Driver/Src/stm32f3xx_hal_tim.o
 .text.TIM_OC5_SetConfig
                0x08004e44       0xc8 ./Drivers/STM32F3xx_HAL_Driver/Src/stm32f3xx_hal_tim.o
 .text.TIM_OC6_SetConfig
                0x08004f0c       0xcc ./Drivers/STM32F3xx_HAL_Driver/Src/stm32f3xx_hal_tim.o
 .text.TIM_CCxChannelCmd
                0x08004fd8       0x4a ./Drivers/STM32F3xx_HAL_Driver/Src/stm32f3xx_hal_tim.o
                0x08004fd8                TIM_CCxChannelCmd
 *fill*         0x08005022        0x2 
 .text.HAL_TIMEx_MasterConfigSynchronization
                0x08005024      0x100 ./Drivers/STM32F3xx_HAL_Driver/Src/stm32f3xx_hal_tim_ex.o
                0x08005024                HAL_TIMEx_MasterConfigSynchronization
 .text.USB_DisableGlobalInt
                0x08005124       0x36 ./Drivers/STM32F3xx_HAL_Driver/Src/stm32f3xx_ll_usb.o
                0x08005124                USB_DisableGlobalInt
 .text.USB_DevInit
                0x0800515a       0x3c ./Drivers/STM32F3xx_HAL_Driver/Src/stm32f3xx_ll_usb.o
                0x0800515a                USB_DevInit
 *fill*         0x08005196        0x2 
 .text.calloc   0x08005198       0x10 C:/ST/STM32CubeIDE_1.17.0/STM32CubeIDE/plugins/com.st.stm32cube.ide.mcu.externaltools.gnu-tools-for-stm32.13.3.rel1.win32_1.0.0.202411081344/tools/bin/../lib/gcc/arm-none-eabi/13.3.1/../../../../arm-none-eabi/lib/thumb/v7e-m+fp/hard\libc_nano.a(libc_a-calloc.o)
                0x08005198                calloc
 .text._calloc_r
                0x080051a8       0x28 C:/ST/STM32CubeIDE_1.17.0/STM32CubeIDE/plugins/com.st.stm32cube.ide.mcu.externaltools.gnu-tools-for-stm32.13.3.rel1.win32_1.0.0.202411081344/tools/bin/../lib/gcc/arm-none-eabi/13.3.1/../../../../arm-none-eabi/lib/thumb/v7e-m+fp/hard\libc_nano.a(libc_a-callocr.o)
                0x080051a8                _calloc_r
 .text.exit     0x080051d0       0x24 C:/ST/STM32CubeIDE_1.17.0/STM32CubeIDE/plugins/com.st.stm32cube.ide.mcu.externaltools.gnu-tools-for-stm32.13.3.rel1.win32_1.0.0.202411081344/tools/bin/../lib/gcc/arm-none-eabi/13.3.1/../../../../arm-none-eabi/lib/thumb/v7e-m+fp/hard\libc_nano.a(libc_a-exit.o)
                0x080051d0                exit
 .text.free     0x080051f4       0x10 C:/ST/STM32CubeIDE_1.17.0/STM32CubeIDE/plugins/com.st.stm32cube.ide.mcu.externaltools.gnu-tools-for-stm32.13.3.rel1.win32_1.0.0.202411081344/tools/bin/../lib/gcc/arm-none-eabi/13.3.1/../../../../arm-none-eabi/lib/thumb/v7e-m+fp/hard\libc_nano.a(libc_a-malloc.o)
                0x080051f4                free
 .text.sbrk_aligned
                0x08005204       0x44 C:/ST/STM32CubeIDE_1.17.0/STM32CubeIDE/plugins/com.st.stm32cube.ide.mcu.externaltools.gnu-tools-for-stm32.13.3.rel1.win32_1.0.0.202411081344/tools/bin/../lib/gcc/arm-none-eabi/13.3.1/../../../../arm-none-eabi/lib/thumb/v7e-m+fp/hard\libc_nano.a(libc_a-mallocr.o)
 .text._malloc_r
                0x08005248      0x100 C:/ST/STM32CubeIDE_1.17.0/STM32CubeIDE/plugins/com.st.stm32cube.ide.mcu.externaltools.gnu-tools-for-stm32.13.3.rel1.win32_1.0.0.202411081344/tools/bin/../lib/gcc/arm-none-eabi/13.3.1/../../../../arm-none-eabi/lib/thumb/v7e-m+fp/hard\libc_nano.a(libc_a-mallocr.o)
                0x08005248                _malloc_r
 .text.__malloc_lock
                0x08005348        0xc C:/ST/STM32CubeIDE_1.17.0/STM32CubeIDE/plugins/com.st.stm32cube.ide.mcu.externaltools.gnu-tools-for-stm32.13.3.rel1.win32_1.0.0.202411081344/tools/bin/../lib/gcc/arm-none-eabi/13.3.1/../../../../arm-none-eabi/lib/thumb/v7e-m+fp/hard\libc_nano.a(libc_a-mlock.o)
                0x08005348                __malloc_lock
 .text.__malloc_unlock
                0x08005354        0xc C:/ST/STM32CubeIDE_1.17.0/STM32CubeIDE/plugins/com.st.stm32cube.ide.mcu.externaltools.gnu-tools-for-stm32.13.3.rel1.win32_1.0.0.202411081344/tools/bin/../lib/gcc/arm-none-eabi/13.3.1/../../../../arm-none-eabi/lib/thumb/v7e-m+fp/hard\libc_nano.a(libc_a-mlock.o)
                0x08005354                __malloc_unlock
 .text._realloc_r
                0x08005360       0x5c C:/ST/STM32CubeIDE_1.17.0/STM32CubeIDE/plugins/com.st.stm32cube.ide.mcu.externaltools.gnu-tools-for-stm32.13.3.rel1.win32_1.0.0.202411081344/tools/bin/../lib/gcc/arm-none-eabi/13.3.1/../../../../arm-none-eabi/lib/thumb/v7e-m+fp/hard\libc_nano.a(libc_a-reallocr.o)
                0x08005360                _realloc_r
 .text.sprintf  0x080053bc       0x44 C:/ST/STM32CubeIDE_1.17.0/STM32CubeIDE/plugins/com.st.stm32cube.ide.mcu.externaltools.gnu-tools-for-stm32.13.3.rel1.win32_1.0.0.202411081344/tools/bin/../lib/gcc/arm-none-eabi/13.3.1/../../../../arm-none-eabi/lib/thumb/v7e-m+fp/hard\libc_nano.a(libc_a-sprintf.o)
                0x080053bc                siprintf
                0x080053bc                sprintf
 .text.memset   0x08005400       0x10 C:/ST/STM32CubeIDE_1.17.0/STM32CubeIDE/plugins/com.st.stm32cube.ide.mcu.externaltools.gnu-tools-for-stm32.13.3.rel1.win32_1.0.0.202411081344/tools/bin/../lib/gcc/arm-none-eabi/13.3.1/../../../../arm-none-eabi/lib/thumb/v7e-m+fp/hard\libc_nano.a(libc_a-memset.o)
                0x08005400                memset
 .text.strcat   0x08005410       0x1e C:/ST/STM32CubeIDE_1.17.0/STM32CubeIDE/plugins/com.st.stm32cube.ide.mcu.externaltools.gnu-tools-for-stm32.13.3.rel1.win32_1.0.0.202411081344/tools/bin/../lib/gcc/arm-none-eabi/13.3.1/../../../../arm-none-eabi/lib/thumb/v7e-m+fp/hard\libc_nano.a(libc_a-strcat.o)
                0x08005410                strcat
 *fill*         0x0800542e        0x2 
 .text._sbrk_r  0x08005430       0x20 C:/ST/STM32CubeIDE_1.17.0/STM32CubeIDE/plugins/com.st.stm32cube.ide.mcu.externaltools.gnu-tools-for-stm32.13.3.rel1.win32_1.0.0.202411081344/tools/bin/../lib/gcc/arm-none-eabi/13.3.1/../../../../arm-none-eabi/lib/thumb/v7e-m+fp/hard\libc_nano.a(libc_a-sbrkr.o)
                0x08005430                _sbrk_r
 .text.__errno  0x08005450        0xc C:/ST/STM32CubeIDE_1.17.0/STM32CubeIDE/plugins/com.st.stm32cube.ide.mcu.externaltools.gnu-tools-for-stm32.13.3.rel1.win32_1.0.0.202411081344/tools/bin/../lib/gcc/arm-none-eabi/13.3.1/../../../../arm-none-eabi/lib/thumb/v7e-m+fp/hard\libc_nano.a(libc_a-errno.o)
                0x08005450                __errno
 .text.__libc_init_array
                0x0800545c       0x48 C:/ST/STM32CubeIDE_1.17.0/STM32CubeIDE/plugins/com.st.stm32cube.ide.mcu.externaltools.gnu-tools-for-stm32.13.3.rel1.win32_1.0.0.202411081344/tools/bin/../lib/gcc/arm-none-eabi/13.3.1/../../../../arm-none-eabi/lib/thumb/v7e-m+fp/hard\libc_nano.a(libc_a-init.o)
                0x0800545c                __libc_init_array
 .text.__retarget_lock_acquire_recursive
                0x080054a4        0x2 C:/ST/STM32CubeIDE_1.17.0/STM32CubeIDE/plugins/com.st.stm32cube.ide.mcu.externaltools.gnu-tools-for-stm32.13.3.rel1.win32_1.0.0.202411081344/tools/bin/../lib/gcc/arm-none-eabi/13.3.1/../../../../arm-none-eabi/lib/thumb/v7e-m+fp/hard\libc_nano.a(libc_a-lock.o)
                0x080054a4                __retarget_lock_acquire_recursive
 .text.__retarget_lock_release_recursive
                0x080054a6        0x2 C:/ST/STM32CubeIDE_1.17.0/STM32CubeIDE/plugins/com.st.stm32cube.ide.mcu.externaltools.gnu-tools-for-stm32.13.3.rel1.win32_1.0.0.202411081344/tools/bin/../lib/gcc/arm-none-eabi/13.3.1/../../../../arm-none-eabi/lib/thumb/v7e-m+fp/hard\libc_nano.a(libc_a-lock.o)
                0x080054a6                __retarget_lock_release_recursive
 .text.strcpy   0x080054a8       0x10 C:/ST/STM32CubeIDE_1.17.0/STM32CubeIDE/plugins/com.st.stm32cube.ide.mcu.externaltools.gnu-tools-for-stm32.13.3.rel1.win32_1.0.0.202411081344/tools/bin/../lib/gcc/arm-none-eabi/13.3.1/../../../../arm-none-eabi/lib/thumb/v7e-m+fp/hard\libc_nano.a(libc_a-strcpy.o)
                0x080054a8                strcpy
 .text.memcpy   0x080054b8       0x1c C:/ST/STM32CubeIDE_1.17.0/STM32CubeIDE/plugins/com.st.stm32cube.ide.mcu.externaltools.gnu-tools-for-stm32.13.3.rel1.win32_1.0.0.202411081344/tools/bin/../lib/gcc/arm-none-eabi/13.3.1/../../../../arm-none-eabi/lib/thumb/v7e-m+fp/hard\libc_nano.a(libc_a-memcpy-stub.o)
                0x080054b8                memcpy
 .text._free_r  0x080054d4       0x94 C:/ST/STM32CubeIDE_1.17.0/STM32CubeIDE/plugins/com.st.stm32cube.ide.mcu.externaltools.gnu-tools-for-stm32.13.3.rel1.win32_1.0.0.202411081344/tools/bin/../lib/gcc/arm-none-eabi/13.3.1/../../../../arm-none-eabi/lib/thumb/v7e-m+fp/hard\libc_nano.a(libc_a-freer.o)
                0x080054d4                _free_r
 .text._malloc_usable_size_r
                0x08005568       0x10 C:/ST/STM32CubeIDE_1.17.0/STM32CubeIDE/plugins/com.st.stm32cube.ide.mcu.externaltools.gnu-tools-for-stm32.13.3.rel1.win32_1.0.0.202411081344/tools/bin/../lib/gcc/arm-none-eabi/13.3.1/../../../../arm-none-eabi/lib/thumb/v7e-m+fp/hard\libc_nano.a(libc_a-msizer.o)
                0x08005568                _malloc_usable_size_r
 .text.__ssputs_r
                0x08005578       0xb6 C:/ST/STM32CubeIDE_1.17.0/STM32CubeIDE/plugins/com.st.stm32cube.ide.mcu.externaltools.gnu-tools-for-stm32.13.3.rel1.win32_1.0.0.202411081344/tools/bin/../lib/gcc/arm-none-eabi/13.3.1/../../../../arm-none-eabi/lib/thumb/v7e-m+fp/hard\libc_nano.a(libc_a-nano-svfprintf.o)
                0x08005578                __ssputs_r
 *fill*         0x0800562e        0x2 
 .text._svfprintf_r
                0x08005630      0x1f8 C:/ST/STM32CubeIDE_1.17.0/STM32CubeIDE/plugins/com.st.stm32cube.ide.mcu.externaltools.gnu-tools-for-stm32.13.3.rel1.win32_1.0.0.202411081344/tools/bin/../lib/gcc/arm-none-eabi/13.3.1/../../../../arm-none-eabi/lib/thumb/v7e-m+fp/hard\libc_nano.a(libc_a-nano-svfprintf.o)
                0x08005630                _svfiprintf_r
                0x08005630                _svfprintf_r
 .text._printf_common
                0x08005828       0xda C:/ST/STM32CubeIDE_1.17.0/STM32CubeIDE/plugins/com.st.stm32cube.ide.mcu.externaltools.gnu-tools-for-stm32.13.3.rel1.win32_1.0.0.202411081344/tools/bin/../lib/gcc/arm-none-eabi/13.3.1/../../../../arm-none-eabi/lib/thumb/v7e-m+fp/hard\libc_nano.a(libc_a-nano-vfprintf_i.o)
                0x08005828                _printf_common
 *fill*         0x08005902        0x2 
 .text._printf_i
                0x08005904      0x23c C:/ST/STM32CubeIDE_1.17.0/STM32CubeIDE/plugins/com.st.stm32cube.ide.mcu.externaltools.gnu-tools-for-stm32.13.3.rel1.win32_1.0.0.202411081344/tools/bin/../lib/gcc/arm-none-eabi/13.3.1/../../../../arm-none-eabi/lib/thumb/v7e-m+fp/hard\libc_nano.a(libc_a-nano-vfprintf_i.o)
                0x08005904                _printf_i
 .text.memmove  0x08005b40       0x34 C:/ST/STM32CubeIDE_1.17.0/STM32CubeIDE/plugins/com.st.stm32cube.ide.mcu.externaltools.gnu-tools-for-stm32.13.3.rel1.win32_1.0.0.202411081344/tools/bin/../lib/gcc/arm-none-eabi/13.3.1/../../../../arm-none-eabi/lib/thumb/v7e-m+fp/hard\libc_nano.a(libc_a-memmove.o)
                0x08005b40                memmove
 *(.glue_7)
 .glue_7        0x08005b74        0x0 linker stubs
 *(.glue_7t)
 .glue_7t       0x08005b74        0x0 linker stubs
 *(.eh_frame)
 .eh_frame      0x08005b74        0x0 C:/ST/STM32CubeIDE_1.17.0/STM32CubeIDE/plugins/com.st.stm32cube.ide.mcu.externaltools.gnu-tools-for-stm32.13.3.rel1.win32_1.0.0.202411081344/tools/bin/../lib/gcc/arm-none-eabi/13.3.1/thumb/v7e-m+fp/hard/crtbegin.o
 *(.init)
 .init          0x08005b74        0x4 C:/ST/STM32CubeIDE_1.17.0/STM32CubeIDE/plugins/com.st.stm32cube.ide.mcu.externaltools.gnu-tools-for-stm32.13.3.rel1.win32_1.0.0.202411081344/tools/bin/../lib/gcc/arm-none-eabi/13.3.1/thumb/v7e-m+fp/hard/crti.o
                0x08005b74                _init
 .init          0x08005b78        0x8 C:/ST/STM32CubeIDE_1.17.0/STM32CubeIDE/plugins/com.st.stm32cube.ide.mcu.externaltools.gnu-tools-for-stm32.13.3.rel1.win32_1.0.0.202411081344/tools/bin/../lib/gcc/arm-none-eabi/13.3.1/thumb/v7e-m+fp/hard/crtn.o
 *(.fini)
 .fini          0x08005b80        0x4 C:/ST/STM32CubeIDE_1.17.0/STM32CubeIDE/plugins/com.st.stm32cube.ide.mcu.externaltools.gnu-tools-for-stm32.13.3.rel1.win32_1.0.0.202411081344/tools/bin/../lib/gcc/arm-none-eabi/13.3.1/thumb/v7e-m+fp/hard/crti.o
                0x08005b80                _fini
 .fini          0x08005b84        0x8 C:/ST/STM32CubeIDE_1.17.0/STM32CubeIDE/plugins/com.st.stm32cube.ide.mcu.externaltools.gnu-tools-for-stm32.13.3.rel1.win32_1.0.0.202411081344/tools/bin/../lib/gcc/arm-none-eabi/13.3.1/thumb/v7e-m+fp/hard/crtn.o
                0x08005b8c                        . = ALIGN (0x4)
                0x08005b8c                        _etext = .

.vfp11_veneer   0x08005b8c        0x0
 .vfp11_veneer  0x08005b8c        0x0 linker stubs

.v4_bx          0x08005b8c        0x0
 .v4_bx         0x08005b8c        0x0 linker stubs

.iplt           0x08005b8c        0x0
 .iplt          0x08005b8c        0x0 C:/ST/STM32CubeIDE_1.17.0/STM32CubeIDE/plugins/com.st.stm32cube.ide.mcu.externaltools.gnu-tools-for-stm32.13.3.rel1.win32_1.0.0.202411081344/tools/bin/../lib/gcc/arm-none-eabi/13.3.1/thumb/v7e-m+fp/hard/crtbegin.o

.rodata         0x08005b8c      0x118
                0x08005b8c                        . = ALIGN (0x4)
 *(.rodata)
 .rodata        0x08005b8c       0xb3 ./Core/Src/morse.o
 *(.rodata*)
 *fill*         0x08005c3f        0x1 
 .rodata.AHBPrescTable
                0x08005c40       0x10 ./Core/Src/system_stm32f3xx.o
                0x08005c40                AHBPrescTable
 .rodata.aPLLMULFactorTable
                0x08005c50       0x10 ./Drivers/STM32F3xx_HAL_Driver/Src/stm32f3xx_hal_rcc.o
 .rodata.aPredivFactorTable
                0x08005c60       0x10 ./Drivers/STM32F3xx_HAL_Driver/Src/stm32f3xx_hal_rcc.o
 .rodata._svfprintf_r.str1.1
                0x08005c70       0x33 C:/ST/STM32CubeIDE_1.17.0/STM32CubeIDE/plugins/com.st.stm32cube.ide.mcu.externaltools.gnu-tools-for-stm32.13.3.rel1.win32_1.0.0.202411081344/tools/bin/../lib/gcc/arm-none-eabi/13.3.1/../../../../arm-none-eabi/lib/thumb/v7e-m+fp/hard\libc_nano.a(libc_a-nano-svfprintf.o)
                                 0x11 (size before relaxing)
 .rodata._printf_i.str1.1
                0x08005ca3       0x22 C:/ST/STM32CubeIDE_1.17.0/STM32CubeIDE/plugins/com.st.stm32cube.ide.mcu.externaltools.gnu-tools-for-stm32.13.3.rel1.win32_1.0.0.202411081344/tools/bin/../lib/gcc/arm-none-eabi/13.3.1/../../../../arm-none-eabi/lib/thumb/v7e-m+fp/hard\libc_nano.a(libc_a-nano-vfprintf_i.o)
                0x08005cc8                        . = ALIGN (0x4)
 *fill*         0x08005ca3        0x1 

.ARM.extab      0x08005ca4        0x0
                0x08005ca4                        . = ALIGN (0x4)
 *(.ARM.extab* .gnu.linkonce.armextab.*)
                0x08005ca4                        . = ALIGN (0x4)

.ARM            0x08005ca4        0x8
                0x08005ca4                        . = ALIGN (0x4)
                0x08005ca4                        __exidx_start = .
 *(.ARM.exidx*)
 .ARM.exidx     0x08005ca4        0x8 C:/ST/STM32CubeIDE_1.17.0/STM32CubeIDE/plugins/com.st.stm32cube.ide.mcu.externaltools.gnu-tools-for-stm32.13.3.rel1.win32_1.0.0.202411081344/tools/bin/../lib/gcc/arm-none-eabi/13.3.1/../../../../arm-none-eabi/lib/thumb/v7e-m+fp/hard\libc_nano.a(libc_a-strlen.o)
 .ARM.exidx     0x08005cac        0x0 C:/ST/STM32CubeIDE_1.17.0/STM32CubeIDE/plugins/com.st.stm32cube.ide.mcu.externaltools.gnu-tools-for-stm32.13.3.rel1.win32_1.0.0.202411081344/tools/bin/../lib/gcc/arm-none-eabi/13.3.1/../../../../arm-none-eabi/lib/thumb/v7e-m+fp/hard\libc_nano.a(libc_a-memchr.o)
                                  0x8 (size before relaxing)
                0x08005cac                        __exidx_end = .
                0x08005cac                        . = ALIGN (0x4)

.preinit_array  0x08005cac        0x0
                0x08005cac                        . = ALIGN (0x4)
                0x08005cac                        PROVIDE (__preinit_array_start = .)
 *(.preinit_array*)
                0x08005cac                        PROVIDE (__preinit_array_end = .)
                0x08005cac                        . = ALIGN (0x4)

.init_array     0x08005cac        0x4
                0x08005cac                        . = ALIGN (0x4)
                0x08005cac                        PROVIDE (__init_array_start = .)
 *(SORT_BY_NAME(.init_array.*))
 *(.init_array*)
 .init_array    0x08005cac        0x4 C:/ST/STM32CubeIDE_1.17.0/STM32CubeIDE/plugins/com.st.stm32cube.ide.mcu.externaltools.gnu-tools-for-stm32.13.3.rel1.win32_1.0.0.202411081344/tools/bin/../lib/gcc/arm-none-eabi/13.3.1/thumb/v7e-m+fp/hard/crtbegin.o
                0x08005cb0                        PROVIDE (__init_array_end = .)
                0x08005cb0                        . = ALIGN (0x4)

.fini_array     0x08005cb0        0x4
                0x08005cb0                        . = ALIGN (0x4)
                [!provide]                        PROVIDE (__fini_array_start = .)
 *(SORT_BY_NAME(.fini_array.*))
 *(.fini_array*)
 .fini_array    0x08005cb0        0x4 C:/ST/STM32CubeIDE_1.17.0/STM32CubeIDE/plugins/com.st.stm32cube.ide.mcu.externaltools.gnu-tools-for-stm32.13.3.rel1.win32_1.0.0.202411081344/tools/bin/../lib/gcc/arm-none-eabi/13.3.1/thumb/v7e-m+fp/hard/crtbegin.o
                [!provide]                        PROVIDE (__fini_array_end = .)
                0x08005cb4                        . = ALIGN (0x4)
                0x08005cb4                        _sidata = LOADADDR (.data)

.rel.dyn        0x08005cb4        0x0
 .rel.iplt      0x08005cb4        0x0 C:/ST/STM32CubeIDE_1.17.0/STM32CubeIDE/plugins/com.st.stm32cube.ide.mcu.externaltools.gnu-tools-for-stm32.13.3.rel1.win32_1.0.0.202411081344/tools/bin/../lib/gcc/arm-none-eabi/13.3.1/thumb/v7e-m+fp/hard/crtbegin.o

.data           0x20000000       0xf0 load address 0x08005cb4
                0x20000000                        . = ALIGN (0x4)
                0x20000000                        _sdata = .
 *(.data)
 *(.data*)
 .data.morseDict
                0x20000000       0x4e ./Core/Src/morse.o
                0x20000000                morseDict
 *fill*         0x2000004e        0x2 
 .data.USART1_PORT
                0x20000050       0x2c ./Core/Src/serial.o
                0x20000050                USART1_PORT
 .data.activeRxBuffer
                0x2000007c        0x4 ./Core/Src/serial.o
 .data.messageSent
                0x20000080        0x1 ./Core/Src/stm32f3xx_it.o
                0x20000080                messageSent
 *fill*         0x20000081        0x3 
 .data.EXTI0_Callback
                0x20000084        0x4 ./Core/Src/stm32f3xx_it.o
                0x20000084                EXTI0_Callback
 .data.EXTI1_Callback
                0x20000088        0x4 ./Core/Src/stm32f3xx_it.o
                0x20000088                EXTI1_Callback
 .data.EXTI4_Callback
                0x2000008c        0x4 ./Core/Src/stm32f3xx_it.o
                0x2000008c                EXTI4_Callback
 .data.TIM3_Callback
                0x20000090        0x4 ./Core/Src/stm32f3xx_it.o
                0x20000090                TIM3_Callback
 .data.SystemCoreClock
                0x20000094        0x4 ./Core/Src/system_stm32f3xx.o
                0x20000094                SystemCoreClock
 .data.uwTickPrio
                0x20000098        0x4 ./Drivers/STM32F3xx_HAL_Driver/Src/stm32f3xx_hal.o
                0x20000098                uwTickPrio
 .data.uwTickFreq
                0x2000009c        0x1 ./Drivers/STM32F3xx_HAL_Driver/Src/stm32f3xx_hal.o
                0x2000009c                uwTickFreq
 *fill*         0x2000009d        0x3 
 .data._impure_ptr
                0x200000a0        0x4 C:/ST/STM32CubeIDE_1.17.0/STM32CubeIDE/plugins/com.st.stm32cube.ide.mcu.externaltools.gnu-tools-for-stm32.13.3.rel1.win32_1.0.0.202411081344/tools/bin/../lib/gcc/arm-none-eabi/13.3.1/../../../../arm-none-eabi/lib/thumb/v7e-m+fp/hard\libc_nano.a(libc_a-impure.o)
                0x200000a0                _impure_ptr
 .data._impure_data
                0x200000a4       0x4c C:/ST/STM32CubeIDE_1.17.0/STM32CubeIDE/plugins/com.st.stm32cube.ide.mcu.externaltools.gnu-tools-for-stm32.13.3.rel1.win32_1.0.0.202411081344/tools/bin/../lib/gcc/arm-none-eabi/13.3.1/../../../../arm-none-eabi/lib/thumb/v7e-m+fp/hard\libc_nano.a(libc_a-impure.o)
                0x200000a4                _impure_data
 *(.RamFunc)
 *(.RamFunc*)
                0x200000f0                        . = ALIGN (0x4)
                0x200000f0                        _edata = .
                0x08005da4                        _siccmram = LOADADDR (.ccmram)

.igot.plt       0x200000f0        0x0 load address 0x08005da4
 .igot.plt      0x200000f0        0x0 C:/ST/STM32CubeIDE_1.17.0/STM32CubeIDE/plugins/com.st.stm32cube.ide.mcu.externaltools.gnu-tools-for-stm32.13.3.rel1.win32_1.0.0.202411081344/tools/bin/../lib/gcc/arm-none-eabi/13.3.1/thumb/v7e-m+fp/hard/crtbegin.o

.ccmram         0x10000000        0x0 load address 0x08005da4
                0x10000000                        . = ALIGN (0x4)
                0x10000000                        _sccmram = .
 *(.ccmram)
 *(.ccmram*)
                0x10000000                        . = ALIGN (0x4)
                0x10000000                        _eccmram = .
                0x10000000                        . = ALIGN (0x4)

.bss            0x200000f0      0xbbc
                0x200000f0                        _sbss = .
                0x200000f0                        __bss_start__ = _sbss
 *(.bss)
 .bss           0x200000f0       0x1c C:/ST/STM32CubeIDE_1.17.0/STM32CubeIDE/plugins/com.st.stm32cube.ide.mcu.externaltools.gnu-tools-for-stm32.13.3.rel1.win32_1.0.0.202411081344/tools/bin/../lib/gcc/arm-none-eabi/13.3.1/thumb/v7e-m+fp/hard/crtbegin.o
 *(.bss*)
 .bss.hi2c1     0x2000010c       0x54 ./Core/Src/main.o
                0x2000010c                hi2c1
 .bss.hspi1     0x20000160       0x64 ./Core/Src/main.o
                0x20000160                hspi1
 .bss.htim2     0x200001c4       0x4c ./Core/Src/main.o
                0x200001c4                htim2
 .bss.hpcd_USB_FS
                0x20000210      0x2d4 ./Core/Src/main.o
                0x20000210                hpcd_USB_FS
 .bss.morseLevels
                0x200004e4        0xc ./Core/Src/morse.o
                0x200004e4                morseLevels
 .bss.morseLog  0x200004f0       0x10 ./Core/Src/morse.o
                0x200004f0                morseLog
 .bss.strings   0x20000500       0x20 ./Core/Src/morse.o
                0x20000500                strings
 .bss.levelCompleteFlag
                0x20000520        0x1 ./Core/Src/morse.o
                0x20000520                levelCompleteFlag
 *fill*         0x20000521        0x3 
 .bss.txIndex   0x20000524        0x4 ./Core/Src/serial.o
 .bss.txLength  0x20000528        0x4 ./Core/Src/serial.o
 .bss.txBuffer  0x2000052c      0x100 ./Core/Src/serial.o
 .bss.txInProgress
                0x2000062c        0x1 ./Core/Src/serial.o
 *fill*         0x2000062d        0x3 
 .bss.rxBuffer1
                0x20000630       0x80 ./Core/Src/serial.o
 .bss.rxBuffer2
                0x200006b0       0x80 ./Core/Src/serial.o
 .bss.rxIndex   0x20000730        0x4 ./Core/Src/serial.o
 .bss.rxQueue   0x20000734      0x420 ./Core/Src/serial.o
 .bss.rxQueueHead
                0x20000b54        0x1 ./Core/Src/serial.o
 .bss.rxQueueTail
                0x20000b55        0x1 ./Core/Src/serial.o
 *fill*         0x20000b56        0x2 
 .bss.__sbrk_heap_end
                0x20000b58        0x4 ./Core/Src/sysmem.o
 .bss.uwTick    0x20000b5c        0x4 ./Drivers/STM32F3xx_HAL_Driver/Src/stm32f3xx_hal.o
                0x20000b5c                uwTick
 .bss.__malloc_sbrk_start
                0x20000b60        0x4 C:/ST/STM32CubeIDE_1.17.0/STM32CubeIDE/plugins/com.st.stm32cube.ide.mcu.externaltools.gnu-tools-for-stm32.13.3.rel1.win32_1.0.0.202411081344/tools/bin/../lib/gcc/arm-none-eabi/13.3.1/../../../../arm-none-eabi/lib/thumb/v7e-m+fp/hard\libc_nano.a(libc_a-mallocr.o)
                0x20000b60                __malloc_sbrk_start
 .bss.__malloc_free_list
                0x20000b64        0x4 C:/ST/STM32CubeIDE_1.17.0/STM32CubeIDE/plugins/com.st.stm32cube.ide.mcu.externaltools.gnu-tools-for-stm32.13.3.rel1.win32_1.0.0.202411081344/tools/bin/../lib/gcc/arm-none-eabi/13.3.1/../../../../arm-none-eabi/lib/thumb/v7e-m+fp/hard\libc_nano.a(libc_a-mallocr.o)
                0x20000b64                __malloc_free_list
 .bss.__sf      0x20000b68      0x138 C:/ST/STM32CubeIDE_1.17.0/STM32CubeIDE/plugins/com.st.stm32cube.ide.mcu.externaltools.gnu-tools-for-stm32.13.3.rel1.win32_1.0.0.202411081344/tools/bin/../lib/gcc/arm-none-eabi/13.3.1/../../../../arm-none-eabi/lib/thumb/v7e-m+fp/hard\libc_nano.a(libc_a-findfp.o)
                0x20000b68                __sf
 .bss.__stdio_exit_handler
                0x20000ca0        0x4 C:/ST/STM32CubeIDE_1.17.0/STM32CubeIDE/plugins/com.st.stm32cube.ide.mcu.externaltools.gnu-tools-for-stm32.13.3.rel1.win32_1.0.0.202411081344/tools/bin/../lib/gcc/arm-none-eabi/13.3.1/../../../../arm-none-eabi/lib/thumb/v7e-m+fp/hard\libc_nano.a(libc_a-findfp.o)
                0x20000ca0                __stdio_exit_handler
 .bss.errno     0x20000ca4        0x4 C:/ST/STM32CubeIDE_1.17.0/STM32CubeIDE/plugins/com.st.stm32cube.ide.mcu.externaltools.gnu-tools-for-stm32.13.3.rel1.win32_1.0.0.202411081344/tools/bin/../lib/gcc/arm-none-eabi/13.3.1/../../../../arm-none-eabi/lib/thumb/v7e-m+fp/hard\libc_nano.a(libc_a-reent.o)
                0x20000ca4                errno
 .bss.__lock___malloc_recursive_mutex
                0x20000ca8        0x1 C:/ST/STM32CubeIDE_1.17.0/STM32CubeIDE/plugins/com.st.stm32cube.ide.mcu.externaltools.gnu-tools-for-stm32.13.3.rel1.win32_1.0.0.202411081344/tools/bin/../lib/gcc/arm-none-eabi/13.3.1/../../../../arm-none-eabi/lib/thumb/v7e-m+fp/hard\libc_nano.a(libc_a-lock.o)
                0x20000ca8                __lock___malloc_recursive_mutex
 *(COMMON)
                0x20000cac                        . = ALIGN (0x4)
 *fill*         0x20000ca9        0x3 
                0x20000cac                        _ebss = .
                0x20000cac                        __bss_end__ = _ebss

._user_heap_stack
                0x20000cac      0x604
                0x20000cb0                        . = ALIGN (0x8)
 *fill*         0x20000cac        0x4 
                [!provide]                        PROVIDE (end = .)
                0x20000cb0                        PROVIDE (_end = .)
                0x20000eb0                        . = (. + _Min_Heap_Size)
 *fill*         0x20000cb0      0x200 
                0x200012b0                        . = (. + _Min_Stack_Size)
 *fill*         0x20000eb0      0x400 
                0x200012b0                        . = ALIGN (0x8)

/DISCARD/
 libc.a(*)
 libm.a(*)
 libgcc.a(*)

.ARM.attributes
                0x00000000       0x30
 *(.ARM.attributes)
 .ARM.attributes
                0x00000000       0x22 C:/ST/STM32CubeIDE_1.17.0/STM32CubeIDE/plugins/com.st.stm32cube.ide.mcu.externaltools.gnu-tools-for-stm32.13.3.rel1.win32_1.0.0.202411081344/tools/bin/../lib/gcc/arm-none-eabi/13.3.1/thumb/v7e-m+fp/hard/crti.o
 .ARM.attributes
                0x00000022       0x34 C:/ST/STM32CubeIDE_1.17.0/STM32CubeIDE/plugins/com.st.stm32cube.ide.mcu.externaltools.gnu-tools-for-stm32.13.3.rel1.win32_1.0.0.202411081344/tools/bin/../lib/gcc/arm-none-eabi/13.3.1/thumb/v7e-m+fp/hard/crtbegin.o
 .ARM.attributes
                0x00000056       0x34 ./Core/Src/callbacks.o
 .ARM.attributes
                0x0000008a       0x34 ./Core/Src/main.o
 .ARM.attributes
                0x000000be       0x34 ./Core/Src/memory.o
 .ARM.attributes
                0x000000f2       0x34 ./Core/Src/morse.o
 .ARM.attributes
                0x00000126       0x34 ./Core/Src/serial.o
 .ARM.attributes
                0x0000015a       0x34 ./Core/Src/servo.o
 .ARM.attributes
                0x0000018e       0x34 ./Core/Src/stm32f3xx_hal_msp.o
 .ARM.attributes
                0x000001c2       0x34 ./Core/Src/stm32f3xx_it.o
 .ARM.attributes
                0x000001f6       0x34 ./Core/Src/syscalls.o
 .ARM.attributes
                0x0000022a       0x34 ./Core/Src/sysmem.o
 .ARM.attributes
                0x0000025e       0x34 ./Core/Src/system_stm32f3xx.o
 .ARM.attributes
                0x00000292       0x21 ./Core/Startup/startup_stm32f303vctx.o
 .ARM.attributes
                0x000002b3       0x34 ./Drivers/STM32F3xx_HAL_Driver/Src/stm32f3xx_hal.o
 .ARM.attributes
                0x000002e7       0x34 ./Drivers/STM32F3xx_HAL_Driver/Src/stm32f3xx_hal_cortex.o
 .ARM.attributes
                0x0000031b       0x34 ./Drivers/STM32F3xx_HAL_Driver/Src/stm32f3xx_hal_gpio.o
 .ARM.attributes
                0x0000034f       0x34 ./Drivers/STM32F3xx_HAL_Driver/Src/stm32f3xx_hal_i2c.o
 .ARM.attributes
                0x00000383       0x34 ./Drivers/STM32F3xx_HAL_Driver/Src/stm32f3xx_hal_i2c_ex.o
 .ARM.attributes
                0x000003b7       0x34 ./Drivers/STM32F3xx_HAL_Driver/Src/stm32f3xx_hal_pcd.o
 .ARM.attributes
                0x000003eb       0x34 ./Drivers/STM32F3xx_HAL_Driver/Src/stm32f3xx_hal_rcc.o
 .ARM.attributes
                0x0000041f       0x34 ./Drivers/STM32F3xx_HAL_Driver/Src/stm32f3xx_hal_rcc_ex.o
 .ARM.attributes
                0x00000453       0x34 ./Drivers/STM32F3xx_HAL_Driver/Src/stm32f3xx_hal_spi.o
 .ARM.attributes
                0x00000487       0x34 ./Drivers/STM32F3xx_HAL_Driver/Src/stm32f3xx_hal_tim.o
 .ARM.attributes
                0x000004bb       0x34 ./Drivers/STM32F3xx_HAL_Driver/Src/stm32f3xx_hal_tim_ex.o
 .ARM.attributes
                0x000004ef       0x34 ./Drivers/STM32F3xx_HAL_Driver/Src/stm32f3xx_ll_usb.o
 .ARM.attributes
                0x00000523       0x34 C:/ST/STM32CubeIDE_1.17.0/STM32CubeIDE/plugins/com.st.stm32cube.ide.mcu.externaltools.gnu-tools-for-stm32.13.3.rel1.win32_1.0.0.202411081344/tools/bin/../lib/gcc/arm-none-eabi/13.3.1/../../../../arm-none-eabi/lib/thumb/v7e-m+fp/hard\libc_nano.a(libc_a-calloc.o)
 .ARM.attributes
                0x00000557       0x34 C:/ST/STM32CubeIDE_1.17.0/STM32CubeIDE/plugins/com.st.stm32cube.ide.mcu.externaltools.gnu-tools-for-stm32.13.3.rel1.win32_1.0.0.202411081344/tools/bin/../lib/gcc/arm-none-eabi/13.3.1/../../../../arm-none-eabi/lib/thumb/v7e-m+fp/hard\libc_nano.a(libc_a-callocr.o)
 .ARM.attributes
                0x0000058b       0x34 C:/ST/STM32CubeIDE_1.17.0/STM32CubeIDE/plugins/com.st.stm32cube.ide.mcu.externaltools.gnu-tools-for-stm32.13.3.rel1.win32_1.0.0.202411081344/tools/bin/../lib/gcc/arm-none-eabi/13.3.1/../../../../arm-none-eabi/lib/thumb/v7e-m+fp/hard\libc_nano.a(libc_a-exit.o)
 .ARM.attributes
                0x000005bf       0x34 C:/ST/STM32CubeIDE_1.17.0/STM32CubeIDE/plugins/com.st.stm32cube.ide.mcu.externaltools.gnu-tools-for-stm32.13.3.rel1.win32_1.0.0.202411081344/tools/bin/../lib/gcc/arm-none-eabi/13.3.1/../../../../arm-none-eabi/lib/thumb/v7e-m+fp/hard\libc_nano.a(libc_a-malloc.o)
 .ARM.attributes
                0x000005f3       0x34 C:/ST/STM32CubeIDE_1.17.0/STM32CubeIDE/plugins/com.st.stm32cube.ide.mcu.externaltools.gnu-tools-for-stm32.13.3.rel1.win32_1.0.0.202411081344/tools/bin/../lib/gcc/arm-none-eabi/13.3.1/../../../../arm-none-eabi/lib/thumb/v7e-m+fp/hard\libc_nano.a(libc_a-mallocr.o)
 .ARM.attributes
                0x00000627       0x34 C:/ST/STM32CubeIDE_1.17.0/STM32CubeIDE/plugins/com.st.stm32cube.ide.mcu.externaltools.gnu-tools-for-stm32.13.3.rel1.win32_1.0.0.202411081344/tools/bin/../lib/gcc/arm-none-eabi/13.3.1/../../../../arm-none-eabi/lib/thumb/v7e-m+fp/hard\libc_nano.a(libc_a-mlock.o)
 .ARM.attributes
                0x0000065b       0x34 C:/ST/STM32CubeIDE_1.17.0/STM32CubeIDE/plugins/com.st.stm32cube.ide.mcu.externaltools.gnu-tools-for-stm32.13.3.rel1.win32_1.0.0.202411081344/tools/bin/../lib/gcc/arm-none-eabi/13.3.1/../../../../arm-none-eabi/lib/thumb/v7e-m+fp/hard\libc_nano.a(libc_a-reallocr.o)
 .ARM.attributes
                0x0000068f       0x34 C:/ST/STM32CubeIDE_1.17.0/STM32CubeIDE/plugins/com.st.stm32cube.ide.mcu.externaltools.gnu-tools-for-stm32.13.3.rel1.win32_1.0.0.202411081344/tools/bin/../lib/gcc/arm-none-eabi/13.3.1/../../../../arm-none-eabi/lib/thumb/v7e-m+fp/hard\libc_nano.a(libc_a-findfp.o)
 .ARM.attributes
                0x000006c3       0x34 C:/ST/STM32CubeIDE_1.17.0/STM32CubeIDE/plugins/com.st.stm32cube.ide.mcu.externaltools.gnu-tools-for-stm32.13.3.rel1.win32_1.0.0.202411081344/tools/bin/../lib/gcc/arm-none-eabi/13.3.1/../../../../arm-none-eabi/lib/thumb/v7e-m+fp/hard\libc_nano.a(libc_a-sprintf.o)
 .ARM.attributes
                0x000006f7       0x34 C:/ST/STM32CubeIDE_1.17.0/STM32CubeIDE/plugins/com.st.stm32cube.ide.mcu.externaltools.gnu-tools-for-stm32.13.3.rel1.win32_1.0.0.202411081344/tools/bin/../lib/gcc/arm-none-eabi/13.3.1/../../../../arm-none-eabi/lib/thumb/v7e-m+fp/hard\libc_nano.a(libc_a-memset.o)
 .ARM.attributes
                0x0000072b       0x34 C:/ST/STM32CubeIDE_1.17.0/STM32CubeIDE/plugins/com.st.stm32cube.ide.mcu.externaltools.gnu-tools-for-stm32.13.3.rel1.win32_1.0.0.202411081344/tools/bin/../lib/gcc/arm-none-eabi/13.3.1/../../../../arm-none-eabi/lib/thumb/v7e-m+fp/hard\libc_nano.a(libc_a-strcat.o)
 .ARM.attributes
                0x0000075f       0x34 C:/ST/STM32CubeIDE_1.17.0/STM32CubeIDE/plugins/com.st.stm32cube.ide.mcu.externaltools.gnu-tools-for-stm32.13.3.rel1.win32_1.0.0.202411081344/tools/bin/../lib/gcc/arm-none-eabi/13.3.1/../../../../arm-none-eabi/lib/thumb/v7e-m+fp/hard\libc_nano.a(libc_a-reent.o)
 .ARM.attributes
                0x00000793       0x34 C:/ST/STM32CubeIDE_1.17.0/STM32CubeIDE/plugins/com.st.stm32cube.ide.mcu.externaltools.gnu-tools-for-stm32.13.3.rel1.win32_1.0.0.202411081344/tools/bin/../lib/gcc/arm-none-eabi/13.3.1/../../../../arm-none-eabi/lib/thumb/v7e-m+fp/hard\libc_nano.a(libc_a-impure.o)
 .ARM.attributes
                0x000007c7       0x34 C:/ST/STM32CubeIDE_1.17.0/STM32CubeIDE/plugins/com.st.stm32cube.ide.mcu.externaltools.gnu-tools-for-stm32.13.3.rel1.win32_1.0.0.202411081344/tools/bin/../lib/gcc/arm-none-eabi/13.3.1/../../../../arm-none-eabi/lib/thumb/v7e-m+fp/hard\libc_nano.a(libc_a-sbrkr.o)
 .ARM.attributes
                0x000007fb       0x34 C:/ST/STM32CubeIDE_1.17.0/STM32CubeIDE/plugins/com.st.stm32cube.ide.mcu.externaltools.gnu-tools-for-stm32.13.3.rel1.win32_1.0.0.202411081344/tools/bin/../lib/gcc/arm-none-eabi/13.3.1/../../../../arm-none-eabi/lib/thumb/v7e-m+fp/hard\libc_nano.a(libc_a-errno.o)
 .ARM.attributes
                0x0000082f       0x34 C:/ST/STM32CubeIDE_1.17.0/STM32CubeIDE/plugins/com.st.stm32cube.ide.mcu.externaltools.gnu-tools-for-stm32.13.3.rel1.win32_1.0.0.202411081344/tools/bin/../lib/gcc/arm-none-eabi/13.3.1/../../../../arm-none-eabi/lib/thumb/v7e-m+fp/hard\libc_nano.a(libc_a-init.o)
 .ARM.attributes
                0x00000863       0x34 C:/ST/STM32CubeIDE_1.17.0/STM32CubeIDE/plugins/com.st.stm32cube.ide.mcu.externaltools.gnu-tools-for-stm32.13.3.rel1.win32_1.0.0.202411081344/tools/bin/../lib/gcc/arm-none-eabi/13.3.1/../../../../arm-none-eabi/lib/thumb/v7e-m+fp/hard\libc_nano.a(libc_a-lock.o)
 .ARM.attributes
                0x00000897       0x34 C:/ST/STM32CubeIDE_1.17.0/STM32CubeIDE/plugins/com.st.stm32cube.ide.mcu.externaltools.gnu-tools-for-stm32.13.3.rel1.win32_1.0.0.202411081344/tools/bin/../lib/gcc/arm-none-eabi/13.3.1/../../../../arm-none-eabi/lib/thumb/v7e-m+fp/hard\libc_nano.a(libc_a-strcpy.o)
 .ARM.attributes
                0x000008cb       0x34 C:/ST/STM32CubeIDE_1.17.0/STM32CubeIDE/plugins/com.st.stm32cube.ide.mcu.externaltools.gnu-tools-for-stm32.13.3.rel1.win32_1.0.0.202411081344/tools/bin/../lib/gcc/arm-none-eabi/13.3.1/../../../../arm-none-eabi/lib/thumb/v7e-m+fp/hard\libc_nano.a(libc_a-memcpy-stub.o)
 .ARM.attributes
                0x000008ff       0x17 C:/ST/STM32CubeIDE_1.17.0/STM32CubeIDE/plugins/com.st.stm32cube.ide.mcu.externaltools.gnu-tools-for-stm32.13.3.rel1.win32_1.0.0.202411081344/tools/bin/../lib/gcc/arm-none-eabi/13.3.1/../../../../arm-none-eabi/lib/thumb/v7e-m+fp/hard\libc_nano.a(libc_a-strlen.o)
 .ARM.attributes
                0x00000916       0x34 C:/ST/STM32CubeIDE_1.17.0/STM32CubeIDE/plugins/com.st.stm32cube.ide.mcu.externaltools.gnu-tools-for-stm32.13.3.rel1.win32_1.0.0.202411081344/tools/bin/../lib/gcc/arm-none-eabi/13.3.1/../../../../arm-none-eabi/lib/thumb/v7e-m+fp/hard\libc_nano.a(libc_a-freer.o)
 .ARM.attributes
                0x0000094a       0x34 C:/ST/STM32CubeIDE_1.17.0/STM32CubeIDE/plugins/com.st.stm32cube.ide.mcu.externaltools.gnu-tools-for-stm32.13.3.rel1.win32_1.0.0.202411081344/tools/bin/../lib/gcc/arm-none-eabi/13.3.1/../../../../arm-none-eabi/lib/thumb/v7e-m+fp/hard\libc_nano.a(libc_a-msizer.o)
 .ARM.attributes
                0x0000097e       0x34 C:/ST/STM32CubeIDE_1.17.0/STM32CubeIDE/plugins/com.st.stm32cube.ide.mcu.externaltools.gnu-tools-for-stm32.13.3.rel1.win32_1.0.0.202411081344/tools/bin/../lib/gcc/arm-none-eabi/13.3.1/../../../../arm-none-eabi/lib/thumb/v7e-m+fp/hard\libc_nano.a(libc_a-nano-svfprintf.o)
 .ARM.attributes
                0x000009b2       0x34 C:/ST/STM32CubeIDE_1.17.0/STM32CubeIDE/plugins/com.st.stm32cube.ide.mcu.externaltools.gnu-tools-for-stm32.13.3.rel1.win32_1.0.0.202411081344/tools/bin/../lib/gcc/arm-none-eabi/13.3.1/../../../../arm-none-eabi/lib/thumb/v7e-m+fp/hard\libc_nano.a(libc_a-nano-vfprintf_i.o)
 .ARM.attributes
                0x000009e6       0x34 C:/ST/STM32CubeIDE_1.17.0/STM32CubeIDE/plugins/com.st.stm32cube.ide.mcu.externaltools.gnu-tools-for-stm32.13.3.rel1.win32_1.0.0.202411081344/tools/bin/../lib/gcc/arm-none-eabi/13.3.1/../../../../arm-none-eabi/lib/thumb/v7e-m+fp/hard\libc_nano.a(libc_a-memmove.o)
 .ARM.attributes
                0x00000a1a       0x1c C:/ST/STM32CubeIDE_1.17.0/STM32CubeIDE/plugins/com.st.stm32cube.ide.mcu.externaltools.gnu-tools-for-stm32.13.3.rel1.win32_1.0.0.202411081344/tools/bin/../lib/gcc/arm-none-eabi/13.3.1/../../../../arm-none-eabi/lib/thumb/v7e-m+fp/hard\libc_nano.a(libc_a-memchr.o)
 .ARM.attributes
                0x00000a36       0x22 C:/ST/STM32CubeIDE_1.17.0/STM32CubeIDE/plugins/com.st.stm32cube.ide.mcu.externaltools.gnu-tools-for-stm32.13.3.rel1.win32_1.0.0.202411081344/tools/bin/../lib/gcc/arm-none-eabi/13.3.1/thumb/v7e-m+fp/hard/crtn.o
OUTPUT(finalMTRX2700.elf elf32-littlearm)
LOAD linker stubs
LOAD C:/ST/STM32CubeIDE_1.17.0/STM32CubeIDE/plugins/com.st.stm32cube.ide.mcu.externaltools.gnu-tools-for-stm32.13.3.rel1.win32_1.0.0.202411081344/tools/bin/../lib/gcc/arm-none-eabi/13.3.1/../../../../arm-none-eabi/lib/thumb/v7e-m+fp/hard\libc.a
LOAD C:/ST/STM32CubeIDE_1.17.0/STM32CubeIDE/plugins/com.st.stm32cube.ide.mcu.externaltools.gnu-tools-for-stm32.13.3.rel1.win32_1.0.0.202411081344/tools/bin/../lib/gcc/arm-none-eabi/13.3.1/../../../../arm-none-eabi/lib/thumb/v7e-m+fp/hard\libm.a
LOAD C:/ST/STM32CubeIDE_1.17.0/STM32CubeIDE/plugins/com.st.stm32cube.ide.mcu.externaltools.gnu-tools-for-stm32.13.3.rel1.win32_1.0.0.202411081344/tools/bin/../lib/gcc/arm-none-eabi/13.3.1/thumb/v7e-m+fp/hard\libgcc.a

.debug_info     0x00000000    0x14c15
 .debug_info    0x00000000      0x44c ./Core/Src/callbacks.o
 .debug_info    0x0000044c     0x225b ./Core/Src/main.o
 .debug_info    0x000026a7      0x2df ./Core/Src/memory.o
 .debug_info    0x00002986      0xbc8 ./Core/Src/morse.o
 .debug_info    0x0000354e      0xd18 ./Core/Src/serial.o
 .debug_info    0x00004266      0x3b8 ./Core/Src/servo.o
 .debug_info    0x0000461e     0x150d ./Core/Src/stm32f3xx_hal_msp.o
 .debug_info    0x00005b2b      0x42b ./Core/Src/stm32f3xx_it.o
 .debug_info    0x00005f56      0x6a3 ./Core/Src/syscalls.o
 .debug_info    0x000065f9      0x168 ./Core/Src/sysmem.o
 .debug_info    0x00006761      0x407 ./Core/Src/system_stm32f3xx.o
 .debug_info    0x00006b68       0x30 ./Core/Startup/startup_stm32f303vctx.o
 .debug_info    0x00006b98      0x7d4 ./Drivers/STM32F3xx_HAL_Driver/Src/stm32f3xx_hal.o
 .debug_info    0x0000736c      0xce4 ./Drivers/STM32F3xx_HAL_Driver/Src/stm32f3xx_hal_cortex.o
 .debug_info    0x00008050      0x5fe ./Drivers/STM32F3xx_HAL_Driver/Src/stm32f3xx_hal_gpio.o
 .debug_info    0x0000864e     0x20c3 ./Drivers/STM32F3xx_HAL_Driver/Src/stm32f3xx_hal_i2c.o
 .debug_info    0x0000a711      0x818 ./Drivers/STM32F3xx_HAL_Driver/Src/stm32f3xx_hal_i2c_ex.o
 .debug_info    0x0000af29     0x166f ./Drivers/STM32F3xx_HAL_Driver/Src/stm32f3xx_hal_pcd.o
 .debug_info    0x0000c598     0x148a ./Drivers/STM32F3xx_HAL_Driver/Src/stm32f3xx_hal_rcc.o
 .debug_info    0x0000da22      0x5b9 ./Drivers/STM32F3xx_HAL_Driver/Src/stm32f3xx_hal_rcc_ex.o
 .debug_info    0x0000dfdb     0x1622 ./Drivers/STM32F3xx_HAL_Driver/Src/stm32f3xx_hal_spi.o
 .debug_info    0x0000f5fd     0x2a70 ./Drivers/STM32F3xx_HAL_Driver/Src/stm32f3xx_hal_tim.o
 .debug_info    0x0001206d     0x156d ./Drivers/STM32F3xx_HAL_Driver/Src/stm32f3xx_hal_tim_ex.o
 .debug_info    0x000135da     0x163b ./Drivers/STM32F3xx_HAL_Driver/Src/stm32f3xx_ll_usb.o

.debug_abbrev   0x00000000     0x30f1
 .debug_abbrev  0x00000000      0x134 ./Core/Src/callbacks.o
 .debug_abbrev  0x00000134      0x3d2 ./Core/Src/main.o
 .debug_abbrev  0x00000506      0x13c ./Core/Src/memory.o
 .debug_abbrev  0x00000642      0x2cd ./Core/Src/morse.o
 .debug_abbrev  0x0000090f      0x2ea ./Core/Src/serial.o
 .debug_abbrev  0x00000bf9       0xf5 ./Core/Src/servo.o
 .debug_abbrev  0x00000cee      0x258 ./Core/Src/stm32f3xx_hal_msp.o
 .debug_abbrev  0x00000f46      0x137 ./Core/Src/stm32f3xx_it.o
 .debug_abbrev  0x0000107d      0x1b6 ./Core/Src/syscalls.o
 .debug_abbrev  0x00001233       0xbc ./Core/Src/sysmem.o
 .debug_abbrev  0x000012ef      0x11a ./Core/Src/system_stm32f3xx.o
 .debug_abbrev  0x00001409       0x24 ./Core/Startup/startup_stm32f303vctx.o
 .debug_abbrev  0x0000142d      0x215 ./Drivers/STM32F3xx_HAL_Driver/Src/stm32f3xx_hal.o
 .debug_abbrev  0x00001642      0x31e ./Drivers/STM32F3xx_HAL_Driver/Src/stm32f3xx_hal_cortex.o
 .debug_abbrev  0x00001960      0x1ca ./Drivers/STM32F3xx_HAL_Driver/Src/stm32f3xx_hal_gpio.o
 .debug_abbrev  0x00001b2a      0x260 ./Drivers/STM32F3xx_HAL_Driver/Src/stm32f3xx_hal_i2c.o
 .debug_abbrev  0x00001d8a      0x1c2 ./Drivers/STM32F3xx_HAL_Driver/Src/stm32f3xx_hal_i2c_ex.o
 .debug_abbrev  0x00001f4c      0x2d9 ./Drivers/STM32F3xx_HAL_Driver/Src/stm32f3xx_hal_pcd.o
 .debug_abbrev  0x00002225      0x300 ./Drivers/STM32F3xx_HAL_Driver/Src/stm32f3xx_hal_rcc.o
 .debug_abbrev  0x00002525      0x221 ./Drivers/STM32F3xx_HAL_Driver/Src/stm32f3xx_hal_rcc_ex.o
 .debug_abbrev  0x00002746      0x269 ./Drivers/STM32F3xx_HAL_Driver/Src/stm32f3xx_hal_spi.o
 .debug_abbrev  0x000029af      0x278 ./Drivers/STM32F3xx_HAL_Driver/Src/stm32f3xx_hal_tim.o
 .debug_abbrev  0x00002c27      0x283 ./Drivers/STM32F3xx_HAL_Driver/Src/stm32f3xx_hal_tim_ex.o
 .debug_abbrev  0x00002eaa      0x247 ./Drivers/STM32F3xx_HAL_Driver/Src/stm32f3xx_ll_usb.o

.debug_aranges  0x00000000     0x1378
 .debug_aranges
                0x00000000       0x40 ./Core/Src/callbacks.o
 .debug_aranges
                0x00000040       0xa0 ./Core/Src/main.o
 .debug_aranges
                0x000000e0       0x40 ./Core/Src/memory.o
 .debug_aranges
                0x00000120       0x68 ./Core/Src/morse.o
 .debug_aranges
                0x00000188       0x80 ./Core/Src/serial.o
 .debug_aranges
                0x00000208       0x30 ./Core/Src/servo.o
 .debug_aranges
                0x00000238       0x68 ./Core/Src/stm32f3xx_hal_msp.o
 .debug_aranges
                0x000002a0       0x80 ./Core/Src/stm32f3xx_it.o
 .debug_aranges
                0x00000320       0xa8 ./Core/Src/syscalls.o
 .debug_aranges
                0x000003c8       0x20 ./Core/Src/sysmem.o
 .debug_aranges
                0x000003e8       0x28 ./Core/Src/system_stm32f3xx.o
 .debug_aranges
                0x00000410       0x28 ./Core/Startup/startup_stm32f303vctx.o
 .debug_aranges
                0x00000438       0xe0 ./Drivers/STM32F3xx_HAL_Driver/Src/stm32f3xx_hal.o
 .debug_aranges
                0x00000518      0x128 ./Drivers/STM32F3xx_HAL_Driver/Src/stm32f3xx_hal_cortex.o
 .debug_aranges
                0x00000640       0x58 ./Drivers/STM32F3xx_HAL_Driver/Src/stm32f3xx_hal_gpio.o
 .debug_aranges
                0x00000698      0x2a0 ./Drivers/STM32F3xx_HAL_Driver/Src/stm32f3xx_hal_i2c.o
 .debug_aranges
                0x00000938       0x48 ./Drivers/STM32F3xx_HAL_Driver/Src/stm32f3xx_hal_i2c_ex.o
 .debug_aranges
                0x00000980      0x140 ./Drivers/STM32F3xx_HAL_Driver/Src/stm32f3xx_hal_pcd.o
 .debug_aranges
                0x00000ac0       0x88 ./Drivers/STM32F3xx_HAL_Driver/Src/stm32f3xx_hal_rcc.o
 .debug_aranges
                0x00000b48       0x38 ./Drivers/STM32F3xx_HAL_Driver/Src/stm32f3xx_hal_rcc_ex.o
 .debug_aranges
                0x00000b80      0x1d8 ./Drivers/STM32F3xx_HAL_Driver/Src/stm32f3xx_hal_spi.o
 .debug_aranges
                0x00000d58      0x3e0 ./Drivers/STM32F3xx_HAL_Driver/Src/stm32f3xx_hal_tim.o
 .debug_aranges
                0x00001138      0x178 ./Drivers/STM32F3xx_HAL_Driver/Src/stm32f3xx_hal_tim_ex.o
 .debug_aranges
                0x000012b0       0xc8 ./Drivers/STM32F3xx_HAL_Driver/Src/stm32f3xx_ll_usb.o

.debug_rnglists
                0x00000000      0xf26
 .debug_rnglists
                0x00000000       0x2c ./Core/Src/callbacks.o
 .debug_rnglists
                0x0000002c       0x7b ./Core/Src/main.o
 .debug_rnglists
                0x000000a7       0x2b ./Core/Src/memory.o
 .debug_rnglists
                0x000000d2       0x4d ./Core/Src/morse.o
 .debug_rnglists
                0x0000011f       0x7b ./Core/Src/serial.o
 .debug_rnglists
                0x0000019a       0x21 ./Core/Src/servo.o
 .debug_rnglists
                0x000001bb       0x4c ./Core/Src/stm32f3xx_hal_msp.o
 .debug_rnglists
                0x00000207       0x5b ./Core/Src/stm32f3xx_it.o
 .debug_rnglists
                0x00000262       0x79 ./Core/Src/syscalls.o
 .debug_rnglists
                0x000002db       0x13 ./Core/Src/sysmem.o
 .debug_rnglists
                0x000002ee       0x1a ./Core/Src/system_stm32f3xx.o
 .debug_rnglists
                0x00000308       0x19 ./Core/Startup/startup_stm32f303vctx.o
 .debug_rnglists
                0x00000321       0xa3 ./Drivers/STM32F3xx_HAL_Driver/Src/stm32f3xx_hal.o
 .debug_rnglists
                0x000003c4       0xda ./Drivers/STM32F3xx_HAL_Driver/Src/stm32f3xx_hal_cortex.o
 .debug_rnglists
                0x0000049e       0x3f ./Drivers/STM32F3xx_HAL_Driver/Src/stm32f3xx_hal_gpio.o
 .debug_rnglists
                0x000004dd      0x228 ./Drivers/STM32F3xx_HAL_Driver/Src/stm32f3xx_hal_i2c.o
 .debug_rnglists
                0x00000705       0x35 ./Drivers/STM32F3xx_HAL_Driver/Src/stm32f3xx_hal_i2c_ex.o
 .debug_rnglists
                0x0000073a       0xf4 ./Drivers/STM32F3xx_HAL_Driver/Src/stm32f3xx_hal_pcd.o
 .debug_rnglists
                0x0000082e       0x66 ./Drivers/STM32F3xx_HAL_Driver/Src/stm32f3xx_hal_rcc.o
 .debug_rnglists
                0x00000894       0x28 ./Drivers/STM32F3xx_HAL_Driver/Src/stm32f3xx_hal_rcc_ex.o
 .debug_rnglists
                0x000008bc      0x178 ./Drivers/STM32F3xx_HAL_Driver/Src/stm32f3xx_hal_spi.o
 .debug_rnglists
                0x00000a34      0x328 ./Drivers/STM32F3xx_HAL_Driver/Src/stm32f3xx_hal_tim.o
 .debug_rnglists
                0x00000d5c      0x131 ./Drivers/STM32F3xx_HAL_Driver/Src/stm32f3xx_hal_tim_ex.o
 .debug_rnglists
                0x00000e8d       0x99 ./Drivers/STM32F3xx_HAL_Driver/Src/stm32f3xx_ll_usb.o

.debug_macro    0x00000000    0x20c6f
 .debug_macro   0x00000000      0x3a2 ./Core/Src/callbacks.o
 .debug_macro   0x000003a2      0xad8 ./Core/Src/callbacks.o
 .debug_macro   0x00000e7a      0x164 ./Core/Src/callbacks.o
 .debug_macro   0x00000fde       0x2e ./Core/Src/callbacks.o
 .debug_macro   0x0000100c       0x28 ./Core/Src/callbacks.o
 .debug_macro   0x00001034       0x22 ./Core/Src/callbacks.o
 .debug_macro   0x00001056       0x8e ./Core/Src/callbacks.o
 .debug_macro   0x000010e4       0x51 ./Core/Src/callbacks.o
 .debug_macro   0x00001135      0x103 ./Core/Src/callbacks.o
 .debug_macro   0x00001238       0x6a ./Core/Src/callbacks.o
 .debug_macro   0x000012a2      0x1df ./Core/Src/callbacks.o
 .debug_macro   0x00001481       0x1c ./Core/Src/callbacks.o
 .debug_macro   0x0000149d       0x22 ./Core/Src/callbacks.o
 .debug_macro   0x000014bf       0xd9 ./Core/Src/callbacks.o
 .debug_macro   0x00001598     0x102d ./Core/Src/callbacks.o
 .debug_macro   0x000025c5      0x11f ./Core/Src/callbacks.o
 .debug_macro   0x000026e4    0x12a3a ./Core/Src/callbacks.o
 .debug_macro   0x0001511e       0x6d ./Core/Src/callbacks.o
 .debug_macro   0x0001518b     0x3574 ./Core/Src/callbacks.o
 .debug_macro   0x000186ff      0x190 ./Core/Src/callbacks.o
 .debug_macro   0x0001888f       0x55 ./Core/Src/callbacks.o
 .debug_macro   0x000188e4      0x961 ./Core/Src/callbacks.o
 .debug_macro   0x00019245      0x5fe ./Core/Src/callbacks.o
 .debug_macro   0x00019843      0x1b5 ./Core/Src/callbacks.o
 .debug_macro   0x000199f8      0x1fb ./Core/Src/callbacks.o
 .debug_macro   0x00019bf3      0x1dc ./Core/Src/callbacks.o
 .debug_macro   0x00019dcf      0x1bc ./Core/Src/callbacks.o
 .debug_macro   0x00019f8b       0x30 ./Core/Src/callbacks.o
 .debug_macro   0x00019fbb       0x3c ./Core/Src/callbacks.o
 .debug_macro   0x00019ff7      0x235 ./Core/Src/callbacks.o
 .debug_macro   0x0001a22c       0xc5 ./Core/Src/callbacks.o
 .debug_macro   0x0001a2f1      0x21d ./Core/Src/callbacks.o
 .debug_macro   0x0001a50e      0x22c ./Core/Src/callbacks.o
 .debug_macro   0x0001a73a       0x5b ./Core/Src/callbacks.o
 .debug_macro   0x0001a795       0xa5 ./Core/Src/callbacks.o
 .debug_macro   0x0001a83a       0x73 ./Core/Src/callbacks.o
 .debug_macro   0x0001a8ad      0x242 ./Core/Src/callbacks.o
 .debug_macro   0x0001aaef       0x81 ./Core/Src/callbacks.o
 .debug_macro   0x0001ab70       0xd3 ./Core/Src/callbacks.o
 .debug_macro   0x0001ac43      0x2fe ./Core/Src/callbacks.o
 .debug_macro   0x0001af41      0xa60 ./Core/Src/callbacks.o
 .debug_macro   0x0001b9a1       0x89 ./Core/Src/callbacks.o
 .debug_macro   0x0001ba2a      0x275 ./Core/Src/callbacks.o
 .debug_macro   0x0001bc9f       0x22 ./Core/Src/callbacks.o
 .debug_macro   0x0001bcc1       0x34 ./Core/Src/callbacks.o
 .debug_macro   0x0001bcf5       0x61 ./Core/Src/callbacks.o
 .debug_macro   0x0001bd56       0x2a ./Core/Src/callbacks.o
 .debug_macro   0x0001bd80       0x43 ./Core/Src/callbacks.o
 .debug_macro   0x0001bdc3       0x34 ./Core/Src/callbacks.o
 .debug_macro   0x0001bdf7      0x370 ./Core/Src/callbacks.o
 .debug_macro   0x0001c167       0x16 ./Core/Src/callbacks.o
 .debug_macro   0x0001c17d       0x4a ./Core/Src/callbacks.o
 .debug_macro   0x0001c1c7       0x34 ./Core/Src/callbacks.o
 .debug_macro   0x0001c1fb       0x10 ./Core/Src/callbacks.o
 .debug_macro   0x0001c20b       0x58 ./Core/Src/callbacks.o
 .debug_macro   0x0001c263       0x8e ./Core/Src/callbacks.o
 .debug_macro   0x0001c2f1       0x1c ./Core/Src/callbacks.o
 .debug_macro   0x0001c30d      0x185 ./Core/Src/callbacks.o
 .debug_macro   0x0001c492       0x10 ./Core/Src/callbacks.o
 .debug_macro   0x0001c4a2       0x3c ./Core/Src/callbacks.o
 .debug_macro   0x0001c4de       0x20 ./Core/Src/callbacks.o
 .debug_macro   0x0001c4fe       0x10 ./Core/Src/callbacks.o
 .debug_macro   0x0001c50e       0x16 ./Core/Src/callbacks.o
 .debug_macro   0x0001c524       0x16 ./Core/Src/callbacks.o
 .debug_macro   0x0001c53a       0x29 ./Core/Src/callbacks.o
 .debug_macro   0x0001c563       0x1c ./Core/Src/callbacks.o
 .debug_macro   0x0001c57f       0x10 ./Core/Src/callbacks.o
 .debug_macro   0x0001c58f       0x1c ./Core/Src/callbacks.o
 .debug_macro   0x0001c5ab       0x16 ./Core/Src/callbacks.o
 .debug_macro   0x0001c5c1      0x146 ./Core/Src/callbacks.o
 .debug_macro   0x0001c707      0x167 ./Core/Src/callbacks.o
 .debug_macro   0x0001c86e      0x3a2 ./Core/Src/main.o
 .debug_macro   0x0001cc10      0x3a2 ./Core/Src/memory.o
 .debug_macro   0x0001cfb2      0x3a2 ./Core/Src/morse.o
 .debug_macro   0x0001d354      0x3a2 ./Core/Src/serial.o
 .debug_macro   0x0001d6f6      0x3a2 ./Core/Src/servo.o
 .debug_macro   0x0001da98      0x3a2 ./Core/Src/stm32f3xx_hal_msp.o
 .debug_macro   0x0001de3a      0x3a6 ./Core/Src/stm32f3xx_it.o
 .debug_macro   0x0001e1e0      0x274 ./Core/Src/syscalls.o
 .debug_macro   0x0001e454       0x5b ./Core/Src/syscalls.o
 .debug_macro   0x0001e4af       0x94 ./Core/Src/syscalls.o
 .debug_macro   0x0001e543       0x57 ./Core/Src/syscalls.o
 .debug_macro   0x0001e59a       0x10 ./Core/Src/syscalls.o
 .debug_macro   0x0001e5aa       0x10 ./Core/Src/syscalls.o
 .debug_macro   0x0001e5ba       0x10 ./Core/Src/syscalls.o
 .debug_macro   0x0001e5ca       0x10 ./Core/Src/syscalls.o
 .debug_macro   0x0001e5da       0x1c ./Core/Src/syscalls.o
 .debug_macro   0x0001e5f6       0x52 ./Core/Src/syscalls.o
 .debug_macro   0x0001e648       0x22 ./Core/Src/syscalls.o
 .debug_macro   0x0001e66a       0x10 ./Core/Src/syscalls.o
 .debug_macro   0x0001e67a       0x52 ./Core/Src/syscalls.o
 .debug_macro   0x0001e6cc       0xcf ./Core/Src/syscalls.o
 .debug_macro   0x0001e79b       0x1c ./Core/Src/syscalls.o
 .debug_macro   0x0001e7b7       0x3d ./Core/Src/syscalls.o
 .debug_macro   0x0001e7f4       0x35 ./Core/Src/syscalls.o
 .debug_macro   0x0001e829      0x12c ./Core/Src/syscalls.o
 .debug_macro   0x0001e955       0x10 ./Core/Src/syscalls.o
 .debug_macro   0x0001e965      0x242 ./Core/Src/syscalls.o
 .debug_macro   0x0001eba7       0x10 ./Core/Src/syscalls.o
 .debug_macro   0x0001ebb7      0x18a ./Core/Src/syscalls.o
 .debug_macro   0x0001ed41       0x16 ./Core/Src/syscalls.o
 .debug_macro   0x0001ed57       0xce ./Core/Src/syscalls.o
 .debug_macro   0x0001ee25      0x112 ./Core/Src/sysmem.o
 .debug_macro   0x0001ef37      0x23c ./Core/Src/sysmem.o
 .debug_macro   0x0001f173      0x1fc ./Core/Src/system_stm32f3xx.o
 .debug_macro   0x0001f36f      0x220 ./Drivers/STM32F3xx_HAL_Driver/Src/stm32f3xx_hal.o
 .debug_macro   0x0001f58f      0x1fc ./Drivers/STM32F3xx_HAL_Driver/Src/stm32f3xx_hal_cortex.o
 .debug_macro   0x0001f78b      0x203 ./Drivers/STM32F3xx_HAL_Driver/Src/stm32f3xx_hal_gpio.o
 .debug_macro   0x0001f98e      0x2c8 ./Drivers/STM32F3xx_HAL_Driver/Src/stm32f3xx_hal_i2c.o
 .debug_macro   0x0001fc56      0x1fc ./Drivers/STM32F3xx_HAL_Driver/Src/stm32f3xx_hal_i2c_ex.o
 .debug_macro   0x0001fe52      0x208 ./Drivers/STM32F3xx_HAL_Driver/Src/stm32f3xx_hal_pcd.o
 .debug_macro   0x0002005a      0x220 ./Drivers/STM32F3xx_HAL_Driver/Src/stm32f3xx_hal_rcc.o
 .debug_macro   0x0002027a      0x1fc ./Drivers/STM32F3xx_HAL_Driver/Src/stm32f3xx_hal_rcc_ex.o
 .debug_macro   0x00020476      0x204 ./Drivers/STM32F3xx_HAL_Driver/Src/stm32f3xx_hal_spi.o
 .debug_macro   0x0002067a      0x1fd ./Drivers/STM32F3xx_HAL_Driver/Src/stm32f3xx_hal_tim.o
 .debug_macro   0x00020877      0x1fc ./Drivers/STM32F3xx_HAL_Driver/Src/stm32f3xx_hal_tim_ex.o
 .debug_macro   0x00020a73      0x1fc ./Drivers/STM32F3xx_HAL_Driver/Src/stm32f3xx_ll_usb.o

.debug_line     0x00000000    0x19e26
 .debug_line    0x00000000      0xac2 ./Core/Src/callbacks.o
 .debug_line    0x00000ac2      0xe89 ./Core/Src/main.o
 .debug_line    0x0000194b      0xaa8 ./Core/Src/memory.o
 .debug_line    0x000023f3      0xfef ./Core/Src/morse.o
 .debug_line    0x000033e2      0xd45 ./Core/Src/serial.o
 .debug_line    0x00004127      0xa77 ./Core/Src/servo.o
 .debug_line    0x00004b9e      0xb11 ./Core/Src/stm32f3xx_hal_msp.o
 .debug_line    0x000056af      0xb36 ./Core/Src/stm32f3xx_it.o
 .debug_line    0x000061e5      0x8ac ./Core/Src/syscalls.o
 .debug_line    0x00006a91      0x588 ./Core/Src/sysmem.o
 .debug_line    0x00007019      0x817 ./Core/Src/system_stm32f3xx.o
 .debug_line    0x00007830       0x7a ./Core/Startup/startup_stm32f303vctx.o
 .debug_line    0x000078aa      0xa53 ./Drivers/STM32F3xx_HAL_Driver/Src/stm32f3xx_hal.o
 .debug_line    0x000082fd      0xd1e ./Drivers/STM32F3xx_HAL_Driver/Src/stm32f3xx_hal_cortex.o
 .debug_line    0x0000901b      0xb9e ./Drivers/STM32F3xx_HAL_Driver/Src/stm32f3xx_hal_gpio.o
 .debug_line    0x00009bb9     0x37a4 ./Drivers/STM32F3xx_HAL_Driver/Src/stm32f3xx_hal_i2c.o
 .debug_line    0x0000d35d      0x903 ./Drivers/STM32F3xx_HAL_Driver/Src/stm32f3xx_hal_i2c_ex.o
 .debug_line    0x0000dc60     0x1313 ./Drivers/STM32F3xx_HAL_Driver/Src/stm32f3xx_hal_pcd.o
 .debug_line    0x0000ef73     0x15b2 ./Drivers/STM32F3xx_HAL_Driver/Src/stm32f3xx_hal_rcc.o
 .debug_line    0x00010525      0xdef ./Drivers/STM32F3xx_HAL_Driver/Src/stm32f3xx_hal_rcc_ex.o
 .debug_line    0x00011314     0x2126 ./Drivers/STM32F3xx_HAL_Driver/Src/stm32f3xx_hal_spi.o
 .debug_line    0x0001343a     0x3e38 ./Drivers/STM32F3xx_HAL_Driver/Src/stm32f3xx_hal_tim.o
 .debug_line    0x00017272     0x1a80 ./Drivers/STM32F3xx_HAL_Driver/Src/stm32f3xx_hal_tim_ex.o
 .debug_line    0x00018cf2     0x1134 ./Drivers/STM32F3xx_HAL_Driver/Src/stm32f3xx_ll_usb.o

.debug_str      0x00000000    0xbb61c
 .debug_str     0x00000000    0xbb61c ./Core/Src/callbacks.o
                              0xb458d (size before relaxing)
 .debug_str     0x000bb61c    0xb5db9 ./Core/Src/main.o
 .debug_str     0x000bb61c    0xb4487 ./Core/Src/memory.o
 .debug_str     0x000bb61c    0xb495c ./Core/Src/morse.o
 .debug_str     0x000bb61c    0xb4cc4 ./Core/Src/serial.o
 .debug_str     0x000bb61c    0xb4509 ./Core/Src/servo.o
 .debug_str     0x000bb61c    0xb5258 ./Core/Src/stm32f3xx_hal_msp.o
 .debug_str     0x000bb61c    0xb45f2 ./Core/Src/stm32f3xx_it.o
 .debug_str     0x000bb61c     0x99e5 ./Core/Src/syscalls.o
 .debug_str     0x000bb61c     0x7783 ./Core/Src/sysmem.o
 .debug_str     0x000bb61c    0xb058e ./Core/Src/system_stm32f3xx.o
 .debug_str     0x000bb61c       0x85 ./Core/Startup/startup_stm32f303vctx.o
 .debug_str     0x000bb61c    0xb0dcc ./Drivers/STM32F3xx_HAL_Driver/Src/stm32f3xx_hal.o
 .debug_str     0x000bb61c    0xb0e50 ./Drivers/STM32F3xx_HAL_Driver/Src/stm32f3xx_hal_cortex.o
 .debug_str     0x000bb61c    0xb06fb ./Drivers/STM32F3xx_HAL_Driver/Src/stm32f3xx_hal_gpio.o
 .debug_str     0x000bb61c    0xb188e ./Drivers/STM32F3xx_HAL_Driver/Src/stm32f3xx_hal_i2c.o
 .debug_str     0x000bb61c    0xb0a85 ./Drivers/STM32F3xx_HAL_Driver/Src/stm32f3xx_hal_i2c_ex.o
 .debug_str     0x000bb61c    0xb0dc3 ./Drivers/STM32F3xx_HAL_Driver/Src/stm32f3xx_hal_pcd.o
 .debug_str     0x000bb61c    0xb0a2e ./Drivers/STM32F3xx_HAL_Driver/Src/stm32f3xx_hal_rcc.o
 .debug_str     0x000bb61c    0xb07f2 ./Drivers/STM32F3xx_HAL_Driver/Src/stm32f3xx_hal_rcc_ex.o
 .debug_str     0x000bb61c    0xb0eb4 ./Drivers/STM32F3xx_HAL_Driver/Src/stm32f3xx_hal_spi.o
 .debug_str     0x000bb61c    0xb19c5 ./Drivers/STM32F3xx_HAL_Driver/Src/stm32f3xx_hal_tim.o
 .debug_str     0x000bb61c    0xb120b ./Drivers/STM32F3xx_HAL_Driver/Src/stm32f3xx_hal_tim_ex.o
 .debug_str     0x000bb61c    0xb0918 ./Drivers/STM32F3xx_HAL_Driver/Src/stm32f3xx_ll_usb.o

.comment        0x00000000       0x43
 .comment       0x00000000       0x43 ./Core/Src/callbacks.o
                                 0x44 (size before relaxing)
 .comment       0x00000043       0x44 ./Core/Src/main.o
 .comment       0x00000043       0x44 ./Core/Src/memory.o
 .comment       0x00000043       0x44 ./Core/Src/morse.o
 .comment       0x00000043       0x44 ./Core/Src/serial.o
 .comment       0x00000043       0x44 ./Core/Src/servo.o
 .comment       0x00000043       0x44 ./Core/Src/stm32f3xx_hal_msp.o
 .comment       0x00000043       0x44 ./Core/Src/stm32f3xx_it.o
 .comment       0x00000043       0x44 ./Core/Src/syscalls.o
 .comment       0x00000043       0x44 ./Core/Src/sysmem.o
 .comment       0x00000043       0x44 ./Core/Src/system_stm32f3xx.o
 .comment       0x00000043       0x44 ./Drivers/STM32F3xx_HAL_Driver/Src/stm32f3xx_hal.o
 .comment       0x00000043       0x44 ./Drivers/STM32F3xx_HAL_Driver/Src/stm32f3xx_hal_cortex.o
 .comment       0x00000043       0x44 ./Drivers/STM32F3xx_HAL_Driver/Src/stm32f3xx_hal_gpio.o
 .comment       0x00000043       0x44 ./Drivers/STM32F3xx_HAL_Driver/Src/stm32f3xx_hal_i2c.o
 .comment       0x00000043       0x44 ./Drivers/STM32F3xx_HAL_Driver/Src/stm32f3xx_hal_i2c_ex.o
 .comment       0x00000043       0x44 ./Drivers/STM32F3xx_HAL_Driver/Src/stm32f3xx_hal_pcd.o
 .comment       0x00000043       0x44 ./Drivers/STM32F3xx_HAL_Driver/Src/stm32f3xx_hal_rcc.o
 .comment       0x00000043       0x44 ./Drivers/STM32F3xx_HAL_Driver/Src/stm32f3xx_hal_rcc_ex.o
 .comment       0x00000043       0x44 ./Drivers/STM32F3xx_HAL_Driver/Src/stm32f3xx_hal_spi.o
 .comment       0x00000043       0x44 ./Drivers/STM32F3xx_HAL_Driver/Src/stm32f3xx_hal_tim.o
 .comment       0x00000043       0x44 ./Drivers/STM32F3xx_HAL_Driver/Src/stm32f3xx_hal_tim_ex.o
 .comment       0x00000043       0x44 ./Drivers/STM32F3xx_HAL_Driver/Src/stm32f3xx_ll_usb.o

.debug_frame    0x00000000     0x5798
 .debug_frame   0x00000000       0xac ./Core/Src/callbacks.o
 .debug_frame   0x000000ac      0x230 ./Core/Src/main.o
 .debug_frame   0x000002dc       0xcc ./Core/Src/memory.o
 .debug_frame   0x000003a8      0x188 ./Core/Src/morse.o
 .debug_frame   0x00000530      0x1d8 ./Core/Src/serial.o
 .debug_frame   0x00000708       0x78 ./Core/Src/servo.o
 .debug_frame   0x00000780      0x180 ./Core/Src/stm32f3xx_hal_msp.o
 .debug_frame   0x00000900      0x174 ./Core/Src/stm32f3xx_it.o
 .debug_frame   0x00000a74      0x2ac ./Core/Src/syscalls.o
 .debug_frame   0x00000d20       0x34 ./Core/Src/sysmem.o
 .debug_frame   0x00000d54       0x58 ./Core/Src/system_stm32f3xx.o
 .debug_frame   0x00000dac      0x334 ./Drivers/STM32F3xx_HAL_Driver/Src/stm32f3xx_hal.o
 .debug_frame   0x000010e0      0x4e8 ./Drivers/STM32F3xx_HAL_Driver/Src/stm32f3xx_hal_cortex.o
 .debug_frame   0x000015c8      0x14c ./Drivers/STM32F3xx_HAL_Driver/Src/stm32f3xx_hal_gpio.o
 .debug_frame   0x00001714      0xc38 ./Drivers/STM32F3xx_HAL_Driver/Src/stm32f3xx_hal_i2c.o
 .debug_frame   0x0000234c      0x100 ./Drivers/STM32F3xx_HAL_Driver/Src/stm32f3xx_hal_i2c_ex.o
 .debug_frame   0x0000244c      0x590 ./Drivers/STM32F3xx_HAL_Driver/Src/stm32f3xx_hal_pcd.o
 .debug_frame   0x000029dc      0x214 ./Drivers/STM32F3xx_HAL_Driver/Src/stm32f3xx_hal_rcc.o
 .debug_frame   0x00002bf0       0xb0 ./Drivers/STM32F3xx_HAL_Driver/Src/stm32f3xx_hal_rcc_ex.o
 .debug_frame   0x00002ca0      0x860 ./Drivers/STM32F3xx_HAL_Driver/Src/stm32f3xx_hal_spi.o
 .debug_frame   0x00003500     0x1218 ./Drivers/STM32F3xx_HAL_Driver/Src/stm32f3xx_hal_tim.o
 .debug_frame   0x00004718      0x688 ./Drivers/STM32F3xx_HAL_Driver/Src/stm32f3xx_hal_tim_ex.o
 .debug_frame   0x00004da0      0x380 ./Drivers/STM32F3xx_HAL_Driver/Src/stm32f3xx_ll_usb.o
 .debug_frame   0x00005120       0x20 C:/ST/STM32CubeIDE_1.17.0/STM32CubeIDE/plugins/com.st.stm32cube.ide.mcu.externaltools.gnu-tools-for-stm32.13.3.rel1.win32_1.0.0.202411081344/tools/bin/../lib/gcc/arm-none-eabi/13.3.1/../../../../arm-none-eabi/lib/thumb/v7e-m+fp/hard\libc_nano.a(libc_a-calloc.o)
 .debug_frame   0x00005140       0x2c C:/ST/STM32CubeIDE_1.17.0/STM32CubeIDE/plugins/com.st.stm32cube.ide.mcu.externaltools.gnu-tools-for-stm32.13.3.rel1.win32_1.0.0.202411081344/tools/bin/../lib/gcc/arm-none-eabi/13.3.1/../../../../arm-none-eabi/lib/thumb/v7e-m+fp/hard\libc_nano.a(libc_a-callocr.o)
 .debug_frame   0x0000516c       0x28 C:/ST/STM32CubeIDE_1.17.0/STM32CubeIDE/plugins/com.st.stm32cube.ide.mcu.externaltools.gnu-tools-for-stm32.13.3.rel1.win32_1.0.0.202411081344/tools/bin/../lib/gcc/arm-none-eabi/13.3.1/../../../../arm-none-eabi/lib/thumb/v7e-m+fp/hard\libc_nano.a(libc_a-exit.o)
 .debug_frame   0x00005194       0x30 C:/ST/STM32CubeIDE_1.17.0/STM32CubeIDE/plugins/com.st.stm32cube.ide.mcu.externaltools.gnu-tools-for-stm32.13.3.rel1.win32_1.0.0.202411081344/tools/bin/../lib/gcc/arm-none-eabi/13.3.1/../../../../arm-none-eabi/lib/thumb/v7e-m+fp/hard\libc_nano.a(libc_a-malloc.o)
 .debug_frame   0x000051c4       0x50 C:/ST/STM32CubeIDE_1.17.0/STM32CubeIDE/plugins/com.st.stm32cube.ide.mcu.externaltools.gnu-tools-for-stm32.13.3.rel1.win32_1.0.0.202411081344/tools/bin/../lib/gcc/arm-none-eabi/13.3.1/../../../../arm-none-eabi/lib/thumb/v7e-m+fp/hard\libc_nano.a(libc_a-mallocr.o)
 .debug_frame   0x00005214       0x30 C:/ST/STM32CubeIDE_1.17.0/STM32CubeIDE/plugins/com.st.stm32cube.ide.mcu.externaltools.gnu-tools-for-stm32.13.3.rel1.win32_1.0.0.202411081344/tools/bin/../lib/gcc/arm-none-eabi/13.3.1/../../../../arm-none-eabi/lib/thumb/v7e-m+fp/hard\libc_nano.a(libc_a-mlock.o)
 .debug_frame   0x00005244       0x3c C:/ST/STM32CubeIDE_1.17.0/STM32CubeIDE/plugins/com.st.stm32cube.ide.mcu.externaltools.gnu-tools-for-stm32.13.3.rel1.win32_1.0.0.202411081344/tools/bin/../lib/gcc/arm-none-eabi/13.3.1/../../../../arm-none-eabi/lib/thumb/v7e-m+fp/hard\libc_nano.a(libc_a-reallocr.o)
 .debug_frame   0x00005280      0x144 C:/ST/STM32CubeIDE_1.17.0/STM32CubeIDE/plugins/com.st.stm32cube.ide.mcu.externaltools.gnu-tools-for-stm32.13.3.rel1.win32_1.0.0.202411081344/tools/bin/../lib/gcc/arm-none-eabi/13.3.1/../../../../arm-none-eabi/lib/thumb/v7e-m+fp/hard\libc_nano.a(libc_a-findfp.o)
 .debug_frame   0x000053c4       0x74 C:/ST/STM32CubeIDE_1.17.0/STM32CubeIDE/plugins/com.st.stm32cube.ide.mcu.externaltools.gnu-tools-for-stm32.13.3.rel1.win32_1.0.0.202411081344/tools/bin/../lib/gcc/arm-none-eabi/13.3.1/../../../../arm-none-eabi/lib/thumb/v7e-m+fp/hard\libc_nano.a(libc_a-sprintf.o)
 .debug_frame   0x00005438       0x20 C:/ST/STM32CubeIDE_1.17.0/STM32CubeIDE/plugins/com.st.stm32cube.ide.mcu.externaltools.gnu-tools-for-stm32.13.3.rel1.win32_1.0.0.202411081344/tools/bin/../lib/gcc/arm-none-eabi/13.3.1/../../../../arm-none-eabi/lib/thumb/v7e-m+fp/hard\libc_nano.a(libc_a-memset.o)
 .debug_frame   0x00005458       0x28 C:/ST/STM32CubeIDE_1.17.0/STM32CubeIDE/plugins/com.st.stm32cube.ide.mcu.externaltools.gnu-tools-for-stm32.13.3.rel1.win32_1.0.0.202411081344/tools/bin/../lib/gcc/arm-none-eabi/13.3.1/../../../../arm-none-eabi/lib/thumb/v7e-m+fp/hard\libc_nano.a(libc_a-strcat.o)
 .debug_frame   0x00005480       0x38 C:/ST/STM32CubeIDE_1.17.0/STM32CubeIDE/plugins/com.st.stm32cube.ide.mcu.externaltools.gnu-tools-for-stm32.13.3.rel1.win32_1.0.0.202411081344/tools/bin/../lib/gcc/arm-none-eabi/13.3.1/../../../../arm-none-eabi/lib/thumb/v7e-m+fp/hard\libc_nano.a(libc_a-reent.o)
 .debug_frame   0x000054b8       0x2c C:/ST/STM32CubeIDE_1.17.0/STM32CubeIDE/plugins/com.st.stm32cube.ide.mcu.externaltools.gnu-tools-for-stm32.13.3.rel1.win32_1.0.0.202411081344/tools/bin/../lib/gcc/arm-none-eabi/13.3.1/../../../../arm-none-eabi/lib/thumb/v7e-m+fp/hard\libc_nano.a(libc_a-sbrkr.o)
 .debug_frame   0x000054e4       0x20 C:/ST/STM32CubeIDE_1.17.0/STM32CubeIDE/plugins/com.st.stm32cube.ide.mcu.externaltools.gnu-tools-for-stm32.13.3.rel1.win32_1.0.0.202411081344/tools/bin/../lib/gcc/arm-none-eabi/13.3.1/../../../../arm-none-eabi/lib/thumb/v7e-m+fp/hard\libc_nano.a(libc_a-errno.o)
 .debug_frame   0x00005504       0x2c C:/ST/STM32CubeIDE_1.17.0/STM32CubeIDE/plugins/com.st.stm32cube.ide.mcu.externaltools.gnu-tools-for-stm32.13.3.rel1.win32_1.0.0.202411081344/tools/bin/../lib/gcc/arm-none-eabi/13.3.1/../../../../arm-none-eabi/lib/thumb/v7e-m+fp/hard\libc_nano.a(libc_a-init.o)
 .debug_frame   0x00005530       0xb0 C:/ST/STM32CubeIDE_1.17.0/STM32CubeIDE/plugins/com.st.stm32cube.ide.mcu.externaltools.gnu-tools-for-stm32.13.3.rel1.win32_1.0.0.202411081344/tools/bin/../lib/gcc/arm-none-eabi/13.3.1/../../../../arm-none-eabi/lib/thumb/v7e-m+fp/hard\libc_nano.a(libc_a-lock.o)
 .debug_frame   0x000055e0       0x20 C:/ST/STM32CubeIDE_1.17.0/STM32CubeIDE/plugins/com.st.stm32cube.ide.mcu.externaltools.gnu-tools-for-stm32.13.3.rel1.win32_1.0.0.202411081344/tools/bin/../lib/gcc/arm-none-eabi/13.3.1/../../../../arm-none-eabi/lib/thumb/v7e-m+fp/hard\libc_nano.a(libc_a-strcpy.o)
 .debug_frame   0x00005600       0x28 C:/ST/STM32CubeIDE_1.17.0/STM32CubeIDE/plugins/com.st.stm32cube.ide.mcu.externaltools.gnu-tools-for-stm32.13.3.rel1.win32_1.0.0.202411081344/tools/bin/../lib/gcc/arm-none-eabi/13.3.1/../../../../arm-none-eabi/lib/thumb/v7e-m+fp/hard\libc_nano.a(libc_a-memcpy-stub.o)
 .debug_frame   0x00005628       0x38 C:/ST/STM32CubeIDE_1.17.0/STM32CubeIDE/plugins/com.st.stm32cube.ide.mcu.externaltools.gnu-tools-for-stm32.13.3.rel1.win32_1.0.0.202411081344/tools/bin/../lib/gcc/arm-none-eabi/13.3.1/../../../../arm-none-eabi/lib/thumb/v7e-m+fp/hard\libc_nano.a(libc_a-freer.o)
 .debug_frame   0x00005660       0x20 C:/ST/STM32CubeIDE_1.17.0/STM32CubeIDE/plugins/com.st.stm32cube.ide.mcu.externaltools.gnu-tools-for-stm32.13.3.rel1.win32_1.0.0.202411081344/tools/bin/../lib/gcc/arm-none-eabi/13.3.1/../../../../arm-none-eabi/lib/thumb/v7e-m+fp/hard\libc_nano.a(libc_a-msizer.o)
 .debug_frame   0x00005680       0x90 C:/ST/STM32CubeIDE_1.17.0/STM32CubeIDE/plugins/com.st.stm32cube.ide.mcu.externaltools.gnu-tools-for-stm32.13.3.rel1.win32_1.0.0.202411081344/tools/bin/../lib/gcc/arm-none-eabi/13.3.1/../../../../arm-none-eabi/lib/thumb/v7e-m+fp/hard\libc_nano.a(libc_a-nano-svfprintf.o)
 .debug_frame   0x00005710       0x60 C:/ST/STM32CubeIDE_1.17.0/STM32CubeIDE/plugins/com.st.stm32cube.ide.mcu.externaltools.gnu-tools-for-stm32.13.3.rel1.win32_1.0.0.202411081344/tools/bin/../lib/gcc/arm-none-eabi/13.3.1/../../../../arm-none-eabi/lib/thumb/v7e-m+fp/hard\libc_nano.a(libc_a-nano-vfprintf_i.o)
 .debug_frame   0x00005770       0x28 C:/ST/STM32CubeIDE_1.17.0/STM32CubeIDE/plugins/com.st.stm32cube.ide.mcu.externaltools.gnu-tools-for-stm32.13.3.rel1.win32_1.0.0.202411081344/tools/bin/../lib/gcc/arm-none-eabi/13.3.1/../../../../arm-none-eabi/lib/thumb/v7e-m+fp/hard\libc_nano.a(libc_a-memmove.o)

.debug_line_str
                0x00000000       0x69
 .debug_line_str
                0x00000000       0x69 ./Core/Startup/startup_stm32f303vctx.o