Archive member included to satisfy reference by file (symbol)

C:/ST/STM32CubeIDE_1.18.0/STM32CubeIDE/plugins/com.st.stm32cube.ide.mcu.externaltools.gnu-tools-for-stm32.13.3.rel1.win32_1.0.0.202411081344/tools/bin/../lib/gcc/arm-none-eabi/13.3.1/../../../../arm-none-eabi/lib/thumb/v7e-m+fp/hard\libc_nano.a(libc_a-exit.o)
                              C:/ST/STM32CubeIDE_1.18.0/STM32CubeIDE/plugins/com.st.stm32cube.ide.mcu.externaltools.gnu-tools-for-stm32.13.3.rel1.win32_1.0.0.202411081344/tools/bin/../lib/gcc/arm-none-eabi/13.3.1/../../../../arm-none-eabi/lib/thumb/v7e-m+fp/hard/crt0.o (exit)
C:/ST/STM32CubeIDE_1.18.0/STM32CubeIDE/plugins/com.st.stm32cube.ide.mcu.externaltools.gnu-tools-for-stm32.13.3.rel1.win32_1.0.0.202411081344/tools/bin/../lib/gcc/arm-none-eabi/13.3.1/../../../../arm-none-eabi/lib/thumb/v7e-m+fp/hard\libc_nano.a(libc_a-findfp.o)
                              C:/ST/STM32CubeIDE_1.18.0/STM32CubeIDE/plugins/com.st.stm32cube.ide.mcu.externaltools.gnu-tools-for-stm32.13.3.rel1.win32_1.0.0.202411081344/tools/bin/../lib/gcc/arm-none-eabi/13.3.1/../../../../arm-none-eabi/lib/thumb/v7e-m+fp/hard\libc_nano.a(libc_a-exit.o) (__stdio_exit_handler)
C:/ST/STM32CubeIDE_1.18.0/STM32CubeIDE/plugins/com.st.stm32cube.ide.mcu.externaltools.gnu-tools-for-stm32.13.3.rel1.win32_1.0.0.202411081344/tools/bin/../lib/gcc/arm-none-eabi/13.3.1/../../../../arm-none-eabi/lib/thumb/v7e-m+fp/hard\libc_nano.a(libc_a-fwalk.o)
                              C:/ST/STM32CubeIDE_1.18.0/STM32CubeIDE/plugins/com.st.stm32cube.ide.mcu.externaltools.gnu-tools-for-stm32.13.3.rel1.win32_1.0.0.202411081344/tools/bin/../lib/gcc/arm-none-eabi/13.3.1/../../../../arm-none-eabi/lib/thumb/v7e-m+fp/hard\libc_nano.a(libc_a-findfp.o) (_fwalk_sglue)
C:/ST/STM32CubeIDE_1.18.0/STM32CubeIDE/plugins/com.st.stm32cube.ide.mcu.externaltools.gnu-tools-for-stm32.13.3.rel1.win32_1.0.0.202411081344/tools/bin/../lib/gcc/arm-none-eabi/13.3.1/../../../../arm-none-eabi/lib/thumb/v7e-m+fp/hard\libc_nano.a(libc_a-stdio.o)
                              C:/ST/STM32CubeIDE_1.18.0/STM32CubeIDE/plugins/com.st.stm32cube.ide.mcu.externaltools.gnu-tools-for-stm32.13.3.rel1.win32_1.0.0.202411081344/tools/bin/../lib/gcc/arm-none-eabi/13.3.1/../../../../arm-none-eabi/lib/thumb/v7e-m+fp/hard\libc_nano.a(libc_a-findfp.o) (__sread)
C:/ST/STM32CubeIDE_1.18.0/STM32CubeIDE/plugins/com.st.stm32cube.ide.mcu.externaltools.gnu-tools-for-stm32.13.3.rel1.win32_1.0.0.202411081344/tools/bin/../lib/gcc/arm-none-eabi/13.3.1/../../../../arm-none-eabi/lib/thumb/v7e-m+fp/hard\libc_nano.a(libc_a-memset.o)
                              C:/ST/STM32CubeIDE_1.18.0/STM32CubeIDE/plugins/com.st.stm32cube.ide.mcu.externaltools.gnu-tools-for-stm32.13.3.rel1.win32_1.0.0.202411081344/tools/bin/../lib/gcc/arm-none-eabi/13.3.1/../../../../arm-none-eabi/lib/thumb/v7e-m+fp/hard/crt0.o (memset)
C:/ST/STM32CubeIDE_1.18.0/STM32CubeIDE/plugins/com.st.stm32cube.ide.mcu.externaltools.gnu-tools-for-stm32.13.3.rel1.win32_1.0.0.202411081344/tools/bin/../lib/gcc/arm-none-eabi/13.3.1/../../../../arm-none-eabi/lib/thumb/v7e-m+fp/hard\libc_nano.a(libc_a-closer.o)
                              C:/ST/STM32CubeIDE_1.18.0/STM32CubeIDE/plugins/com.st.stm32cube.ide.mcu.externaltools.gnu-tools-for-stm32.13.3.rel1.win32_1.0.0.202411081344/tools/bin/../lib/gcc/arm-none-eabi/13.3.1/../../../../arm-none-eabi/lib/thumb/v7e-m+fp/hard\libc_nano.a(libc_a-stdio.o) (_close_r)
C:/ST/STM32CubeIDE_1.18.0/STM32CubeIDE/plugins/com.st.stm32cube.ide.mcu.externaltools.gnu-tools-for-stm32.13.3.rel1.win32_1.0.0.202411081344/tools/bin/../lib/gcc/arm-none-eabi/13.3.1/../../../../arm-none-eabi/lib/thumb/v7e-m+fp/hard\libc_nano.a(libc_a-reent.o)
                              C:/ST/STM32CubeIDE_1.18.0/STM32CubeIDE/plugins/com.st.stm32cube.ide.mcu.externaltools.gnu-tools-for-stm32.13.3.rel1.win32_1.0.0.202411081344/tools/bin/../lib/gcc/arm-none-eabi/13.3.1/../../../../arm-none-eabi/lib/thumb/v7e-m+fp/hard\libc_nano.a(libc_a-closer.o) (errno)
C:/ST/STM32CubeIDE_1.18.0/STM32CubeIDE/plugins/com.st.stm32cube.ide.mcu.externaltools.gnu-tools-for-stm32.13.3.rel1.win32_1.0.0.202411081344/tools/bin/../lib/gcc/arm-none-eabi/13.3.1/../../../../arm-none-eabi/lib/thumb/v7e-m+fp/hard\libc_nano.a(libc_a-impure.o)
                              C:/ST/STM32CubeIDE_1.18.0/STM32CubeIDE/plugins/com.st.stm32cube.ide.mcu.externaltools.gnu-tools-for-stm32.13.3.rel1.win32_1.0.0.202411081344/tools/bin/../lib/gcc/arm-none-eabi/13.3.1/../../../../arm-none-eabi/lib/thumb/v7e-m+fp/hard\libc_nano.a(libc_a-reent.o) (_impure_ptr)
C:/ST/STM32CubeIDE_1.18.0/STM32CubeIDE/plugins/com.st.stm32cube.ide.mcu.externaltools.gnu-tools-for-stm32.13.3.rel1.win32_1.0.0.202411081344/tools/bin/../lib/gcc/arm-none-eabi/13.3.1/../../../../arm-none-eabi/lib/thumb/v7e-m+fp/hard\libc_nano.a(libc_a-lseekr.o)
[...]
Memory Configuration

Name             Origin             Length             Attributes
CCMRAM           0x10000000         0x00002000         xrw
RAM              0x20000000         0x0000a000         xrw
FLASH            0x08000000         0x00040000         xr
*default*        0x00000000         0xffffffff

Linker script and memory map

LOAD C:/ST/STM32CubeIDE_1.18.0/STM32CubeIDE/plugins/com.st.stm32cube.ide.mcu.externaltools.gnu-tools-for-stm32.13.3.rel1.win32_1.0.0.202411081344/tools/bin/../lib/gcc/arm-none-eabi/13.3.1/thumb/v7e-m+fp/hard/crti.o
LOAD C:/ST/STM32CubeIDE_1.18.0/STM32CubeIDE/plugins/com.st.stm32cube.ide.mcu.externaltools.gnu-tools-for-stm32.13.3.rel1.win32_1.0.0.202411081344/tools/bin/../lib/gcc/arm-none-eabi/13.3.1/thumb/v7e-m+fp/hard/crtbegin.o
LOAD C:/ST/STM32CubeIDE_1.18.0/STM32CubeIDE/plugins/com.st.stm32cube.ide.mcu.externaltools.gnu-tools-for-stm32.13.3.rel1.win32_1.0.0.202411081344/tools/bin/../lib/gcc/arm-none-eabi/13.3.1/../../../../arm-none-eabi/lib/thumb/v7e-m+fp/hard/crt0.o
LOAD ./Src/a.o
LOAD ./Src/main.o
LOAD ./Src/syscalls.o
LOAD ./Src/sysmem.o
LOAD ./Startup/startup_stm32f303vctx.o
START GROUP
LOAD C:/ST/STM32CubeIDE_1.18.0/STM32CubeIDE/plugins/com.st.stm32cube.ide.mcu.externaltools.gnu-tools-for-stm32.13.3.rel1.win32_1.0.0.202411081344/tools/bin/../lib/gcc/arm-none-eabi/13.3.1/../../../../arm-none-eabi/lib/thumb/v7e-m+fp/hard\libc_nano.a
LOAD C:/ST/STM32CubeIDE_1.18.0/STM32CubeIDE/plugins/com.st.stm32cube.ide.mcu.externaltools.gnu-tools-for-stm32.13.3.rel1.win32_1.0.0.202411081344/tools/bin/../lib/gcc/arm-none-eabi/13.3.1/../../../../arm-none-eabi/lib/thumb/v7e-m+fp/hard\libm.a
END GROUP
START GROUP
LOAD C:/ST/STM32CubeIDE_1.18.0/STM32CubeIDE/plugins/com.st.stm32cube.ide.mcu.externaltools.gnu-tools-for-stm32.13.3.rel1.win32_1.0.0.202411081344/tools/bin/../lib/gcc/arm-none-eabi/13.3.1/thumb/v7e-m+fp/hard\libgcc.a
LOAD C:/ST/STM32CubeIDE_1.18.0/STM32CubeIDE/plugins/com.st.stm32cube.ide.mcu.externaltools.gnu-tools-for-stm32.13.3.rel1.win32_1.0.0.202411081344/tools/bin/../lib/gcc/arm-none-eabi/13.3.1/../../../../arm-none-eabi/lib/thumb/v7e-m+fp/hard\libc_nano.a
END GROUP
START GROUP
LOAD C:/ST/STM32CubeIDE_1.18.0/STM32CubeIDE/plugins/com.st.stm32cube.ide.mcu.externaltools.gnu-tools-for-stm32.13.3.rel1.win32_1.0.0.202411081344/tools/bin/../lib/gcc/arm-none-eabi/13.3.1/thumb/v7e-m+fp/hard\libgcc.a
LOAD C:/ST/STM32CubeIDE_1.18.0/STM32CubeIDE/plugins/com.st.stm32cube.ide.mcu.externaltools.gnu-tools-for-stm32.13.3.rel1.win32_1.0.0.202411081344/tools/bin/../lib/gcc/arm-none-eabi/13.3.1/../../../../arm-none-eabi/lib/thumb/v7e-m+fp/hard\libc_nano.a
LOAD C:/ST/STM32CubeIDE_1.18.0/STM32CubeIDE/plugins/com.st.stm32cube.ide.mcu.externaltools.gnu-tools-for-stm32.13.3.rel1.win32_1.0.0.202411081344/tools/bin/../lib/gcc/arm-none-eabi/13.3.1/../../../../arm-none-eabi/lib/thumb/v7e-m+fp/hard\libnosys.a
END GROUP
START GROUP
LOAD C:/ST/STM32CubeIDE_1.18.0/STM32CubeIDE/plugins/com.st.stm32cube.ide.mcu.externaltools.gnu-tools-for-stm32.13.3.rel1.win32_1.0.0.202411081344/tools/bin/../lib/gcc/arm-none-eabi/13.3.1/thumb/v7e-m+fp/hard\libgcc.a
LOAD C:/ST/STM32CubeIDE_1.18.0/STM32CubeIDE/plugins/com.st.stm32cube.ide.mcu.externaltools.gnu-tools-for-stm32.13.3.rel1.win32_1.0.0.202411081344/tools/bin/../lib/gcc/arm-none-eabi/13.3.1/../../../../arm-none-eabi/lib/thumb/v7e-m+fp/hard\libc_nano.a
LOAD C:/ST/STM32CubeIDE_1.18.0/STM32CubeIDE/plugins/com.st.stm32cube.ide.mcu.externaltools.gnu-tools-for-stm32.13.3.rel1.win32_1.0.0.202411081344/tools/bin/../lib/gcc/arm-none-eabi/13.3.1/../../../../arm-none-eabi/lib/thumb/v7e-m+fp/hard\libnosys.a
END GROUP
LOAD C:/ST/STM32CubeIDE_1.18.0/STM32CubeIDE/plugins/com.st.stm32cube.ide.mcu.externaltools.gnu-tools-for-stm32.13.3.rel1.win32_1.0.0.202411081344/tools/bin/../lib/gcc/arm-none-eabi/13.3.1/thumb/v7e-m+fp/hard/crtend.o
LOAD C:/ST/STM32CubeIDE_1.18.0/STM32CubeIDE/plugins/com.st.stm32cube.ide.mcu.externaltools.gnu-tools-for-stm32.13.3.rel1.win32_1.0.0.202411081344/tools/bin/../lib/gcc/arm-none-eabi/13.3.1/thumb/v7e-m+fp/hard/crtn.o
                0x2000a000                        _estack = (ORIGIN (RAM) + LENGTH (RAM))
                0x00000200                        _Min_Heap_Size = 0x200
                0x00000400                        _Min_Stack_Size = 0x400

.isr_vector     0x08000000      0x194
                0x08000000                        . = ALIGN (0x4)
 *(.isr_vector)
 .isr_vector    0x08000000      0x194 ./Startup/startup_stm32f303vctx.o
                0x08000000                g_pfnVectors
                0x08000194                        . = ALIGN (0x4)

.text           0x08000194     0x1a1c
                0x08000194                        . = ALIGN (0x4)
 *(.text)
 .text          0x08000194       0x40 C:/ST/STM32CubeIDE_1.18.0/STM32CubeIDE/plugins/com.st.stm32cube.ide.mcu.externaltools.gnu-tools-for-stm32.13.3.rel1.win32_1.0.0.202411081344/tools/bin/../lib/gcc/arm-none-eabi/13.3.1/thumb/v7e-m+fp/hard/crtbegin.o
 *(.text*)
 .text.__NVIC_EnableIRQ
                0x080001d4       0x3c ./Src/a.o
 .text.__NVIC_DisableIRQ
                0x08000210       0x48 ./Src/a.o
 .text.__NVIC_ClearPendingIRQ
                0x08000258       0x3c ./Src/a.o
 .text.__NVIC_SetPriority
                0x08000294       0x54 ./Src/a.o
 .text.enable_clocks
                0x080002e8       0x98 ./Src/a.o
                0x080002e8                enable_clocks
 .text.initialise_board
                0x08000380      0x200 ./Src/a.o
                0x08000380                initialise_board
 .text.configure_hardware_pwm
                0x08000580       0xd8 ./Src/a.o
                0x08000580                configure_hardware_pwm
 .text.configure_hardware_pwm2
                0x08000658      0x11e ./Src/a.o
                0x08000658                configure_hardware_pwm2
 *fill*         0x08000776        0x2 
 .text.configure_hardware_pwm3
                0x08000778       0xe4 ./Src/a.o
                0x08000778                configure_hardware_pwm3
 .text.configure_hardware_pwm4
                0x0800085c       0xf0 ./Src/a.o
                0x0800085c                configure_hardware_pwm4
 .text.configure_limit_switch
                0x0800094c       0x88 ./Src/a.o
                0x0800094c                configure_limit_switch
 .text.configure_limit_switch2
                0x080009d4       0x88 ./Src/a.o
                0x080009d4                configure_limit_switch2
 .text.configure_limit_switch3
                0x08000a5c       0x88 ./Src/a.o
                0x08000a5c                configure_limit_switch3
 .text.configure_limit_switch4
                0x08000ae4       0x88 ./Src/a.o
                0x08000ae4                configure_limit_switch4
 .text.configure_flash_timer
                0x08000b6c       0x70 ./Src/a.o
                0x08000b6c                configure_flash_timer
 .text.timer_init
                0x08000bdc       0x88 ./Src/a.o
                0x08000bdc                timer_init
 .text.set_rgb_ccr
                0x08000c64       0x54 ./Src/a.o
                0x08000c64                set_rgb_ccr
 .text.set_rgb2_ccr
                0x08000cb8       0x54 ./Src/a.o
                0x08000cb8                set_rgb2_ccr
 .text.set_rgb3_ccr
                0x08000d0c       0x54 ./Src/a.o
                0x08000d0c                set_rgb3_ccr
 .text.set_rgb4_ccr
                0x08000d60       0x54 ./Src/a.o
                0x08000d60                set_rgb4_ccr
 .text.set_rgb_color
                0x08000db4      0x12c ./Src/a.o
                0x08000db4                set_rgb_color
 .text.set_rgb2_color
                0x08000ee0      0x12c ./Src/a.o
                0x08000ee0                set_rgb2_color
 .text.set_rgb3_color
                0x0800100c      0x12c ./Src/a.o
                0x0800100c                set_rgb3_color
 .text.set_rgb4_color
                0x08001138      0x12c ./Src/a.o
                0x08001138                set_rgb4_color
 .text.flash_led_callback
                0x08001264      0x18c ./Src/a.o
                0x08001264                flash_led_callback
 .text.enable_timer
                0x080013f0       0x60 ./Src/a.o
                0x080013f0                enable_timer
 .text.TIM1_UP_TIM16_IRQHandler
                0x08001450       0x84 ./Src/a.o
                0x08001450                TIM1_UP_TIM16_IRQHandler
 .text.TIM1_TRG_COM_TIM17_IRQHandler
                0x080014d4       0x38 ./Src/a.o
                0x080014d4                TIM1_TRG_COM_TIM17_IRQHandler
 .text.EXTI3_IRQHandler
                0x0800150c       0x7c ./Src/a.o
                0x0800150c                EXTI3_IRQHandler
 .text.EXTI4_IRQHandler
                0x08001588       0x7c ./Src/a.o
                0x08001588                EXTI4_IRQHandler
 .text.EXTI9_5_IRQHandler
                0x08001604       0xdc ./Src/a.o
                0x08001604                EXTI9_5_IRQHandler
 .text.start_circular_flash
                0x080016e0      0x160 ./Src/a.o
                0x080016e0                start_circular_flash
 .text.stop_circular_flash
                0x08001840       0xb4 ./Src/a.o
                0x08001840                stop_circular_flash
 .text.circular_flash_callback
                0x080018f4       0xf8 ./Src/a.o
                0x080018f4                circular_flash_callback
 .text.enableUSART1
                0x080019ec       0x88 ./Src/a.o
                0x080019ec                enableUSART1
 .text.USART1_SendChar
                0x08001a74       0x30 ./Src/a.o
                0x08001a74                USART1_SendChar
 .text.USART1_SendString
                0x08001aa4       0x34 ./Src/a.o
                0x08001aa4                USART1_SendString
 .text.main     0x08001ad8       0x24 ./Src/main.o
                0x08001ad8                main
 .text.Reset_Handler
                0x08001afc       0x50 ./Startup/startup_stm32f303vctx.o
                0x08001afc                Reset_Handler
 .text.Default_Handler
                0x08001b4c        0x2 ./Startup/startup_stm32f303vctx.o
                0x08001b4c                TIM8_TRG_COM_IRQHandler
                0x08001b4c                TIM8_CC_IRQHandler
                0x08001b4c                DebugMon_Handler
                0x08001b4c                DMA1_CH4_IRQHandler
                0x08001b4c                SPI4_IRQHandler
                0x08001b4c                TIM1_CC_IRQHandler
                0x08001b4c                HardFault_Handler
                0x08001b4c                USB_HP_IRQHandler
                0x08001b4c                I2C2_EV_EXTI24_IRQHandler
                0x08001b4c                SysTick_Handler
                0x08001b4c                USB_WKUP_EXTI_IRQHandler
                0x08001b4c                PVD_IRQHandler
                0x08001b4c                UART4_EXTI34_IRQHandler
                0x08001b4c                TAMP_STAMP_IRQHandler
                0x08001b4c                PendSV_Handler
                0x08001b4c                NMI_Handler
                0x08001b4c                I2C3_ER_IRQHandler
                0x08001b4c                TIM6_DACUNDER_IRQHandler
                0x08001b4c                USB_HP_CAN_TX_IRQHandler
                0x08001b4c                EXTI0_IRQHandler
                0x08001b4c                DMA2_CH1_IRQHandler
                0x08001b4c                UsageFault_Handler
                0x08001b4c                ADC1_2_IRQHandler
                0x08001b4c                SPI1_IRQHandler
                0x08001b4c                CAN_SCE_IRQHandler
                0x08001b4c                DMA1_CH7_IRQHandler
                0x08001b4c                TIM8_UP_IRQHandler
                0x08001b4c                COMP456_IRQHandler
                0x08001b4c                DMA1_CH6_IRQHandler
                0x08001b4c                TIM20_TRG_COM_IRQHandler
                0x08001b4c                ADC3_IRQHandler
                0x08001b4c                TIM4_IRQHandler
                0x08001b4c                CAN_RX1_IRQHandler
                0x08001b4c                USART1_EXTI25_IRQHandler
                0x08001b4c                DMA2_CH5_IRQHandler
                0x08001b4c                I2C1_EV_EXTI23_IRQHandler
                0x08001b4c                DMA1_CH3_IRQHandler
                0x08001b4c                TIM3_IRQHandler
                0x08001b4c                RCC_IRQHandler
                0x08001b4c                TIM20_UP_IRQHandler
                0x08001b4c                Default_Handler
                0x08001b4c                EXTI15_10_IRQHandler
                0x08001b4c                USART2_EXTI26_IRQHandler
                0x08001b4c                USART3_EXTI28_IRQHandler
                0x08001b4c                TIM7_IRQHandler
                0x08001b4c                I2C3_EV_IRQHandler
                0x08001b4c                DMA1_CH2_IRQHandler
                0x08001b4c                RTC_WKUP_IRQHandler
                0x08001b4c                SPI2_IRQHandler
                0x08001b4c                DMA1_CH1_IRQHandler
                0x08001b4c                USB_LP_CAN_RX0_IRQHandler
                0x08001b4c                MemManage_Handler
                0x08001b4c                COMP123_IRQHandler
                0x08001b4c                SVC_Handler
                0x08001b4c                USB_LP_IRQHandler
                0x08001b4c                ADC4_IRQHandler
                0x08001b4c                WWDG_IRQHandler
                0x08001b4c                TIM2_IRQHandler
                0x08001b4c                COMP7_IRQHandler
                0x08001b4c                EXTI1_IRQHandler
                0x08001b4c                RTCAlarm_IRQHandler
                0x08001b4c                UART5_EXTI35_IRQHandler
                0x08001b4c                TIM20_BRK_IRQHandler
                0x08001b4c                I2C2_ER_IRQHandler
                0x08001b4c                TIM8_BRK_IRQHandler
                0x08001b4c                FLASH_IRQHandler
                0x08001b4c                TIM20_CC_IRQHandler
                0x08001b4c                BusFault_Handler
                0x08001b4c                SPI3_IRQHandler
                0x08001b4c                DMA2_CH3_IRQHandler
                0x08001b4c                DMA2_CH2_IRQHandler
                0x08001b4c                I2C1_ER_IRQHandler
                0x08001b4c                FMC_IRQHandler
                0x08001b4c                DMA1_CH5_IRQHandler
                0x08001b4c                DMA2_CH4_IRQHandler
                0x08001b4c                USB_WKUP_IRQHandler
                0x08001b4c                EXTI2_TSC_IRQHandler
                0x08001b4c                TIM1_BRK_TIM15_IRQHandler
 *fill*         0x08001b4e        0x2 
 .text.__libc_init_array
                0x08001b50       0x48 C:/ST/STM32CubeIDE_1.18.0/STM32CubeIDE/plugins/com.st.stm32cube.ide.mcu.externaltools.gnu-tools-for-stm32.13.3.rel1.win32_1.0.0.202411081344/tools/bin/../lib/gcc/arm-none-eabi/13.3.1/../../../../arm-none-eabi/lib/thumb/v7e-m+fp/hard\libc_nano.a(libc_a-init.o)
                0x08001b50                __libc_init_array
 *(.glue_7)
 .glue_7        0x08001b98        0x0 linker stubs
 *(.glue_7t)
 .glue_7t       0x08001b98        0x0 linker stubs
 *(.eh_frame)
 .eh_frame      0x08001b98        0x0 C:/ST/STM32CubeIDE_1.18.0/STM32CubeIDE/plugins/com.st.stm32cube.ide.mcu.externaltools.gnu-tools-for-stm32.13.3.rel1.win32_1.0.0.202411081344/tools/bin/../lib/gcc/arm-none-eabi/13.3.1/thumb/v7e-m+fp/hard/crtbegin.o
 *(.init)
 .init          0x08001b98        0x4 C:/ST/STM32CubeIDE_1.18.0/STM32CubeIDE/plugins/com.st.stm32cube.ide.mcu.externaltools.gnu-tools-for-stm32.13.3.rel1.win32_1.0.0.202411081344/tools/bin/../lib/gcc/arm-none-eabi/13.3.1/thumb/v7e-m+fp/hard/crti.o
                0x08001b98                _init
 .init          0x08001b9c        0x8 C:/ST/STM32CubeIDE_1.18.0/STM32CubeIDE/plugins/com.st.stm32cube.ide.mcu.externaltools.gnu-tools-for-stm32.13.3.rel1.win32_1.0.0.202411081344/tools/bin/../lib/gcc/arm-none-eabi/13.3.1/thumb/v7e-m+fp/hard/crtn.o
 *(.fini)
 .fini          0x08001ba4        0x4 C:/ST/STM32CubeIDE_1.18.0/STM32CubeIDE/plugins/com.st.stm32cube.ide.mcu.externaltools.gnu-tools-for-stm32.13.3.rel1.win32_1.0.0.202411081344/tools/bin/../lib/gcc/arm-none-eabi/13.3.1/thumb/v7e-m+fp/hard/crti.o
                0x08001ba4                _fini
 .fini          0x08001ba8        0x8 C:/ST/STM32CubeIDE_1.18.0/STM32CubeIDE/plugins/com.st.stm32cube.ide.mcu.externaltools.gnu-tools-for-stm32.13.3.rel1.win32_1.0.0.202411081344/tools/bin/../lib/gcc/arm-none-eabi/13.3.1/thumb/v7e-m+fp/hard/crtn.o
                0x08001bb0                        . = ALIGN (0x4)
                0x08001bb0                        _etext = .

.vfp11_veneer   0x08001bb0        0x0
 .vfp11_veneer  0x08001bb0        0x0 linker stubs

.v4_bx          0x08001bb0        0x0
 .v4_bx         0x08001bb0        0x0 linker stubs

.iplt           0x08001bb0        0x0
 .iplt          0x08001bb0        0x0 C:/ST/STM32CubeIDE_1.18.0/STM32CubeIDE/plugins/com.st.stm32cube.ide.mcu.externaltools.gnu-tools-for-stm32.13.3.rel1.win32_1.0.0.202411081344/tools/bin/../lib/gcc/arm-none-eabi/13.3.1/thumb/v7e-m+fp/hard/crtbegin.o

.rodata         0x08001bb0       0x10
                0x08001bb0                        . = ALIGN (0x4)
 *(.rodata)
 .rodata        0x08001bb0        0xf ./Src/a.o
 *(.rodata*)
                0x08001bc0                        . = ALIGN (0x4)
 *fill*         0x08001bbf        0x1 

.ARM.extab      0x08001bc0        0x0
                0x08001bc0                        . = ALIGN (0x4)
 *(.ARM.extab* .gnu.linkonce.armextab.*)
                0x08001bc0                        . = ALIGN (0x4)

.ARM            0x08001bc0        0x0
                0x08001bc0                        . = ALIGN (0x4)
                0x08001bc0                        __exidx_start = .
 *(.ARM.exidx*)
                0x08001bc0                        __exidx_end = .
                0x08001bc0                        . = ALIGN (0x4)

.preinit_array  0x08001bc0        0x0
                0x08001bc0                        . = ALIGN (0x4)
                0x08001bc0                        PROVIDE (__preinit_array_start = .)
 *(.preinit_array*)
                0x08001bc0                        PROVIDE (__preinit_array_end = .)
                0x08001bc0                        . = ALIGN (0x4)

.init_array     0x08001bc0        0x4
                0x08001bc0                        . = ALIGN (0x4)
                0x08001bc0                        PROVIDE (__init_array_start = .)
 *(SORT_BY_NAME(.init_array.*))
 *(.init_array*)
 .init_array    0x08001bc0        0x4 C:/ST/STM32CubeIDE_1.18.0/STM32CubeIDE/plugins/com.st.stm32cube.ide.mcu.externaltools.gnu-tools-for-stm32.13.3.rel1.win32_1.0.0.202411081344/tools/bin/../lib/gcc/arm-none-eabi/13.3.1/thumb/v7e-m+fp/hard/crtbegin.o
                0x08001bc4                        PROVIDE (__init_array_end = .)
                0x08001bc4                        . = ALIGN (0x4)

.fini_array     0x08001bc4        0x4
                0x08001bc4                        . = ALIGN (0x4)
                [!provide]                        PROVIDE (__fini_array_start = .)
 *(SORT_BY_NAME(.fini_array.*))
 *(.fini_array*)
 .fini_array    0x08001bc4        0x4 C:/ST/STM32CubeIDE_1.18.0/STM32CubeIDE/plugins/com.st.stm32cube.ide.mcu.externaltools.gnu-tools-for-stm32.13.3.rel1.win32_1.0.0.202411081344/tools/bin/../lib/gcc/arm-none-eabi/13.3.1/thumb/v7e-m+fp/hard/crtbegin.o
                [!provide]                        PROVIDE (__fini_array_end = .)
                0x08001bc8                        . = ALIGN (0x4)
                0x08001bc8                        _sidata = LOADADDR (.data)

.rel.dyn        0x08001bc8        0x0
 .rel.iplt      0x08001bc8        0x0 C:/ST/STM32CubeIDE_1.18.0/STM32CubeIDE/plugins/com.st.stm32cube.ide.mcu.externaltools.gnu-tools-for-stm32.13.3.rel1.win32_1.0.0.202411081344/tools/bin/../lib/gcc/arm-none-eabi/13.3.1/thumb/v7e-m+fp/hard/crtbegin.o

.data           0x20000000       0x18 load address 0x08001bc8
                0x20000000                        . = ALIGN (0x4)
                0x20000000                        _sdata = .
 *(.data)
 *(.data*)
 .data.flash_red
                0x20000000        0x1 ./Src/a.o
                0x20000000                flash_red
 .data.flash_green
                0x20000001        0x1 ./Src/a.o
                0x20000001                flash_green
 .data.flash_blue
                0x20000002        0x1 ./Src/a.o
                0x20000002                flash_blue
 .data.flash2_red
                0x20000003        0x1 ./Src/a.o
                0x20000003                flash2_red
 .data.flash2_green
                0x20000004        0x1 ./Src/a.o
                0x20000004                flash2_green
 .data.flash2_blue
                0x20000005        0x1 ./Src/a.o
                0x20000005                flash2_blue
 .data.flash3_red
                0x20000006        0x1 ./Src/a.o
                0x20000006                flash3_red
 .data.flash3_green
                0x20000007        0x1 ./Src/a.o
                0x20000007                flash3_green
 .data.flash3_blue
                0x20000008        0x1 ./Src/a.o
                0x20000008                flash3_blue
 .data.flash4_red
                0x20000009        0x1 ./Src/a.o
                0x20000009                flash4_red
 .data.flash4_green
                0x2000000a        0x1 ./Src/a.o
                0x2000000a                flash4_green
 .data.flash4_blue
                0x2000000b        0x1 ./Src/a.o
                0x2000000b                flash4_blue
 .data.circular_colors
                0x2000000c        0xc ./Src/a.o
                0x2000000c                circular_colors
 *(.RamFunc)
 *(.RamFunc*)
                0x20000018                        . = ALIGN (0x4)
                0x20000018                        _edata = .
                0x08001be0                        _siccmram = LOADADDR (.ccmram)

.igot.plt       0x20000018        0x0 load address 0x08001be0
 .igot.plt      0x20000018        0x0 C:/ST/STM32CubeIDE_1.18.0/STM32CubeIDE/plugins/com.st.stm32cube.ide.mcu.externaltools.gnu-tools-for-stm32.13.3.rel1.win32_1.0.0.202411081344/tools/bin/../lib/gcc/arm-none-eabi/13.3.1/thumb/v7e-m+fp/hard/crtbegin.o

.ccmram         0x10000000        0x0 load address 0x08001be0
                0x10000000                        . = ALIGN (0x4)
                0x10000000                        _sccmram = .
 *(.ccmram)
 *(.ccmram*)
                0x10000000                        . = ALIGN (0x4)
                0x10000000                        _eccmram = .
                0x10000000                        . = ALIGN (0x4)

.bss            0x20000018       0x54
                0x20000018                        _sbss = .
                0x20000018                        __bss_start__ = _sbss
 *(.bss)
 .bss           0x20000018       0x1c C:/ST/STM32CubeIDE_1.18.0/STM32CubeIDE/plugins/com.st.stm32cube.ide.mcu.externaltools.gnu-tools-for-stm32.13.3.rel1.win32_1.0.0.202411081344/tools/bin/../lib/gcc/arm-none-eabi/13.3.1/thumb/v7e-m+fp/hard/crtbegin.o
 *(.bss*)
 .bss.timer_callback
                0x20000034        0x4 ./Src/a.o
                0x20000034                timer_callback
 .bss.flash_timer_callback
                0x20000038        0x4 ./Src/a.o
                0x20000038                flash_timer_callback
 .bss.red_value
                0x2000003c        0x1 ./Src/a.o
                0x2000003c                red_value
 .bss.green_value
                0x2000003d        0x1 ./Src/a.o
                0x2000003d                green_value
 .bss.blue_value
                0x2000003e        0x1 ./Src/a.o
                0x2000003e                blue_value
 .bss.red2_value
                0x2000003f        0x1 ./Src/a.o
                0x2000003f                red2_value
 .bss.green2_value
                0x20000040        0x1 ./Src/a.o
                0x20000040                green2_value
 .bss.blue2_value
                0x20000041        0x1 ./Src/a.o
                0x20000041                blue2_value
 .bss.red3_value
                0x20000042        0x1 ./Src/a.o
                0x20000042                red3_value
 .bss.green3_value
                0x20000043        0x1 ./Src/a.o
                0x20000043                green3_value
 .bss.blue3_value
                0x20000044        0x1 ./Src/a.o
                0x20000044                blue3_value
 .bss.red4_value
                0x20000045        0x1 ./Src/a.o
                0x20000045                red4_value
 .bss.green4_value
                0x20000046        0x1 ./Src/a.o
                0x20000046                green4_value
 .bss.blue4_value
                0x20000047        0x1 ./Src/a.o
                0x20000047                blue4_value
 .bss.current_state
                0x20000048        0x1 ./Src/a.o
                0x20000048                current_state
 .bss.current_state2
                0x20000049        0x1 ./Src/a.o
                0x20000049                current_state2
 .bss.current_state3
                0x2000004a        0x1 ./Src/a.o
                0x2000004a                current_state3
 .bss.current_state4
                0x2000004b        0x1 ./Src/a.o
                0x2000004b                current_state4
 .bss.limit_switch_pressed
                0x2000004c        0x1 ./Src/a.o
                0x2000004c                limit_switch_pressed
 .bss.limit_switch2_pressed
                0x2000004d        0x1 ./Src/a.o
                0x2000004d                limit_switch2_pressed
 .bss.flash_state
                0x2000004e        0x1 ./Src/a.o
                0x2000004e                flash_state
 .bss.flash_active
                0x2000004f        0x1 ./Src/a.o
                0x2000004f                flash_active
 .bss.flash2_state
                0x20000050        0x1 ./Src/a.o
                0x20000050                flash2_state
 .bss.flash2_active
                0x20000051        0x1 ./Src/a.o
                0x20000051                flash2_active
 .bss.limit_switch3_pressed
                0x20000052        0x1 ./Src/a.o
                0x20000052                limit_switch3_pressed
 .bss.flash3_state
                0x20000053        0x1 ./Src/a.o
                0x20000053                flash3_state
 .bss.flash3_active
                0x20000054        0x1 ./Src/a.o
                0x20000054                flash3_active
 .bss.limit_switch4_pressed
                0x20000055        0x1 ./Src/a.o
                0x20000055                limit_switch4_pressed
 .bss.flash4_state
                0x20000056        0x1 ./Src/a.o
                0x20000056                flash4_state
 .bss.flash4_active
                0x20000057        0x1 ./Src/a.o
                0x20000057                flash4_active
 .bss.original_red
                0x20000058        0x1 ./Src/a.o
                0x20000058                original_red
 .bss.original_green
                0x20000059        0x1 ./Src/a.o
                0x20000059                original_green
 .bss.original_blue
                0x2000005a        0x1 ./Src/a.o
                0x2000005a                original_blue
 .bss.original_red2
                0x2000005b        0x1 ./Src/a.o
                0x2000005b                original_red2
 .bss.original_green2
                0x2000005c        0x1 ./Src/a.o
                0x2000005c                original_green2
 .bss.original_blue2
                0x2000005d        0x1 ./Src/a.o
                0x2000005d                original_blue2
 .bss.original_red3
                0x2000005e        0x1 ./Src/a.o
                0x2000005e                original_red3
 .bss.original_green3
                0x2000005f        0x1 ./Src/a.o
                0x2000005f                original_green3
 .bss.original_blue3
                0x20000060        0x1 ./Src/a.o
                0x20000060                original_blue3
 .bss.original_red4
                0x20000061        0x1 ./Src/a.o
                0x20000061                original_red4
 .bss.original_green4
                0x20000062        0x1 ./Src/a.o
                0x20000062                original_green4
 .bss.original_blue4
                0x20000063        0x1 ./Src/a.o
                0x20000063                original_blue4
 .bss.circular_flash_active
                0x20000064        0x1 ./Src/a.o
                0x20000064                circular_flash_active
 .bss.circular_flash_step
                0x20000065        0x1 ./Src/a.o
                0x20000065                circular_flash_step
 .bss.circular_flash_state
                0x20000066        0x1 ./Src/a.o
                0x20000066                circular_flash_state
 .bss.yellow_rotation_counter
                0x20000067        0x1 ./Src/a.o
                0x20000067                yellow_rotation_counter
 .bss.current_yellow_led
                0x20000068        0x1 ./Src/a.o
                0x20000068                current_yellow_led
 *(COMMON)
                0x2000006c                        . = ALIGN (0x4)
 *fill*         0x20000069        0x3 
                0x2000006c                        _ebss = .
                0x2000006c                        __bss_end__ = _ebss

._user_heap_stack
                0x2000006c      0x604
                0x20000070                        . = ALIGN (0x8)
 *fill*         0x2000006c        0x4 
                [!provide]                        PROVIDE (end = .)
                0x20000070                        PROVIDE (_end = .)
                0x20000270                        . = (. + _Min_Heap_Size)
 *fill*         0x20000070      0x200 
                0x20000670                        . = (. + _Min_Stack_Size)
 *fill*         0x20000270      0x400 
                0x20000670                        . = ALIGN (0x8)

/DISCARD/
 libc.a(*)
 libm.a(*)
 libgcc.a(*)

.ARM.attributes
                0x00000000       0x30
 *(.ARM.attributes)
 .ARM.attributes
                0x00000000       0x22 C:/ST/STM32CubeIDE_1.18.0/STM32CubeIDE/plugins/com.st.stm32cube.ide.mcu.externaltools.gnu-tools-for-stm32.13.3.rel1.win32_1.0.0.202411081344/tools/bin/../lib/gcc/arm-none-eabi/13.3.1/thumb/v7e-m+fp/hard/crti.o
 .ARM.attributes
                0x00000022       0x34 C:/ST/STM32CubeIDE_1.18.0/STM32CubeIDE/plugins/com.st.stm32cube.ide.mcu.externaltools.gnu-tools-for-stm32.13.3.rel1.win32_1.0.0.202411081344/tools/bin/../lib/gcc/arm-none-eabi/13.3.1/thumb/v7e-m+fp/hard/crtbegin.o
 .ARM.attributes
                0x00000056       0x34 ./Src/a.o
 .ARM.attributes
                0x0000008a       0x34 ./Src/main.o
 .ARM.attributes
                0x000000be       0x21 ./Startup/startup_stm32f303vctx.o
 .ARM.attributes
                0x000000df       0x34 C:/ST/STM32CubeIDE_1.18.0/STM32CubeIDE/plugins/com.st.stm32cube.ide.mcu.externaltools.gnu-tools-for-stm32.13.3.rel1.win32_1.0.0.202411081344/tools/bin/../lib/gcc/arm-none-eabi/13.3.1/../../../../arm-none-eabi/lib/thumb/v7e-m+fp/hard\libc_nano.a(libc_a-init.o)
 .ARM.attributes
                0x00000113       0x22 C:/ST/STM32CubeIDE_1.18.0/STM32CubeIDE/plugins/com.st.stm32cube.ide.mcu.externaltools.gnu-tools-for-stm32.13.3.rel1.win32_1.0.0.202411081344/tools/bin/../lib/gcc/arm-none-eabi/13.3.1/thumb/v7e-m+fp/hard/crtn.o
OUTPUT(finalproject.elf elf32-littlearm)
LOAD linker stubs
LOAD C:/ST/STM32CubeIDE_1.18.0/STM32CubeIDE/plugins/com.st.stm32cube.ide.mcu.externaltools.gnu-tools-for-stm32.13.3.rel1.win32_1.0.0.202411081344/tools/bin/../lib/gcc/arm-none-eabi/13.3.1/../../../../arm-none-eabi/lib/thumb/v7e-m+fp/hard\libc.a
LOAD C:/ST/STM32CubeIDE_1.18.0/STM32CubeIDE/plugins/com.st.stm32cube.ide.mcu.externaltools.gnu-tools-for-stm32.13.3.rel1.win32_1.0.0.202411081344/tools/bin/../lib/gcc/arm-none-eabi/13.3.1/../../../../arm-none-eabi/lib/thumb/v7e-m+fp/hard\libm.a
LOAD C:/ST/STM32CubeIDE_1.18.0/STM32CubeIDE/plugins/com.st.stm32cube.ide.mcu.externaltools.gnu-tools-for-stm32.13.3.rel1.win32_1.0.0.202411081344/tools/bin/../lib/gcc/arm-none-eabi/13.3.1/thumb/v7e-m+fp/hard\libgcc.a

.debug_info     0x00000000     0x167c
 .debug_info    0x00000000     0x1569 ./Src/a.o
 .debug_info    0x00001569       0xe3 ./Src/main.o
 .debug_info    0x0000164c       0x30 ./Startup/startup_stm32f303vctx.o

.debug_abbrev   0x00000000      0x33d
 .debug_abbrev  0x00000000      0x282 ./Src/a.o
 .debug_abbrev  0x00000282       0x97 ./Src/main.o
 .debug_abbrev  0x00000319       0x24 ./Startup/startup_stm32f303vctx.o

.debug_aranges  0x00000000      0x200
 .debug_aranges
                0x00000000      0x1b8 ./Src/a.o
 .debug_aranges
                0x000001b8       0x20 ./Src/main.o
 .debug_aranges
                0x000001d8       0x28 ./Startup/startup_stm32f303vctx.o

.debug_rnglists
                0x00000000      0x1ad
 .debug_rnglists
                0x00000000      0x181 ./Src/a.o
 .debug_rnglists
                0x00000181       0x13 ./Src/main.o
 .debug_rnglists
                0x00000194       0x19 ./Startup/startup_stm32f303vctx.o

.debug_macro    0x00000000    0x15de7
 .debug_macro   0x00000000      0x2f5 ./Src/a.o
 .debug_macro   0x000002f5      0xae4 ./Src/a.o
 .debug_macro   0x00000dd9       0x22 ./Src/a.o
 .debug_macro   0x00000dfb       0x22 ./Src/a.o
 .debug_macro   0x00000e1d       0x8e ./Src/a.o
 .debug_macro   0x00000eab       0x51 ./Src/a.o
 .debug_macro   0x00000efc      0x103 ./Src/a.o
 .debug_macro   0x00000fff       0x6a ./Src/a.o
 .debug_macro   0x00001069      0x1df ./Src/a.o
 .debug_macro   0x00001248       0x22 ./Src/a.o
 .debug_macro   0x0000126a      0x190 ./Src/a.o
 .debug_macro   0x000013fa       0x28 ./Src/a.o
 .debug_macro   0x00001422       0x1c ./Src/a.o
 .debug_macro   0x0000143e       0x22 ./Src/a.o
 .debug_macro   0x00001460       0xd9 ./Src/a.o
 .debug_macro   0x00001539     0x102d ./Src/a.o
 .debug_macro   0x00002566      0x11f ./Src/a.o
 .debug_macro   0x00002685    0x12a3a ./Src/a.o
 .debug_macro   0x000150bf       0x2a ./Src/a.o
 .debug_macro   0x000150e9       0x61 ./Src/a.o
 .debug_macro   0x0001514a       0x43 ./Src/a.o
 .debug_macro   0x0001518d       0x34 ./Src/a.o
 .debug_macro   0x000151c1       0x16 ./Src/a.o
 .debug_macro   0x000151d7       0x3c ./Src/a.o
 .debug_macro   0x00015213      0x370 ./Src/a.o
 .debug_macro   0x00015583       0x16 ./Src/a.o
 .debug_macro   0x00015599       0x4a ./Src/a.o
 .debug_macro   0x000155e3       0x34 ./Src/a.o
 .debug_macro   0x00015617       0x10 ./Src/a.o
 .debug_macro   0x00015627       0x58 ./Src/a.o
 .debug_macro   0x0001567f       0x8e ./Src/a.o
 .debug_macro   0x0001570d       0x1c ./Src/a.o
 .debug_macro   0x00015729      0x185 ./Src/a.o
 .debug_macro   0x000158ae       0x16 ./Src/a.o
 .debug_macro   0x000158c4       0x29 ./Src/a.o
 .debug_macro   0x000158ed       0x16 ./Src/a.o
 .debug_macro   0x00015903       0x10 ./Src/a.o
 .debug_macro   0x00015913       0x10 ./Src/a.o
 .debug_macro   0x00015923       0x10 ./Src/a.o
 .debug_macro   0x00015933       0x1c ./Src/a.o
 .debug_macro   0x0001594f       0x52 ./Src/a.o
 .debug_macro   0x000159a1       0x22 ./Src/a.o
 .debug_macro   0x000159c3       0x10 ./Src/a.o
 .debug_macro   0x000159d3       0x52 ./Src/a.o
 .debug_macro   0x00015a25       0xcf ./Src/a.o
 .debug_macro   0x00015af4       0x1c ./Src/a.o
 .debug_macro   0x00015b10       0x3d ./Src/a.o
 .debug_macro   0x00015b4d       0x35 ./Src/a.o
 .debug_macro   0x00015b82      0x265 ./Src/main.o

.debug_line     0x00000000     0x1ca7
 .debug_line    0x00000000     0x1572 ./Src/a.o
 .debug_line    0x00001572      0x6ba ./Src/main.o
 .debug_line    0x00001c2c       0x7b ./Startup/startup_stm32f303vctx.o

.debug_str      0x00000000    0x76fc5
 .debug_str     0x00000000    0x76fc5 ./Src/a.o
                              0x77353 (size before relaxing)
 .debug_str     0x00076fc5    0x763ed ./Src/main.o
 .debug_str     0x00076fc5       0x84 ./Startup/startup_stm32f303vctx.o

.comment        0x00000000       0x43
 .comment       0x00000000       0x43 ./Src/a.o
                                 0x44 (size before relaxing)
 .comment       0x00000043       0x44 ./Src/main.o

.debug_frame    0x00000000      0x710
 .debug_frame   0x00000000      0x6b8 ./Src/a.o
 .debug_frame   0x000006b8       0x2c ./Src/main.o
 .debug_frame   0x000006e4       0x2c C:/ST/STM32CubeIDE_1.18.0/STM32CubeIDE/plugins/com.st.stm32cube.ide.mcu.externaltools.gnu-tools-for-stm32.13.3.rel1.win32_1.0.0.202411081344/tools/bin/../lib/gcc/arm-none-eabi/13.3.1/../../../../arm-none-eabi/lib/thumb/v7e-m+fp/hard\libc_nano.a(libc_a-init.o)

.debug_line_str
                0x00000000       0x68
 .debug_line_str
                0x00000000       0x68 ./Startup/startup_stm32f303vctx.o
